<html>
<body>
<pre>
<h1>µVision Build Log</h1>
<h2>Tool Versions:</h2>
IDE-Version: µVision V5.29.0.0
Copyright (C) 2019 ARM Ltd and ARM Germany GmbH. All rights reserved.
License Information: no_first_name no_last_name, no_company, LIC=MGXJJ-U3ZC5-BXPUY-I5TUQ-BXKRI-F5U55
 
Tool Versions:
Toolchain:       MDK-ARM Professional  Version: 5.29.0.0
Toolchain Path:  C:\Keil\ARM\ARMCLANG\Bin
C Compiler:      ArmClang.exe V6.13.1
Assembler:       Armasm.exe V6.13.1
Linker/Locator:  ArmLink.exe V6.13.1
Library Manager: ArmAr.exe V6.13.1
Hex Converter:   FromElf.exe V6.13.1
CPU DLL:         SARMCM3.DLL V5.29.0.0
Dialog DLL:      DCM.DLL V1.17.3.0
Target DLL:      Segger\JL2CM3.dll V2.99.36.0
Dialog DLL:      TCM.DLL V1.36.5.0
 
<h2>Project:</h2>
F:\OtvoreniProjekti\HotelUlm\fw\ULM_RC1\HCBL\Project\HCBL_RC1.uvprojx
Project File Date:  01/18/2020

<h2>Output:</h2>
*** Using Compiler 'V6.13.1', folder: 'C:\Keil\ARM\ARMCLANG\Bin'
Rebuild target 'HCBL_RC1'
assembling startup_stm32f429_439xx.s...
compiling stm32f4xx_dbgmcu.c...
compiling misc.c...
compiling stm32f4xx_exti.c...
compiling stm32f4xx_crc.c...
compiling system_stm32f4xx.c...
compiling stm32f4xx_cryp.c...
compiling stm32f4xx_flash.c...
compiling stm32f4xx_gpio.c...
compiling stm32f4xx_syscfg.c...
compiling stm32f4xx_pwr.c...
compiling stm32f4xx_dma.c...
compiling stm32f4xx_rcc.c...
compiling stm32f4xx_usart.c...
compiling stm32f4xx_sdio.c...
compiling stm32f4xx_spi.c...
compiling stm32f4xx_tim.c...
compiling stm32f4xx_iwdg.c...
compiling stm32f4xx_i2c.c...
compiling stm32f4xx_dma2d.c...
compiling stm32f4xx_ltdc.c...
compiling stm32f4xx_adc.c...
compiling stm32f4xx_fmc.c...
compiling stm32f4xx_rtc.c...
compiling sdio_sd.c...
compiling dio.c...
compiling stm32f429i_sdram.c...
compiling rtc.c...
compiling i2c_eeprom.c...
compiling fatfs_drv.c...
compiling stm32f429i_lcd.c...
compiling stm32f4xx_it.c...
compiling flash_if.c...
compiling main.c...
compiling command.c...
compiling ff.c...
linking...
Program Size: Code=16868 RO-data=5408 RW-data=60 ZI-data=3932  
FromELF: creating hex file...
After Build - User command #1: Run\hcbl.bat
".\Exe\hcbl.axf" - 0 Error(s), 0 Warning(s).

<h2>Software Packages used:</h2>

Package Vendor: ARM
                http://www.keil.com/pack/ARM.CMSIS.5.6.0.pack
                ARM.CMSIS.5.6.0
                CMSIS (Cortex Microcontroller Software Interface Standard)
   * Component: CORE Version: 5.3.0

Package Vendor: Keil
                http://www.keil.com/pack/Keil.STM32F4xx_DFP.2.14.0.pack
                Keil.STM32F4xx_DFP.2.14.0
                STMicroelectronics STM32F4 Series Device Support, Drivers and Examples

<h2>Collection of Component include folders:</h2>
  .\RTE\_HCBL_RC1
  H:\Keil\Pack\ARM\CMSIS\5.6.0\CMSIS\Core\Include
  H:\Keil\Pack\Keil\STM32F4xx_DFP\2.14.0\Drivers\CMSIS\Device\ST\STM32F4xx\Include

<h2>Collection of Component Files used:</h2>

   * Component: ARM::CMSIS:CORE:5.3.0
Build Time Elapsed:  00:00:05
</pre>
</body>
</html>
