<html>
<body>
<pre>
<h1>µVision Build Log</h1>
<h2>Tool Versions:</h2>
IDE-Version: µVision V5.29.0.0
Copyright (C) 2019 ARM Ltd and ARM Germany GmbH. All rights reserved.
License Information: no_first_name no_last_name, no_company, LIC=MGXJJ-U3ZC5-BXPUY-I5TUQ-BXKRI-F5U55
 
Tool Versions:
Toolchain:       MDK-ARM Professional  Version: 5.29.0.0
Toolchain Path:  C:\Keil\ARM\ARMCC\Bin
C Compiler:      Armcc.exe V5.06 update 6 (build 750)
Assembler:       Armasm.exe V5.06 update 6 (build 750)
Linker/Locator:  ArmLink.exe V5.06 update 6 (build 750)
Library Manager: ArmAr.exe V5.06 update 6 (build 750)
Hex Converter:   FromElf.exe V5.06 update 6 (build 750)
CPU DLL:         SARMCM3.DLL V5.29.0.0
Dialog DLL:      DCM.DLL V1.17.3.0
Target DLL:      STLink\ST-LINKIII-KEIL_SWO.dll V3.0.7.0
Dialog DLL:      TCM.DLL V1.36.5.0
 
<h2>Project:</h2>
F:\OtvoreniProjekti\HotelUlm\fw\ULM_RC1\ICBL\MDK-ARM\ICBL_RC1.uvprojx
Project File Date:  01/26/2020

<h2>Output:</h2>
*** Using Compiler 'V5.06 update 6 (build 750)', folder: 'C:\Keil\ARM\ARMCC\Bin'
Rebuild target 'ICBL_RC1'
Before Build - User command #1: Run\fwbuild.bat
F:\OtvoreniProjekti\HotelUlm\fw\ULM_RC1\ICBL\MDK-ARM>for /F "tokens=1,2,3,4 delims=/ " %a in ("ned 26. 01. 2020.") do set wday=%a  & set day=%b  & set month=%c  & set year=%d 
F:\OtvoreniProjekti\HotelUlm\fw\ULM_RC1\ICBL\MDK-ARM>set wday=ned  & set day=26.  & set month=01.  & set year=2020. 
F:\OtvoreniProjekti\HotelUlm\fw\ULM_RC1\ICBL\MDK-ARM>for /F "tokens=1,2,3 delims=:" %a in ("20:31:57,76") do set hour=%a  & set minute=%b  & set seconds=%c 
F:\OtvoreniProjekti\HotelUlm\fw\ULM_RC1\ICBL\MDK-ARM>set hour=20  & set minute=31  & set seconds=57,76 
F:\OtvoreniProjekti\HotelUlm\fw\ULM_RC1\ICBL\MDK-ARM>(
echo #define FW_DATE                                	0x00200126  
 echo #define FW_TIME                        			0x00203157  
) 1>"..\..\Common\fwbuild.h" 
F:\OtvoreniProjekti\HotelUlm\fw\ULM_RC1\ICBL\MDK-ARM>cscript ..\..\Common\fwbuild.vbs 
Microsoft (R) Windows Script Host Version 5.812
Copyright (C) Microsoft Corporation. All rights reserved.
F:\OtvoreniProjekti\HotelUlm\fw\ULM_RC1\ICBL\MDK-ARM>..\..\Common\incbild.exe "..\..\Common\common.h" 
compiling stm32f7xx_hal_flash_ex.c...
compiling stm32f7xx_hal_cortex.c...
compiling stm32f7xx_hal_dma.c...
compiling stm32f7xx_hal_flash.c...
compiling stm32f7xx_hal.c...
compiling stm32f7xx_hal_gpio.c...
compiling system_stm32f7xx.c...
compiling stm32746g_qspi.c...
compiling stm32f7xx_hal_pwr.c...
compiling stm32f7xx_hal_pwr_ex.c...
compiling stm32f7xx_hal_crc.c...
assembling startup_stm32f746xx.s...
compiling stm32f7xx_hal_sdram.c...
compiling stm32f7xx_hal_qspi.c...
compiling stm32f7xx_hal_crc_ex.c...
compiling stm32f7xx_hal_rcc_ex.c...
compiling stm32f7xx_hal_rcc.c...
compiling main.c...
../Src/main.c(106): warning:  #111-D: statement is unreachable
      DelayMs(10000U); // slow down loop to prevent exscessive flash erase/write cycles
../Src/main.c: 1 warning, 0 errors
compiling stm32f7xx_hal_iwdg.c...
compiling common.c...
compiling stm32f7xx_it.c...
linking...
Program Size: Code=13072 RO-data=536 RW-data=20 ZI-data=8684  
FromELF: creating hex file...
After Build - User command #1: Run\icbl.bat
F:\OtvoreniProjekti\HotelUlm\fw\ULM_RC1\ICBL\MDK-ARM>ECHO OFF 
".\Exe\icbl.axf" - 0 Error(s), 1 Warning(s).

<h2>Software Packages used:</h2>

Package Vendor: ARM
                http://www.keil.com/pack/ARM.CMSIS.5.6.0.pack
                ARM.CMSIS.5.6.0
                CMSIS (Cortex Microcontroller Software Interface Standard)
   * Component: CORE Version: 5.3.0

Package Vendor: Keil
                https://www.keil.com/pack/Keil.STM32F7xx_DFP.2.12.0.pack
                Keil.STM32F7xx_DFP.2.12.0
                STMicroelectronics STM32F7 Series Device Support, Drivers and Examples

<h2>Collection of Component include folders:</h2>
  .\RTE\_ICBL_RC1
  H:\Keil\Pack\ARM\CMSIS\5.6.0\CMSIS\Core\Include
  H:\Keil\Pack\Keil\STM32F7xx_DFP\2.12.0\Drivers\CMSIS\Device\ST\STM32F7xx\Include

<h2>Collection of Component Files used:</h2>

   * Component: ARM::CMSIS:CORE:5.3.0
Build Time Elapsed:  00:00:27
</pre>
</body>
</html>
