<html>
<body>
<pre>
<h1>µVision Build Log</h1>
<h2>Tool Versions:</h2>
IDE-Version: µVision V5.29.0.0
Copyright (C) 2019 ARM Ltd and ARM Germany GmbH. All rights reserved.
License Information: no_name no_last_name, no_company, LIC=V8545-GUFZ7-MQ60F-6F0NE-8VHYW-G5126
 
Tool Versions:
Toolchain:       MDK-ARM Professional  Version: 5.29.0.0
Toolchain Path:  C:\Keil\ARM\ARMCLANG\Bin
C Compiler:      ArmClang.exe V6.13.1
Assembler:       Armasm.exe V6.13.1
Linker/Locator:  ArmLink.exe V6.13.1
Library Manager: ArmAr.exe V6.13.1
Hex Converter:   FromElf.exe V6.13.1
CPU DLL:         SARMCM3.DLL V5.29.0.0
Dialog DLL:      DCM.DLL V1.17.3.0
Target DLL:      Segger\JL2CM3.dll V2.99.36.0
Dialog DLL:      TCM.DLL V1.36.5.0
 
<h2>Project:</h2>
F:\ProjektiOtvoreni\HotelUlm\fw\ULM_RC1\HC\MDK-ARM\HC_RC1.uvprojx
Project File Date:  01/18/2020

<h2>Output:</h2>
*** Using Compiler 'V6.13.1', folder: 'C:\Keil\ARM\ARMCLANG\Bin'
Rebuild target 'HC_RC1'
Before Build - User command #1: Run\fwbuild.bat
F:\ProjektiOtvoreni\HotelUlm\fw\ULM_RC1\HC\MDK-ARM>for /F "tokens=1,2,3,4 delims=/ " %a in ("ned 09. 02. 2020.") do set wday=%a  & set day=%b  & set month=%c  & set year=%d 
F:\ProjektiOtvoreni\HotelUlm\fw\ULM_RC1\HC\MDK-ARM>set wday=ned  & set day=09.  & set month=02.  & set year=2020. 
F:\ProjektiOtvoreni\HotelUlm\fw\ULM_RC1\HC\MDK-ARM>for /F "tokens=1,2,3 delims=:" %a in ("12:21:07,72") do set hour=%a  & set minute=%b  & set seconds=%c 
F:\ProjektiOtvoreni\HotelUlm\fw\ULM_RC1\HC\MDK-ARM>set hour=12  & set minute=21  & set seconds=07,72 
F:\ProjektiOtvoreni\HotelUlm\fw\ULM_RC1\HC\MDK-ARM>(
echo #define FW_DATE                                	0x00200209  
 echo #define FW_TIME                        			0x00122107  
) 1>"..\..\Common\fwbuild.h" 
F:\ProjektiOtvoreni\HotelUlm\fw\ULM_RC1\HC\MDK-ARM>cscript ..\..\Common\fwbuild.vbs 
'cscript' is not recognized as an internal or external command,
operable program or batch file.
F:\ProjektiOtvoreni\HotelUlm\fw\ULM_RC1\HC\MDK-ARM>..\..\Common\incbild.exe "..\..\Common\common.h" 
assembling startup_stm32f429_439xx.s...
compiling stm32f4xx_crc.c...
compiling system_stm32f4xx.c...
compiling stm32f4xx_exti.c...
compiling misc.c...
compiling stm32f4xx_dbgmcu.c...
compiling stm32f4xx_flash.c...
compiling stm32f4xx_cryp.c...
compiling stm32f4xx_gpio.c...
compiling stm32f4xx_pwr.c...
compiling stm32f4xx_syscfg.c...
compiling stm32f4xx_dma.c...
compiling stm32f4xx_rcc.c...
compiling stm32f4xx_usart.c...
compiling stm32f4xx_tim.c...
compiling stm32f4xx_sdio.c...
compiling stm32f4xx_spi.c...
compiling stm32f4xx_dma2d.c...
compiling stm32f4xx_fmc.c...
compiling stm32f4xx_ltdc.c...
compiling stm32f4xx_adc.c...
compiling stm32f4xx_i2c.c...
compiling stm32f4xx_iwdg.c...
compiling stm32f4xx_dcmi.c...
compiling stm32f4xx_rtc.c...
compiling GUI_X_Touch.c...
compiling GUIConf.c...
compiling api_lib.c...
compiling err.c...
compiling api_msg.c...
compiling GUI_X.c...
compiling GUIDRV_stm32f429i.c...
compiling netbuf.c...
compiling netifapi.c...
compiling netdb.c...
compiling tcpip.c...
compiling sockets.c...
compiling dhcp.c...
compiling def.c...
compiling dns.c...
compiling init.c...
compiling memp.c...
compiling mem.c...
compiling sys.c...
compiling stats.c...
compiling netif.c...
compiling raw.c...
compiling pbuf.c...
compiling slipif.c...
compiling timers.c...
compiling autoip.c...
compiling tcp.c...
compiling udp.c...
compiling etharp.c...
compiling tcp_in.c...
compiling tcp_out.c...
compiling icmp.c...
compiling igmp.c...
compiling inet.c...
compiling inet_chksum.c...
compiling ip.c...
compiling ip_addr.c...
compiling ethernetif.c...
compiling delay.c...
compiling ip_frag.c...
compiling rtc.c...
compiling buzzer.c...
compiling stm32f429i_sdram.c...
compiling stm32f429i_lcd.c...
compiling gpio.c...
compiling uart.c...
compiling spi_flash.c...
compiling sdio_sd.c...
compiling fs5206.c...
compiling netbios.c...
compiling netconf.c...
compiling tftputils.c...
compiling fatfs_drv.c...
compiling i2cee.c...
compiling sys_arch.c...
compiling tftpserver.c...
compiling fs.c...
compiling usd_ok.c...
compiling eth_bsp.c...
compiling usd_error.c...
compiling httpd.c...
compiling net_error.c...
compiling stm32f4x7_eth.c...
compiling net_connected.c...
compiling httpd_cgi_ssi.c...
compiling display.c...
compiling stm32f4xx_it.c...
compiling wiegand.c...
compiling common.c...
compiling main.c...
compiling ff.c...
compiling hotel_ctrl.c...
linking...
Program Size: Code=173928 RO-data=100560 RW-data=2099108 ZI-data=184564  
FromELF: creating hex file...
After Build - User command #1: Run\hc.bat
".\Exe\hc.axf" - 0 Error(s), 0 Warning(s).

<h2>Software Packages used:</h2>

Package Vendor: ARM
                http://www.keil.com/pack/ARM.CMSIS.5.6.0.pack
                ARM.CMSIS.5.6.0
                CMSIS (Cortex Microcontroller Software Interface Standard)
   * Component: CORE Version: 5.3.0

Package Vendor: Keil
                http://www.keil.com/pack/Keil.STM32F4xx_DFP.2.14.0.pack
                Keil.STM32F4xx_DFP.2.14.0
                STMicroelectronics STM32F4 Series Device Support, Drivers and Examples

<h2>Collection of Component include folders:</h2>
  .\RTE\_HC_RC1
  F:\Repository\Packs\ARM\CMSIS\5.6.0\CMSIS\Core\Include
  F:\Repository\Packs\Keil\STM32F4xx_DFP\2.14.0\Drivers\CMSIS\Device\ST\STM32F4xx\Include

<h2>Collection of Component Files used:</h2>

   * Component: ARM::CMSIS:CORE:5.3.0
Build Time Elapsed:  00:00:13
</pre>
</body>
</html>
