common.c:84:6:DelayMs	24	static
common.c:114:9:Bcd2Dec	0	static
common.c:123:9:Dec2Bcd	8	static
common.c:141:6:CharToBinStr	24	static
common.c:158:10:GetSize	0	static
common.c:171:10:BaseToPower	8	static
common.c:183:9:CalcCRC	8	static
common.c:202:12:Str2Int	16	static
common.c:233:6:Int2Str	64	static
common.c:297:6:Str2Hex	32	static
common.c:332:6:Hex2Str	24	static
common.c:365:6:mem_cpy	8	static
common.c:385:6:mem_set	0	static
common.c:401:9:mem_cmp	12	static
common.c:422:9:chk_chr	0	static
common.c:436:6:mem_copy	8	static
common.c:450:5:mem_comp	12	static
common.c:465:6:mem_zero	0	static
common.c:479:6:ResetFwInfo	0	static
common.c:492:9:GetFwInfo	32	static
common.c:532:9:ValidateFwInfo	8	static
common.c:565:9:IsNewFwUpdate	0	static
common.c:577:10:rtc2unix	32	static
