Archive member included to satisfy reference by file (symbol)

c:/st/stm32cubeide_1.1.0/stm32cubeide/plugins/com.st.stm32cube.ide.mcu.externaltools.gnu-tools-for-stm32.7-2018-q2-update.win32_1.0.0.201904181610/tools/bin/../lib/gcc/arm-none-eabi/7.3.1/../../../../arm-none-eabi/lib/thumb/v6-m\libc_nano.a(lib_a-errno.o)
                              Core/Src/syscalls.o (__errno)
c:/st/stm32cubeide_1.1.0/stm32cubeide/plugins/com.st.stm32cube.ide.mcu.externaltools.gnu-tools-for-stm32.7-2018-q2-update.win32_1.0.0.201904181610/tools/bin/../lib/gcc/arm-none-eabi/7.3.1/../../../../arm-none-eabi/lib/thumb/v6-m\libc_nano.a(lib_a-exit.o)
                              c:/st/stm32cubeide_1.1.0/stm32cubeide/plugins/com.st.stm32cube.ide.mcu.externaltools.gnu-tools-for-stm32.7-2018-q2-update.win32_1.0.0.201904181610/tools/bin/../lib/gcc/arm-none-eabi/7.3.1/../../../../arm-none-eabi/lib/thumb/v6-m/crt0.o (exit)
c:/st/stm32cubeide_1.1.0/stm32cubeide/plugins/com.st.stm32cube.ide.mcu.externaltools.gnu-tools-for-stm32.7-2018-q2-update.win32_1.0.0.201904181610/tools/bin/../lib/gcc/arm-none-eabi/7.3.1/../../../../arm-none-eabi/lib/thumb/v6-m\libc_nano.a(lib_a-impure.o)
                              c:/st/stm32cubeide_1.1.0/stm32cubeide/plugins/com.st.stm32cube.ide.mcu.externaltools.gnu-tools-for-stm32.7-2018-q2-update.win32_1.0.0.201904181610/tools/bin/../lib/gcc/arm-none-eabi/7.3.1/../../../../arm-none-eabi/lib/thumb/v6-m\libc_nano.a(lib_a-exit.o) (_global_impure_ptr)
c:/st/stm32cubeide_1.1.0/stm32cubeide/plugins/com.st.stm32cube.ide.mcu.externaltools.gnu-tools-for-stm32.7-2018-q2-update.win32_1.0.0.201904181610/tools/bin/../lib/gcc/arm-none-eabi/7.3.1/../../../../arm-none-eabi/lib/thumb/v6-m\libc_nano.a(lib_a-init.o)
                              c:/st/stm32cubeide_1.1.0/stm32cubeide/plugins/com.st.stm32cube.ide.mcu.externaltools.gnu-tools-for-stm32.7-2018-q2-update.win32_1.0.0.201904181610/tools/bin/../lib/gcc/arm-none-eabi/7.3.1/../../../../arm-none-eabi/lib/thumb/v6-m/crt0.o (__libc_init_array)
c:/st/stm32cubeide_1.1.0/stm32cubeide/plugins/com.st.stm32cube.ide.mcu.externaltools.gnu-tools-for-stm32.7-2018-q2-update.win32_1.0.0.201904181610/tools/bin/../lib/gcc/arm-none-eabi/7.3.1/../../../../arm-none-eabi/lib/thumb/v6-m\libc_nano.a(lib_a-memcpy-stub.o)
                              Drivers/STM32F0xx_HAL_Driver/Src/stm32f0xx_hal_rcc.o (memcpy)
c:/st/stm32cubeide_1.1.0/stm32cubeide/plugins/com.st.stm32cube.ide.mcu.externaltools.gnu-tools-for-stm32.7-2018-q2-update.win32_1.0.0.201904181610/tools/bin/../lib/gcc/arm-none-eabi/7.3.1/../../../../arm-none-eabi/lib/thumb/v6-m\libc_nano.a(lib_a-memset.o)
                              c:/st/stm32cubeide_1.1.0/stm32cubeide/plugins/com.st.stm32cube.ide.mcu.externaltools.gnu-tools-for-stm32.7-2018-q2-update.win32_1.0.0.201904181610/tools/bin/../lib/gcc/arm-none-eabi/7.3.1/../../../../arm-none-eabi/lib/thumb/v6-m/crt0.o (memset)
c:/st/stm32cubeide_1.1.0/stm32cubeide/plugins/com.st.stm32cube.ide.mcu.externaltools.gnu-tools-for-stm32.7-2018-q2-update.win32_1.0.0.201904181610/tools/bin/../lib/gcc/arm-none-eabi/7.3.1/thumb/v6-m\libgcc.a(_thumb1_case_uqi.o)
                              Core/Src/owire.o (__gnu_thumb1_case_uqi)
c:/st/stm32cubeide_1.1.0/stm32cubeide/plugins/com.st.stm32cube.ide.mcu.externaltools.gnu-tools-for-stm32.7-2018-q2-update.win32_1.0.0.201904181610/tools/bin/../lib/gcc/arm-none-eabi/7.3.1/thumb/v6-m\libgcc.a(_udivsi3.o)
                              Common/common.o (__aeabi_uidiv)
c:/st/stm32cubeide_1.1.0/stm32cubeide/plugins/com.st.stm32cube.ide.mcu.externaltools.gnu-tools-for-stm32.7-2018-q2-update.win32_1.0.0.201904181610/tools/bin/../lib/gcc/arm-none-eabi/7.3.1/thumb/v6-m\libgcc.a(_divsi3.o)
                              Core/Src/system_stm32f0xx.o (__aeabi_idiv)
c:/st/stm32cubeide_1.1.0/stm32cubeide/plugins/com.st.stm32cube.ide.mcu.externaltools.gnu-tools-for-stm32.7-2018-q2-update.win32_1.0.0.201904181610/tools/bin/../lib/gcc/arm-none-eabi/7.3.1/thumb/v6-m\libgcc.a(_dvmd_tls.o)
                              c:/st/stm32cubeide_1.1.0/stm32cubeide/plugins/com.st.stm32cube.ide.mcu.externaltools.gnu-tools-for-stm32.7-2018-q2-update.win32_1.0.0.201904181610/tools/bin/../lib/gcc/arm-none-eabi/7.3.1/thumb/v6-m\libgcc.a(_udivsi3.o) (__aeabi_idiv0)
c:/st/stm32cubeide_1.1.0/stm32cubeide/plugins/com.st.stm32cube.ide.mcu.externaltools.gnu-tools-for-stm32.7-2018-q2-update.win32_1.0.0.201904181610/tools/bin/../lib/gcc/arm-none-eabi/7.3.1/thumb/v6-m\libgcc.a(_lshrdi3.o)
                              Drivers/STM32F0xx_HAL_Driver/Src/stm32f0xx_hal_flash.o (__aeabi_llsr)

Allocating common symbols
Common symbol       size              file

ow_bps              0x1               Core/Src/owire.o
ow_txtmr            0x4               Core/Src/owire.o
card_id             0x5               Core/Src/rc522.o
sector_0            0x40              Core/Src/rc522.o
hcrc                0x1c              Core/Src/main.o
rc522_tx_buff       0x10              Core/Src/rc522.o
[...]
Memory Configuration

Name             Origin             Length             Attributes
RAM              0x0000000020000000 0x0000000000001000 xrw
FLASH            0x0000000008000000 0x0000000000004000 xr
*default*        0x0000000000000000 0xffffffffffffffff

Linker script and memory map

LOAD c:/st/stm32cubeide_1.1.0/stm32cubeide/plugins/com.st.stm32cube.ide.mcu.externaltools.gnu-tools-for-stm32.7-2018-q2-update.win32_1.0.0.201904181610/tools/bin/../lib/gcc/arm-none-eabi/7.3.1/thumb/v6-m/crti.o
LOAD c:/st/stm32cubeide_1.1.0/stm32cubeide/plugins/com.st.stm32cube.ide.mcu.externaltools.gnu-tools-for-stm32.7-2018-q2-update.win32_1.0.0.201904181610/tools/bin/../lib/gcc/arm-none-eabi/7.3.1/thumb/v6-m/crtbegin.o
LOAD c:/st/stm32cubeide_1.1.0/stm32cubeide/plugins/com.st.stm32cube.ide.mcu.externaltools.gnu-tools-for-stm32.7-2018-q2-update.win32_1.0.0.201904181610/tools/bin/../lib/gcc/arm-none-eabi/7.3.1/../../../../arm-none-eabi/lib/thumb/v6-m/crt0.o
LOAD Common/common.o
LOAD Core/Src/main.o
LOAD Core/Src/owire.o
LOAD Core/Src/rc522.o
LOAD Core/Src/stm32f0xx_hal_msp.o
LOAD Core/Src/stm32f0xx_it.o
LOAD Core/Src/syscalls.o
LOAD Core/Src/sysmem.o
LOAD Core/Src/system_stm32f0xx.o
LOAD Core/Startup/startup_stm32f030f4px.o
LOAD Drivers/STM32F0xx_HAL_Driver/Src/stm32f0xx_hal.o
LOAD Drivers/STM32F0xx_HAL_Driver/Src/stm32f0xx_hal_cortex.o
LOAD Drivers/STM32F0xx_HAL_Driver/Src/stm32f0xx_hal_crc.o
LOAD Drivers/STM32F0xx_HAL_Driver/Src/stm32f0xx_hal_crc_ex.o
LOAD Drivers/STM32F0xx_HAL_Driver/Src/stm32f0xx_hal_dma.o
LOAD Drivers/STM32F0xx_HAL_Driver/Src/stm32f0xx_hal_exti.o
LOAD Drivers/STM32F0xx_HAL_Driver/Src/stm32f0xx_hal_flash.o
LOAD Drivers/STM32F0xx_HAL_Driver/Src/stm32f0xx_hal_flash_ex.o
LOAD Drivers/STM32F0xx_HAL_Driver/Src/stm32f0xx_hal_gpio.o
LOAD Drivers/STM32F0xx_HAL_Driver/Src/stm32f0xx_hal_i2c.o
LOAD Drivers/STM32F0xx_HAL_Driver/Src/stm32f0xx_hal_i2c_ex.o
LOAD Drivers/STM32F0xx_HAL_Driver/Src/stm32f0xx_hal_pwr.o
LOAD Drivers/STM32F0xx_HAL_Driver/Src/stm32f0xx_hal_pwr_ex.o
LOAD Drivers/STM32F0xx_HAL_Driver/Src/stm32f0xx_hal_rcc.o
LOAD Drivers/STM32F0xx_HAL_Driver/Src/stm32f0xx_hal_rcc_ex.o
LOAD Drivers/STM32F0xx_HAL_Driver/Src/stm32f0xx_hal_rtc.o
LOAD Drivers/STM32F0xx_HAL_Driver/Src/stm32f0xx_hal_rtc_ex.o
LOAD Drivers/STM32F0xx_HAL_Driver/Src/stm32f0xx_hal_spi.o
LOAD Drivers/STM32F0xx_HAL_Driver/Src/stm32f0xx_hal_spi_ex.o
LOAD Drivers/STM32F0xx_HAL_Driver/Src/stm32f0xx_hal_tim.o
LOAD Drivers/STM32F0xx_HAL_Driver/Src/stm32f0xx_hal_tim_ex.o
LOAD Drivers/STM32F0xx_HAL_Driver/Src/stm32f0xx_hal_uart.o
LOAD Drivers/STM32F0xx_HAL_Driver/Src/stm32f0xx_hal_uart_ex.o
START GROUP
LOAD c:/st/stm32cubeide_1.1.0/stm32cubeide/plugins/com.st.stm32cube.ide.mcu.externaltools.gnu-tools-for-stm32.7-2018-q2-update.win32_1.0.0.201904181610/tools/bin/../lib/gcc/arm-none-eabi/7.3.1/../../../../arm-none-eabi/lib/thumb/v6-m\libc_nano.a
LOAD c:/st/stm32cubeide_1.1.0/stm32cubeide/plugins/com.st.stm32cube.ide.mcu.externaltools.gnu-tools-for-stm32.7-2018-q2-update.win32_1.0.0.201904181610/tools/bin/../lib/gcc/arm-none-eabi/7.3.1/../../../../arm-none-eabi/lib/thumb/v6-m\libm.a
END GROUP
START GROUP
LOAD c:/st/stm32cubeide_1.1.0/stm32cubeide/plugins/com.st.stm32cube.ide.mcu.externaltools.gnu-tools-for-stm32.7-2018-q2-update.win32_1.0.0.201904181610/tools/bin/../lib/gcc/arm-none-eabi/7.3.1/thumb/v6-m\libgcc.a
LOAD c:/st/stm32cubeide_1.1.0/stm32cubeide/plugins/com.st.stm32cube.ide.mcu.externaltools.gnu-tools-for-stm32.7-2018-q2-update.win32_1.0.0.201904181610/tools/bin/../lib/gcc/arm-none-eabi/7.3.1/../../../../arm-none-eabi/lib/thumb/v6-m\libc_nano.a
END GROUP
START GROUP
LOAD c:/st/stm32cubeide_1.1.0/stm32cubeide/plugins/com.st.stm32cube.ide.mcu.externaltools.gnu-tools-for-stm32.7-2018-q2-update.win32_1.0.0.201904181610/tools/bin/../lib/gcc/arm-none-eabi/7.3.1/thumb/v6-m\libgcc.a
LOAD c:/st/stm32cubeide_1.1.0/stm32cubeide/plugins/com.st.stm32cube.ide.mcu.externaltools.gnu-tools-for-stm32.7-2018-q2-update.win32_1.0.0.201904181610/tools/bin/../lib/gcc/arm-none-eabi/7.3.1/../../../../arm-none-eabi/lib/thumb/v6-m\libc_nano.a
LOAD c:/st/stm32cubeide_1.1.0/stm32cubeide/plugins/com.st.stm32cube.ide.mcu.externaltools.gnu-tools-for-stm32.7-2018-q2-update.win32_1.0.0.201904181610/tools/bin/../lib/gcc/arm-none-eabi/7.3.1/../../../../arm-none-eabi/lib/thumb/v6-m\libnosys.a
END GROUP
START GROUP
LOAD c:/st/stm32cubeide_1.1.0/stm32cubeide/plugins/com.st.stm32cube.ide.mcu.externaltools.gnu-tools-for-stm32.7-2018-q2-update.win32_1.0.0.201904181610/tools/bin/../lib/gcc/arm-none-eabi/7.3.1/thumb/v6-m\libgcc.a
LOAD c:/st/stm32cubeide_1.1.0/stm32cubeide/plugins/com.st.stm32cube.ide.mcu.externaltools.gnu-tools-for-stm32.7-2018-q2-update.win32_1.0.0.201904181610/tools/bin/../lib/gcc/arm-none-eabi/7.3.1/../../../../arm-none-eabi/lib/thumb/v6-m\libc_nano.a
LOAD c:/st/stm32cubeide_1.1.0/stm32cubeide/plugins/com.st.stm32cube.ide.mcu.externaltools.gnu-tools-for-stm32.7-2018-q2-update.win32_1.0.0.201904181610/tools/bin/../lib/gcc/arm-none-eabi/7.3.1/../../../../arm-none-eabi/lib/thumb/v6-m\libnosys.a
END GROUP
LOAD c:/st/stm32cubeide_1.1.0/stm32cubeide/plugins/com.st.stm32cube.ide.mcu.externaltools.gnu-tools-for-stm32.7-2018-q2-update.win32_1.0.0.201904181610/tools/bin/../lib/gcc/arm-none-eabi/7.3.1/thumb/v6-m/crtend.o
LOAD c:/st/stm32cubeide_1.1.0/stm32cubeide/plugins/com.st.stm32cube.ide.mcu.externaltools.gnu-tools-for-stm32.7-2018-q2-update.win32_1.0.0.201904181610/tools/bin/../lib/gcc/arm-none-eabi/7.3.1/thumb/v6-m/crtn.o
                0x0000000020001000                _estack = (ORIGIN (RAM) + LENGTH (RAM))
                0x0000000000000200                _Min_Heap_Size = 0x200
                0x0000000000000400                _Min_Stack_Size = 0x400

.isr_vector     0x0000000008000000       0xc0
                0x0000000008000000                . = ALIGN (0x4)
 *(.isr_vector)
 .isr_vector    0x0000000008000000       0xc0 Core/Startup/startup_stm32f030f4px.o
                0x0000000008000000                g_pfnVectors
                0x00000000080000c0                . = ALIGN (0x4)

.text           0x00000000080000c0     0x2d38
                0x00000000080000c0                . = ALIGN (0x4)
 *(.text)
 .text          0x00000000080000c0       0x48 c:/st/stm32cubeide_1.1.0/stm32cubeide/plugins/com.st.stm32cube.ide.mcu.externaltools.gnu-tools-for-stm32.7-2018-q2-update.win32_1.0.0.201904181610/tools/bin/../lib/gcc/arm-none-eabi/7.3.1/thumb/v6-m/crtbegin.o
 .text          0x0000000008000108       0x14 c:/st/stm32cubeide_1.1.0/stm32cubeide/plugins/com.st.stm32cube.ide.mcu.externaltools.gnu-tools-for-stm32.7-2018-q2-update.win32_1.0.0.201904181610/tools/bin/../lib/gcc/arm-none-eabi/7.3.1/thumb/v6-m\libgcc.a(_thumb1_case_uqi.o)
                0x0000000008000108                __gnu_thumb1_case_uqi
 .text          0x000000000800011c      0x114 c:/st/stm32cubeide_1.1.0/stm32cubeide/plugins/com.st.stm32cube.ide.mcu.externaltools.gnu-tools-for-stm32.7-2018-q2-update.win32_1.0.0.201904181610/tools/bin/../lib/gcc/arm-none-eabi/7.3.1/thumb/v6-m\libgcc.a(_udivsi3.o)
                0x000000000800011c                __aeabi_uidiv
                0x000000000800011c                __udivsi3
                0x0000000008000228                __aeabi_uidivmod
 .text          0x0000000008000230        0x4 c:/st/stm32cubeide_1.1.0/stm32cubeide/plugins/com.st.stm32cube.ide.mcu.externaltools.gnu-tools-for-stm32.7-2018-q2-update.win32_1.0.0.201904181610/tools/bin/../lib/gcc/arm-none-eabi/7.3.1/thumb/v6-m\libgcc.a(_dvmd_tls.o)
                0x0000000008000230                __aeabi_idiv0
                0x0000000008000230                __aeabi_ldiv0
 *(.text*)
 .text.Hex2Str  0x0000000008000234       0x48 Common/common.o
                0x0000000008000234                Hex2Str
 .text.mem_cpy  0x000000000800027c       0x14 Common/common.o
                0x000000000800027c                mem_cpy
 .text.mem_set  0x0000000008000290        0xc Common/common.o
                0x0000000008000290                mem_set
 .text.SystemClock_Config
                0x000000000800029c       0x70 Core/Src/main.o
                0x000000000800029c                SystemClock_Config
 .text.startup.main
                0x000000000800030c      0x164 Core/Src/main.o
                0x000000000800030c                main
 .text.Error_Handler
                0x0000000008000470        0x2 Core/Src/main.o
                0x0000000008000470                Error_Handler
 *fill*         0x0000000008000472        0x2 
 .text.OW_Init  0x0000000008000474       0xb4 Core/Src/owire.o
                0x0000000008000474                OW_Init
 .text.OW_Service
                0x0000000008000528      0x30c Core/Src/owire.o
                0x0000000008000528                OW_Service
 .text.HAL_UART_RxCpltCallback
                0x0000000008000834      0x12c Core/Src/owire.o
                0x0000000008000834                HAL_UART_RxCpltCallback
 .text.HAL_UART_ErrorCallback
                0x0000000008000960       0x2c Core/Src/owire.o
                0x0000000008000960                HAL_UART_ErrorCallback
 .text.RC522_WriteRegister
                0x000000000800098c       0x38 Core/Src/rc522.o
 .text.RC522_ReadRegister
                0x00000000080009c4       0x4c Core/Src/rc522.o
 .text.RC522_SetBitMask
                0x0000000008000a10       0x16 Core/Src/rc522.o
 .text.RC522_ClearBitMask
                0x0000000008000a26       0x16 Core/Src/rc522.o
 .text.RC522_ToCard
                0x0000000008000a3c      0x114 Core/Src/rc522.o
 .text.RC522_CalculateCRC
                0x0000000008000b50       0x5a Core/Src/rc522.o
 .text.RC522_Halt
                0x0000000008000baa       0x30 Core/Src/rc522.o
 *fill*         0x0000000008000bda        0x2 
 .text.RC522_SelectTag
                0x0000000008000bdc       0x50 Core/Src/rc522.o
 .text.RC522_Anticoll
                0x0000000008000c2c       0x46 Core/Src/rc522.o
 *fill*         0x0000000008000c72        0x2 
 .text.RC522_Auth.constprop.2
                0x0000000008000c74       0x64 Core/Src/rc522.o
 .text.RC522_Request.constprop.4
                0x0000000008000cd8       0x3a Core/Src/rc522.o
 *fill*         0x0000000008000d12        0x2 
 .text.RC522_Init
                0x0000000008000d14       0x88 Core/Src/rc522.o
                0x0000000008000d14                RC522_Init
 .text.RC522_Service
                0x0000000008000d9c       0xe8 Core/Src/rc522.o
                0x0000000008000d9c                RC522_Service
 .text.RC522_ReadBlock
                0x0000000008000e84       0x70 Core/Src/rc522.o
                0x0000000008000e84                RC522_ReadBlock
 .text.RC522_WriteBlock
                0x0000000008000ef4       0xac Core/Src/rc522.o
                0x0000000008000ef4                RC522_WriteBlock
 .text.HAL_MspInit
                0x0000000008000fa0       0x30 Core/Src/stm32f0xx_hal_msp.o
                0x0000000008000fa0                HAL_MspInit
 .text.HAL_CRC_MspInit
                0x0000000008000fd0       0x28 Core/Src/stm32f0xx_hal_msp.o
                0x0000000008000fd0                HAL_CRC_MspInit
 .text.HAL_RTC_MspInit
                0x0000000008000ff8       0x20 Core/Src/stm32f0xx_hal_msp.o
                0x0000000008000ff8                HAL_RTC_MspInit
 .text.HAL_SPI_MspInit
                0x0000000008001018       0x60 Core/Src/stm32f0xx_hal_msp.o
                0x0000000008001018                HAL_SPI_MspInit
 .text.HAL_UART_MspInit
                0x0000000008001078       0x78 Core/Src/stm32f0xx_hal_msp.o
                0x0000000008001078                HAL_UART_MspInit
 .text.HAL_UART_MspDeInit
                0x00000000080010f0       0x34 Core/Src/stm32f0xx_hal_msp.o
                0x00000000080010f0                HAL_UART_MspDeInit
 .text.NMI_Handler
                0x0000000008001124        0x2 Core/Src/stm32f0xx_it.o
                0x0000000008001124                NMI_Handler
 .text.HardFault_Handler
                0x0000000008001126        0x2 Core/Src/stm32f0xx_it.o
                0x0000000008001126                HardFault_Handler
 .text.SVC_Handler
                0x0000000008001128        0x2 Core/Src/stm32f0xx_it.o
                0x0000000008001128                SVC_Handler
 .text.PendSV_Handler
                0x000000000800112a        0x2 Core/Src/stm32f0xx_it.o
                0x000000000800112a                PendSV_Handler
 .text.SysTick_Handler
                0x000000000800112c        0x8 Core/Src/stm32f0xx_it.o
                0x000000000800112c                SysTick_Handler
 .text.USART1_IRQHandler
                0x0000000008001134       0x10 Core/Src/stm32f0xx_it.o
                0x0000000008001134                USART1_IRQHandler
 .text.SystemInit
                0x0000000008001144        0x2 Core/Src/system_stm32f0xx.o
                0x0000000008001144                SystemInit
 *fill*         0x0000000008001146        0x2 
 .text.Reset_Handler
                0x0000000008001148       0x50 Core/Startup/startup_stm32f030f4px.o
                0x0000000008001148                Reset_Handler
 .text.Default_Handler
                0x0000000008001198        0x2 Core/Startup/startup_stm32f030f4px.o
                0x0000000008001198                TIM1_CC_IRQHandler
                0x0000000008001198                I2C1_IRQHandler
                0x0000000008001198                SPI1_IRQHandler
                0x0000000008001198                EXTI2_3_IRQHandler
                0x0000000008001198                ADC1_IRQHandler
                0x0000000008001198                TIM17_IRQHandler
                0x0000000008001198                RTC_IRQHandler
                0x0000000008001198                TIM16_IRQHandler
                0x0000000008001198                TIM3_IRQHandler
                0x0000000008001198                EXTI4_15_IRQHandler
                0x0000000008001198                RCC_IRQHandler
                0x0000000008001198                DMA1_Channel1_IRQHandler
                0x0000000008001198                Default_Handler
                0x0000000008001198                TIM14_IRQHandler
                0x0000000008001198                DMA1_Channel4_5_IRQHandler
                0x0000000008001198                EXTI0_1_IRQHandler
                0x0000000008001198                WWDG_IRQHandler
                0x0000000008001198                DMA1_Channel2_3_IRQHandler
                0x0000000008001198                FLASH_IRQHandler
                0x0000000008001198                TIM1_BRK_UP_TRG_COM_IRQHandler
 *fill*         0x000000000800119a        0x2 
 .text.HAL_InitTick
                0x000000000800119c       0x48 Drivers/STM32F0xx_HAL_Driver/Src/stm32f0xx_hal.o
                0x000000000800119c                HAL_InitTick
 .text.HAL_Init
                0x00000000080011e4       0x20 Drivers/STM32F0xx_HAL_Driver/Src/stm32f0xx_hal.o
                0x00000000080011e4                HAL_Init
 .text.HAL_IncTick
                0x0000000008001204       0x18 Drivers/STM32F0xx_HAL_Driver/Src/stm32f0xx_hal.o
                0x0000000008001204                HAL_IncTick
 .text.HAL_GetTick
                0x000000000800121c        0xc Drivers/STM32F0xx_HAL_Driver/Src/stm32f0xx_hal.o
                0x000000000800121c                HAL_GetTick
 .text.HAL_Delay
                0x0000000008001228       0x24 Drivers/STM32F0xx_HAL_Driver/Src/stm32f0xx_hal.o
                0x0000000008001228                HAL_Delay
 .text.HAL_NVIC_SetPriority
                0x000000000800124c       0x54 Drivers/STM32F0xx_HAL_Driver/Src/stm32f0xx_hal_cortex.o
                0x000000000800124c                HAL_NVIC_SetPriority
 .text.HAL_NVIC_EnableIRQ
                0x00000000080012a0       0x18 Drivers/STM32F0xx_HAL_Driver/Src/stm32f0xx_hal_cortex.o
                0x00000000080012a0                HAL_NVIC_EnableIRQ
 .text.HAL_NVIC_DisableIRQ
                0x00000000080012b8       0x20 Drivers/STM32F0xx_HAL_Driver/Src/stm32f0xx_hal_cortex.o
                0x00000000080012b8                HAL_NVIC_DisableIRQ
 .text.HAL_SYSTICK_Config
                0x00000000080012d8       0x34 Drivers/STM32F0xx_HAL_Driver/Src/stm32f0xx_hal_cortex.o
                0x00000000080012d8                HAL_SYSTICK_Config
 .text.CRC_Calculate8
                0x000000000800130c       0x18 Drivers/STM32F0xx_HAL_Driver/Src/stm32f0xx_hal_crc.o
                0x000000000800130c                CRC_Calculate8
 .text.CRC_ResetDR
                0x0000000008001324        0xc Drivers/STM32F0xx_HAL_Driver/Src/stm32f0xx_hal_crc.o
                0x0000000008001324                CRC_ResetDR
 .text.HAL_CRC_Init
                0x0000000008001330       0x4e Drivers/STM32F0xx_HAL_Driver/Src/stm32f0xx_hal_crc.o
                0x0000000008001330                HAL_CRC_Init
 .text.HAL_DMA_Abort_IT
                0x000000000800137e       0x46 Drivers/STM32F0xx_HAL_Driver/Src/stm32f0xx_hal_dma.o
                0x000000000800137e                HAL_DMA_Abort_IT
 .text.HAL_GPIO_Init
                0x00000000080013c4      0x160 Drivers/STM32F0xx_HAL_Driver/Src/stm32f0xx_hal_gpio.o
                0x00000000080013c4                HAL_GPIO_Init
 .text.HAL_GPIO_DeInit
                0x0000000008001524       0xe0 Drivers/STM32F0xx_HAL_Driver/Src/stm32f0xx_hal_gpio.o
                0x0000000008001524                HAL_GPIO_DeInit
 .text.HAL_GPIO_WritePin
                0x0000000008001604        0xc Drivers/STM32F0xx_HAL_Driver/Src/stm32f0xx_hal_gpio.o
                0x0000000008001604                HAL_GPIO_WritePin
 .text.HAL_GPIO_TogglePin
                0x0000000008001610        0xc Drivers/STM32F0xx_HAL_Driver/Src/stm32f0xx_hal_gpio.o
                0x0000000008001610                HAL_GPIO_TogglePin
 .text.HAL_RCC_OscConfig
                0x000000000800161c      0x404 Drivers/STM32F0xx_HAL_Driver/Src/stm32f0xx_hal_rcc.o
                0x000000000800161c                HAL_RCC_OscConfig
 .text.HAL_RCC_GetSysClockFreq
                0x0000000008001a20       0x64 Drivers/STM32F0xx_HAL_Driver/Src/stm32f0xx_hal_rcc.o
                0x0000000008001a20                HAL_RCC_GetSysClockFreq
 .text.HAL_RCC_ClockConfig
                0x0000000008001a84      0x108 Drivers/STM32F0xx_HAL_Driver/Src/stm32f0xx_hal_rcc.o
                0x0000000008001a84                HAL_RCC_ClockConfig
 .text.HAL_RCC_GetPCLK1Freq
                0x0000000008001b8c       0x20 Drivers/STM32F0xx_HAL_Driver/Src/stm32f0xx_hal_rcc.o
                0x0000000008001b8c                HAL_RCC_GetPCLK1Freq
 .text.HAL_RCCEx_PeriphCLKConfig
                0x0000000008001bac      0x108 Drivers/STM32F0xx_HAL_Driver/Src/stm32f0xx_hal_rcc_ex.o
                0x0000000008001bac                HAL_RCCEx_PeriphCLKConfig
 .text.HAL_RTC_WaitForSynchro
                0x0000000008001cb4       0x34 Drivers/STM32F0xx_HAL_Driver/Src/stm32f0xx_hal_rtc.o
                0x0000000008001cb4                HAL_RTC_WaitForSynchro
 .text.RTC_EnterInitMode
                0x0000000008001ce8       0x38 Drivers/STM32F0xx_HAL_Driver/Src/stm32f0xx_hal_rtc.o
                0x0000000008001ce8                RTC_EnterInitMode
 .text.HAL_RTC_Init
                0x0000000008001d20       0xa8 Drivers/STM32F0xx_HAL_Driver/Src/stm32f0xx_hal_rtc.o
                0x0000000008001d20                HAL_RTC_Init
 .text.RTC_ByteToBcd2
                0x0000000008001dc8       0x16 Drivers/STM32F0xx_HAL_Driver/Src/stm32f0xx_hal_rtc.o
                0x0000000008001dc8                RTC_ByteToBcd2
 *fill*         0x0000000008001dde        0x2 
 .text.HAL_RTC_SetTime
                0x0000000008001de0       0xec Drivers/STM32F0xx_HAL_Driver/Src/stm32f0xx_hal_rtc.o
                0x0000000008001de0                HAL_RTC_SetTime
 .text.HAL_RTC_SetDate
                0x0000000008001ecc       0xc8 Drivers/STM32F0xx_HAL_Driver/Src/stm32f0xx_hal_rtc.o
                0x0000000008001ecc                HAL_RTC_SetDate
 .text.SPI_WaitFlagStateUntilTimeout.part.0
                0x0000000008001f94       0x60 Drivers/STM32F0xx_HAL_Driver/Src/stm32f0xx_hal_spi.o
 .text.SPI_WaitFlagStateUntilTimeout.constprop.9
                0x0000000008001ff4       0x28 Drivers/STM32F0xx_HAL_Driver/Src/stm32f0xx_hal_spi.o
 .text.SPI_WaitFifoStateUntilTimeout.constprop.10
                0x000000000800201c       0x34 Drivers/STM32F0xx_HAL_Driver/Src/stm32f0xx_hal_spi.o
 .text.SPI_EndRxTxTransaction
                0x0000000008002050       0x46 Drivers/STM32F0xx_HAL_Driver/Src/stm32f0xx_hal_spi.o
 *fill*         0x0000000008002096        0x2 
 .text.HAL_SPI_Init
                0x0000000008002098       0xbc Drivers/STM32F0xx_HAL_Driver/Src/stm32f0xx_hal_spi.o
                0x0000000008002098                HAL_SPI_Init
 .text.HAL_SPI_Transmit
                0x0000000008002154      0x196 Drivers/STM32F0xx_HAL_Driver/Src/stm32f0xx_hal_spi.o
                0x0000000008002154                HAL_SPI_Transmit
 *fill*         0x00000000080022ea        0x2 
 .text.HAL_SPI_TransmitReceive
                0x00000000080022ec      0x25c Drivers/STM32F0xx_HAL_Driver/Src/stm32f0xx_hal_spi.o
                0x00000000080022ec                HAL_SPI_TransmitReceive
 .text.UART_EndRxTransfer
                0x0000000008002548       0x24 Drivers/STM32F0xx_HAL_Driver/Src/stm32f0xx_hal_uart.o
 .text.UART_TxISR_16BIT
                0x000000000800256c       0x3e Drivers/STM32F0xx_HAL_Driver/Src/stm32f0xx_hal_uart.o
 .text.UART_TxISR_8BIT
                0x00000000080025aa       0x3a Drivers/STM32F0xx_HAL_Driver/Src/stm32f0xx_hal_uart.o
 .text.HAL_UART_DeInit
                0x00000000080025e4       0x32 Drivers/STM32F0xx_HAL_Driver/Src/stm32f0xx_hal_uart.o
                0x00000000080025e4                HAL_UART_DeInit
 *fill*         0x0000000008002616        0x2 
 .text.HAL_UART_Transmit_IT
                0x0000000008002618       0x7c Drivers/STM32F0xx_HAL_Driver/Src/stm32f0xx_hal_uart.o
                0x0000000008002618                HAL_UART_Transmit_IT
 .text.HAL_UART_Receive_IT
                0x0000000008002694       0xb4 Drivers/STM32F0xx_HAL_Driver/Src/stm32f0xx_hal_uart.o
                0x0000000008002694                HAL_UART_Receive_IT
 .text.HAL_UART_TxCpltCallback
                0x0000000008002748        0x2 Drivers/STM32F0xx_HAL_Driver/Src/stm32f0xx_hal_uart.o
                0x0000000008002748                HAL_UART_TxCpltCallback
 *fill*         0x000000000800274a        0x2 
 .text.UART_RxISR_8BIT
                0x000000000800274c       0x60 Drivers/STM32F0xx_HAL_Driver/Src/stm32f0xx_hal_uart.o
 .text.UART_RxISR_16BIT
                0x00000000080027ac       0x5c Drivers/STM32F0xx_HAL_Driver/Src/stm32f0xx_hal_uart.o
 .text.HAL_UART_IRQHandler
                0x0000000008002808      0x13c Drivers/STM32F0xx_HAL_Driver/Src/stm32f0xx_hal_uart.o
                0x0000000008002808                HAL_UART_IRQHandler
 .text.UART_DMAAbortOnError
                0x0000000008002944       0x16 Drivers/STM32F0xx_HAL_Driver/Src/stm32f0xx_hal_uart.o
 .text.HAL_MultiProcessor_EnterMuteMode
                0x000000000800295a        0xc Drivers/STM32F0xx_HAL_Driver/Src/stm32f0xx_hal_uart.o
                0x000000000800295a                HAL_MultiProcessor_EnterMuteMode
 *fill*         0x0000000008002966        0x2 
 .text.UART_SetConfig
                0x0000000008002968      0x130 Drivers/STM32F0xx_HAL_Driver/Src/stm32f0xx_hal_uart.o
                0x0000000008002968                UART_SetConfig
 .text.UART_AdvFeatureConfig
                0x0000000008002a98       0xd0 Drivers/STM32F0xx_HAL_Driver/Src/stm32f0xx_hal_uart.o
                0x0000000008002a98                UART_AdvFeatureConfig
 .text.UART_WaitOnFlagUntilTimeout
                0x0000000008002b68       0x90 Drivers/STM32F0xx_HAL_Driver/Src/stm32f0xx_hal_uart.o
                0x0000000008002b68                UART_WaitOnFlagUntilTimeout
 .text.UART_CheckIdleState
                0x0000000008002bf8       0x60 Drivers/STM32F0xx_HAL_Driver/Src/stm32f0xx_hal_uart.o
                0x0000000008002bf8                UART_CheckIdleState
 .text.HAL_UART_Init
                0x0000000008002c58       0x64 Drivers/STM32F0xx_HAL_Driver/Src/stm32f0xx_hal_uart.o
                0x0000000008002c58                HAL_UART_Init
 .text.HAL_MultiProcessor_Init
                0x0000000008002cbc       0x88 Drivers/STM32F0xx_HAL_Driver/Src/stm32f0xx_hal_uart.o
                0x0000000008002cbc                HAL_MultiProcessor_Init
 .text.HAL_MultiProcessor_EnableMuteMode
                0x0000000008002d44       0x30 Drivers/STM32F0xx_HAL_Driver/Src/stm32f0xx_hal_uart.o
                0x0000000008002d44                HAL_MultiProcessor_EnableMuteMode
 .text.__libc_init_array
                0x0000000008002d74       0x48 c:/st/stm32cubeide_1.1.0/stm32cubeide/plugins/com.st.stm32cube.ide.mcu.externaltools.gnu-tools-for-stm32.7-2018-q2-update.win32_1.0.0.201904181610/tools/bin/../lib/gcc/arm-none-eabi/7.3.1/../../../../arm-none-eabi/lib/thumb/v6-m\libc_nano.a(lib_a-init.o)
                0x0000000008002d74                __libc_init_array
 .text.memcpy   0x0000000008002dbc       0x12 c:/st/stm32cubeide_1.1.0/stm32cubeide/plugins/com.st.stm32cube.ide.mcu.externaltools.gnu-tools-for-stm32.7-2018-q2-update.win32_1.0.0.201904181610/tools/bin/../lib/gcc/arm-none-eabi/7.3.1/../../../../arm-none-eabi/lib/thumb/v6-m\libc_nano.a(lib_a-memcpy-stub.o)
                0x0000000008002dbc                memcpy
 .text.memset   0x0000000008002dce       0x10 c:/st/stm32cubeide_1.1.0/stm32cubeide/plugins/com.st.stm32cube.ide.mcu.externaltools.gnu-tools-for-stm32.7-2018-q2-update.win32_1.0.0.201904181610/tools/bin/../lib/gcc/arm-none-eabi/7.3.1/../../../../arm-none-eabi/lib/thumb/v6-m\libc_nano.a(lib_a-memset.o)
                0x0000000008002dce                memset
 *(.glue_7)
 .glue_7        0x0000000008002dde        0x0 linker stubs
 *(.glue_7t)
 .glue_7t       0x0000000008002dde        0x0 linker stubs
 *(.eh_frame)
 *fill*         0x0000000008002dde        0x2 
 .eh_frame      0x0000000008002de0        0x0 c:/st/stm32cubeide_1.1.0/stm32cubeide/plugins/com.st.stm32cube.ide.mcu.externaltools.gnu-tools-for-stm32.7-2018-q2-update.win32_1.0.0.201904181610/tools/bin/../lib/gcc/arm-none-eabi/7.3.1/thumb/v6-m/crtbegin.o
 *(.init)
 .init          0x0000000008002de0        0x4 c:/st/stm32cubeide_1.1.0/stm32cubeide/plugins/com.st.stm32cube.ide.mcu.externaltools.gnu-tools-for-stm32.7-2018-q2-update.win32_1.0.0.201904181610/tools/bin/../lib/gcc/arm-none-eabi/7.3.1/thumb/v6-m/crti.o
                0x0000000008002de0                _init
 .init          0x0000000008002de4        0x8 c:/st/stm32cubeide_1.1.0/stm32cubeide/plugins/com.st.stm32cube.ide.mcu.externaltools.gnu-tools-for-stm32.7-2018-q2-update.win32_1.0.0.201904181610/tools/bin/../lib/gcc/arm-none-eabi/7.3.1/thumb/v6-m/crtn.o
 *(.fini)
 .fini          0x0000000008002dec        0x4 c:/st/stm32cubeide_1.1.0/stm32cubeide/plugins/com.st.stm32cube.ide.mcu.externaltools.gnu-tools-for-stm32.7-2018-q2-update.win32_1.0.0.201904181610/tools/bin/../lib/gcc/arm-none-eabi/7.3.1/thumb/v6-m/crti.o
                0x0000000008002dec                _fini
 .fini          0x0000000008002df0        0x8 c:/st/stm32cubeide_1.1.0/stm32cubeide/plugins/com.st.stm32cube.ide.mcu.externaltools.gnu-tools-for-stm32.7-2018-q2-update.win32_1.0.0.201904181610/tools/bin/../lib/gcc/arm-none-eabi/7.3.1/thumb/v6-m/crtn.o
                0x0000000008002df8                . = ALIGN (0x4)
                0x0000000008002df8                _etext = .

.vfp11_veneer   0x0000000008002df8        0x0
 .vfp11_veneer  0x0000000008002df8        0x0 linker stubs

.v4_bx          0x0000000008002df8        0x0
 .v4_bx         0x0000000008002df8        0x0 linker stubs

.iplt           0x0000000008002df8        0x0
 .iplt          0x0000000008002df8        0x0 c:/st/stm32cubeide_1.1.0/stm32cubeide/plugins/com.st.stm32cube.ide.mcu.externaltools.gnu-tools-for-stm32.7-2018-q2-update.win32_1.0.0.201904181610/tools/bin/../lib/gcc/arm-none-eabi/7.3.1/thumb/v6-m/crtbegin.o

.rodata         0x0000000008002df8       0x64
                0x0000000008002df8                . = ALIGN (0x4)
 *(.rodata)
 .rodata        0x0000000008002df8       0x20 Drivers/STM32F0xx_HAL_Driver/Src/stm32f0xx_hal_rcc.o
 *(.rodata*)
 .rodata.bps    0x0000000008002e18       0x28 Common/common.o
                0x0000000008002e18                bps
 .rodata.AHBPrescTable
                0x0000000008002e40       0x10 Core/Src/system_stm32f0xx.o
                0x0000000008002e40                AHBPrescTable
 .rodata.APBPrescTable
                0x0000000008002e50        0x8 Core/Src/system_stm32f0xx.o
                0x0000000008002e50                APBPrescTable
 .rodata.CSWTCH.57
                0x0000000008002e58        0x4 Drivers/STM32F0xx_HAL_Driver/Src/stm32f0xx_hal_uart.o
                0x0000000008002e5c                . = ALIGN (0x4)

.ARM.__at_0x08002008
                0x0000000008002e5c        0x4
 .ARM.__at_0x08002008
                0x0000000008002e5c        0x4 Common/common.o
                0x0000000008002e5c                version

.rel.dyn        0x0000000008002e60        0x0
 .rel.iplt      0x0000000008002e60        0x0 c:/st/stm32cubeide_1.1.0/stm32cubeide/plugins/com.st.stm32cube.ide.mcu.externaltools.gnu-tools-for-stm32.7-2018-q2-update.win32_1.0.0.201904181610/tools/bin/../lib/gcc/arm-none-eabi/7.3.1/thumb/v6-m/crtbegin.o

.ARM.extab      0x0000000008002e60        0x0
                0x0000000008002e60                . = ALIGN (0x4)
 *(.ARM.extab* .gnu.linkonce.armextab.*)
                0x0000000008002e60                . = ALIGN (0x4)

.ARM            0x0000000008002e60        0x0
                0x0000000008002e60                . = ALIGN (0x4)
                0x0000000008002e60                __exidx_start = .
 *(.ARM.exidx*)
                0x0000000008002e60                __exidx_end = .
                0x0000000008002e60                . = ALIGN (0x4)

.preinit_array  0x0000000008002e60        0x0
                0x0000000008002e60                . = ALIGN (0x4)
                0x0000000008002e60                PROVIDE (__preinit_array_start = .)
 *(.preinit_array*)
                0x0000000008002e60                PROVIDE (__preinit_array_end = .)
                0x0000000008002e60                . = ALIGN (0x4)

.init_array     0x0000000008002e60        0x4
                0x0000000008002e60                . = ALIGN (0x4)
                0x0000000008002e60                PROVIDE (__init_array_start = .)
 *(SORT_BY_NAME(.init_array.*))
 *(.init_array*)
 .init_array    0x0000000008002e60        0x4 c:/st/stm32cubeide_1.1.0/stm32cubeide/plugins/com.st.stm32cube.ide.mcu.externaltools.gnu-tools-for-stm32.7-2018-q2-update.win32_1.0.0.201904181610/tools/bin/../lib/gcc/arm-none-eabi/7.3.1/thumb/v6-m/crtbegin.o
                0x0000000008002e64                PROVIDE (__init_array_end = .)
                0x0000000008002e64                . = ALIGN (0x4)

.fini_array     0x0000000008002e64        0x4
                0x0000000008002e64                . = ALIGN (0x4)
                [!provide]                        PROVIDE (__fini_array_start = .)
 *(SORT_BY_NAME(.fini_array.*))
 *(.fini_array*)
 .fini_array    0x0000000008002e64        0x4 c:/st/stm32cubeide_1.1.0/stm32cubeide/plugins/com.st.stm32cube.ide.mcu.externaltools.gnu-tools-for-stm32.7-2018-q2-update.win32_1.0.0.201904181610/tools/bin/../lib/gcc/arm-none-eabi/7.3.1/thumb/v6-m/crtbegin.o
                [!provide]                        PROVIDE (__fini_array_end = .)
                0x0000000008002e68                . = ALIGN (0x4)
                0x0000000008002e68                _sidata = LOADADDR (.data)

.data           0x0000000020000000       0x1c load address 0x0000000008002e68
                0x0000000020000000                . = ALIGN (0x4)
                0x0000000020000000                _sdata = .
 *(.data)
 *(.data*)
 .data.mifare_keya
                0x0000000020000000        0x6 Core/Src/rc522.o
                0x0000000020000000                mifare_keya
 .data.mifare_keyb
                0x0000000020000006        0x6 Core/Src/rc522.o
                0x0000000020000006                mifare_keyb
 .data.mifare_tout.6114
                0x000000002000000c        0x4 Core/Src/rc522.o
 .data.SystemCoreClock
                0x0000000020000010        0x4 Core/Src/system_stm32f0xx.o
                0x0000000020000010                SystemCoreClock
 .data.uwTickFreq
                0x0000000020000014        0x1 Drivers/STM32F0xx_HAL_Driver/Src/stm32f0xx_hal.o
                0x0000000020000014                uwTickFreq
 *fill*         0x0000000020000015        0x3 
 .data.uwTickPrio
                0x0000000020000018        0x4 Drivers/STM32F0xx_HAL_Driver/Src/stm32f0xx_hal.o
                0x0000000020000018                uwTickPrio
                0x000000002000001c                . = ALIGN (0x4)
                0x000000002000001c                _edata = .

.igot.plt       0x000000002000001c        0x0 load address 0x0000000008002e84
 .igot.plt      0x000000002000001c        0x0 c:/st/stm32cubeide_1.1.0/stm32cubeide/plugins/com.st.stm32cube.ide.mcu.externaltools.gnu-tools-for-stm32.7-2018-q2-update.win32_1.0.0.201904181610/tools/bin/../lib/gcc/arm-none-eabi/7.3.1/thumb/v6-m/crtbegin.o
                0x000000002000001c                . = ALIGN (0x4)

.bss            0x000000002000001c      0x49c load address 0x0000000008002e84
                0x000000002000001c                _sbss = .
                0x000000002000001c                __bss_start__ = _sbss
 *(.bss)
 .bss           0x000000002000001c       0x1c c:/st/stm32cubeide_1.1.0/stm32cubeide/plugins/com.st.stm32cube.ide.mcu.externaltools.gnu-tools-for-stm32.7-2018-q2-update.win32_1.0.0.201904181610/tools/bin/../lib/gcc/arm-none-eabi/7.3.1/thumb/v6-m/crtbegin.o
 *(.bss*)
 .bss.COM_Link  0x0000000020000038        0x1 Common/common.o
                0x0000000020000038                COM_Link
 .bss.COM_State
                0x0000000020000039        0x1 Common/common.o
                0x0000000020000039                COM_State
 .bss.sDate     0x000000002000003a        0x4 Core/Src/main.o
                0x000000002000003a                sDate
 *fill*         0x000000002000003e        0x2 
 .bss.sTime     0x0000000020000040       0x14 Core/Src/main.o
                0x0000000020000040                sTime
 .bss.ow_rxbuf  0x0000000020000054      0x100 Core/Src/owire.o
 .bss.ow_txbuf  0x0000000020000154      0x100 Core/Src/owire.o
 .bss.clr.6113  0x0000000020000254        0x4 Core/Src/rc522.o
 .bss.mifare_timer.6112
                0x0000000020000258        0x4 Core/Src/rc522.o
 .bss.sys_id    0x000000002000025c        0x2 Core/Src/rc522.o
                0x000000002000025c                sys_id
 .bss.user_group
                0x000000002000025e       0x10 Core/Src/rc522.o
                0x000000002000025e                user_group
 *(COMMON)
 *fill*         0x000000002000026e        0x2 
 COMMON         0x0000000020000270      0x120 Core/Src/main.o
                0x0000000020000270                hcrc
                0x000000002000028c                huart1
                0x000000002000030c                hrtc
                0x000000002000032c                hspi1
 COMMON         0x0000000020000390       0x24 Core/Src/owire.o
                0x0000000020000390                ow_bps
                0x0000000020000394                ow_txtmr
                0x0000000020000398                ow_txtout
                0x000000002000039c                owtmr
                0x00000000200003a0                owtout
                0x00000000200003a4                ow_rxtout
                0x00000000200003a8                ow_bcnt
                0x00000000200003ac                ow_flags
                0x00000000200003b0                ow_rxtmr
 COMMON         0x00000000200003b4       0xfd Core/Src/rc522.o
                0x00000000200003b4                card_id
                0x00000000200003b9                sector_0
                0x00000000200003f9                rc522_tx_buff
                0x000000002000040a                sCard
                0x000000002000041c                rc522_rx_buff
                0x000000002000042c                card_serial
                0x0000000020000431                sector_1
                0x0000000020000471                sector_2
 *fill*         0x00000000200004b1        0x3 
 COMMON         0x00000000200004b4        0x4 Drivers/STM32F0xx_HAL_Driver/Src/stm32f0xx_hal.o
                0x00000000200004b4                uwTick
                0x00000000200004b8                . = ALIGN (0x4)
                0x00000000200004b8                _ebss = .
                0x00000000200004b8                __bss_end__ = _ebss

._user_heap_stack
                0x00000000200004b8      0x600 load address 0x0000000008002e84
                0x00000000200004b8                . = ALIGN (0x8)
                0x00000000200004b8                PROVIDE (end = .)
                [!provide]                        PROVIDE (_end = .)
                0x00000000200006b8                . = (. + _Min_Heap_Size)
 *fill*         0x00000000200004b8      0x200 
                0x0000000020000ab8                . = (. + _Min_Stack_Size)
 *fill*         0x00000000200006b8      0x400 
                0x0000000020000ab8                . = ALIGN (0x8)

/DISCARD/
 libc.a(*)
 libm.a(*)
 libgcc.a(*)

.ARM.attributes
                0x0000000000000000       0x28
 *(.ARM.attributes)
 .ARM.attributes
                0x0000000000000000       0x1e c:/st/stm32cubeide_1.1.0/stm32cubeide/plugins/com.st.stm32cube.ide.mcu.externaltools.gnu-tools-for-stm32.7-2018-q2-update.win32_1.0.0.201904181610/tools/bin/../lib/gcc/arm-none-eabi/7.3.1/thumb/v6-m/crti.o
 .ARM.attributes
                0x000000000000001e       0x2c c:/st/stm32cubeide_1.1.0/stm32cubeide/plugins/com.st.stm32cube.ide.mcu.externaltools.gnu-tools-for-stm32.7-2018-q2-update.win32_1.0.0.201904181610/tools/bin/../lib/gcc/arm-none-eabi/7.3.1/thumb/v6-m/crtbegin.o
 .ARM.attributes
                0x000000000000004a       0x31 Common/common.o
 .ARM.attributes
                0x000000000000007b       0x31 Core/Src/main.o
 .ARM.attributes
                0x00000000000000ac       0x31 Core/Src/owire.o
 .ARM.attributes
                0x00000000000000dd       0x31 Core/Src/rc522.o
 .ARM.attributes
                0x000000000000010e       0x31 Core/Src/stm32f0xx_hal_msp.o
 .ARM.attributes
                0x000000000000013f       0x31 Core/Src/stm32f0xx_it.o
 .ARM.attributes
                0x0000000000000170       0x31 Core/Src/system_stm32f0xx.o
 .ARM.attributes
                0x00000000000001a1       0x21 Core/Startup/startup_stm32f030f4px.o
 .ARM.attributes
                0x00000000000001c2       0x31 Drivers/STM32F0xx_HAL_Driver/Src/stm32f0xx_hal.o
 .ARM.attributes
                0x00000000000001f3       0x31 Drivers/STM32F0xx_HAL_Driver/Src/stm32f0xx_hal_cortex.o
 .ARM.attributes
                0x0000000000000224       0x31 Drivers/STM32F0xx_HAL_Driver/Src/stm32f0xx_hal_crc.o
 .ARM.attributes
                0x0000000000000255       0x31 Drivers/STM32F0xx_HAL_Driver/Src/stm32f0xx_hal_dma.o
 .ARM.attributes
                0x0000000000000286       0x31 Drivers/STM32F0xx_HAL_Driver/Src/stm32f0xx_hal_gpio.o
 .ARM.attributes
                0x00000000000002b7       0x31 Drivers/STM32F0xx_HAL_Driver/Src/stm32f0xx_hal_rcc.o
 .ARM.attributes
                0x00000000000002e8       0x31 Drivers/STM32F0xx_HAL_Driver/Src/stm32f0xx_hal_rcc_ex.o
 .ARM.attributes
                0x0000000000000319       0x31 Drivers/STM32F0xx_HAL_Driver/Src/stm32f0xx_hal_rtc.o
 .ARM.attributes
                0x000000000000034a       0x31 Drivers/STM32F0xx_HAL_Driver/Src/stm32f0xx_hal_spi.o
 .ARM.attributes
                0x000000000000037b       0x31 Drivers/STM32F0xx_HAL_Driver/Src/stm32f0xx_hal_uart.o
 .ARM.attributes
                0x00000000000003ac       0x2c c:/st/stm32cubeide_1.1.0/stm32cubeide/plugins/com.st.stm32cube.ide.mcu.externaltools.gnu-tools-for-stm32.7-2018-q2-update.win32_1.0.0.201904181610/tools/bin/../lib/gcc/arm-none-eabi/7.3.1/../../../../arm-none-eabi/lib/thumb/v6-m\libc_nano.a(lib_a-init.o)
 .ARM.attributes
                0x00000000000003d8       0x2c c:/st/stm32cubeide_1.1.0/stm32cubeide/plugins/com.st.stm32cube.ide.mcu.externaltools.gnu-tools-for-stm32.7-2018-q2-update.win32_1.0.0.201904181610/tools/bin/../lib/gcc/arm-none-eabi/7.3.1/../../../../arm-none-eabi/lib/thumb/v6-m\libc_nano.a(lib_a-memcpy-stub.o)
 .ARM.attributes
                0x0000000000000404       0x2c c:/st/stm32cubeide_1.1.0/stm32cubeide/plugins/com.st.stm32cube.ide.mcu.externaltools.gnu-tools-for-stm32.7-2018-q2-update.win32_1.0.0.201904181610/tools/bin/../lib/gcc/arm-none-eabi/7.3.1/../../../../arm-none-eabi/lib/thumb/v6-m\libc_nano.a(lib_a-memset.o)
 .ARM.attributes
                0x0000000000000430       0x1e c:/st/stm32cubeide_1.1.0/stm32cubeide/plugins/com.st.stm32cube.ide.mcu.externaltools.gnu-tools-for-stm32.7-2018-q2-update.win32_1.0.0.201904181610/tools/bin/../lib/gcc/arm-none-eabi/7.3.1/thumb/v6-m\libgcc.a(_thumb1_case_uqi.o)
 .ARM.attributes
                0x000000000000044e       0x1e c:/st/stm32cubeide_1.1.0/stm32cubeide/plugins/com.st.stm32cube.ide.mcu.externaltools.gnu-tools-for-stm32.7-2018-q2-update.win32_1.0.0.201904181610/tools/bin/../lib/gcc/arm-none-eabi/7.3.1/thumb/v6-m\libgcc.a(_udivsi3.o)
 .ARM.attributes
                0x000000000000046c       0x1e c:/st/stm32cubeide_1.1.0/stm32cubeide/plugins/com.st.stm32cube.ide.mcu.externaltools.gnu-tools-for-stm32.7-2018-q2-update.win32_1.0.0.201904181610/tools/bin/../lib/gcc/arm-none-eabi/7.3.1/thumb/v6-m\libgcc.a(_dvmd_tls.o)
 .ARM.attributes
                0x000000000000048a       0x1e c:/st/stm32cubeide_1.1.0/stm32cubeide/plugins/com.st.stm32cube.ide.mcu.externaltools.gnu-tools-for-stm32.7-2018-q2-update.win32_1.0.0.201904181610/tools/bin/../lib/gcc/arm-none-eabi/7.3.1/thumb/v6-m/crtn.o
OUTPUT(CS_RC1.elf elf32-littlearm)

.comment        0x0000000000000000       0x7b
 .comment       0x0000000000000000       0x7b Common/common.o
                                         0x7c (size before relaxing)
 .comment       0x000000000000007b       0x7c Core/Src/main.o
 .comment       0x000000000000007b       0x7c Core/Src/owire.o
 .comment       0x000000000000007b       0x7c Core/Src/rc522.o
 .comment       0x000000000000007b       0x7c Core/Src/stm32f0xx_hal_msp.o
 .comment       0x000000000000007b       0x7c Core/Src/stm32f0xx_it.o
 .comment       0x000000000000007b       0x7c Core/Src/system_stm32f0xx.o
 .comment       0x000000000000007b       0x7c Drivers/STM32F0xx_HAL_Driver/Src/stm32f0xx_hal.o
 .comment       0x000000000000007b       0x7c Drivers/STM32F0xx_HAL_Driver/Src/stm32f0xx_hal_cortex.o
 .comment       0x000000000000007b       0x7c Drivers/STM32F0xx_HAL_Driver/Src/stm32f0xx_hal_crc.o
 .comment       0x000000000000007b       0x7c Drivers/STM32F0xx_HAL_Driver/Src/stm32f0xx_hal_dma.o
 .comment       0x000000000000007b       0x7c Drivers/STM32F0xx_HAL_Driver/Src/stm32f0xx_hal_gpio.o
 .comment       0x000000000000007b       0x7c Drivers/STM32F0xx_HAL_Driver/Src/stm32f0xx_hal_rcc.o
 .comment       0x000000000000007b       0x7c Drivers/STM32F0xx_HAL_Driver/Src/stm32f0xx_hal_rcc_ex.o
 .comment       0x000000000000007b       0x7c Drivers/STM32F0xx_HAL_Driver/Src/stm32f0xx_hal_rtc.o
 .comment       0x000000000000007b       0x7c Drivers/STM32F0xx_HAL_Driver/Src/stm32f0xx_hal_spi.o
 .comment       0x000000000000007b       0x7c Drivers/STM32F0xx_HAL_Driver/Src/stm32f0xx_hal_uart.o

.debug_frame    0x0000000000000000       0x94
 .debug_frame   0x0000000000000000       0x2c c:/st/stm32cubeide_1.1.0/stm32cubeide/plugins/com.st.stm32cube.ide.mcu.externaltools.gnu-tools-for-stm32.7-2018-q2-update.win32_1.0.0.201904181610/tools/bin/../lib/gcc/arm-none-eabi/7.3.1/../../../../arm-none-eabi/lib/thumb/v6-m\libc_nano.a(lib_a-init.o)
 .debug_frame   0x000000000000002c       0x28 c:/st/stm32cubeide_1.1.0/stm32cubeide/plugins/com.st.stm32cube.ide.mcu.externaltools.gnu-tools-for-stm32.7-2018-q2-update.win32_1.0.0.201904181610/tools/bin/../lib/gcc/arm-none-eabi/7.3.1/../../../../arm-none-eabi/lib/thumb/v6-m\libc_nano.a(lib_a-memcpy-stub.o)
 .debug_frame   0x0000000000000054       0x20 c:/st/stm32cubeide_1.1.0/stm32cubeide/plugins/com.st.stm32cube.ide.mcu.externaltools.gnu-tools-for-stm32.7-2018-q2-update.win32_1.0.0.201904181610/tools/bin/../lib/gcc/arm-none-eabi/7.3.1/../../../../arm-none-eabi/lib/thumb/v6-m\libc_nano.a(lib_a-memset.o)
 .debug_frame   0x0000000000000074       0x20 c:/st/stm32cubeide_1.1.0/stm32cubeide/plugins/com.st.stm32cube.ide.mcu.externaltools.gnu-tools-for-stm32.7-2018-q2-update.win32_1.0.0.201904181610/tools/bin/../lib/gcc/arm-none-eabi/7.3.1/thumb/v6-m\libgcc.a(_udivsi3.o)
