Archive member included to satisfy reference by file (symbol)

c:/st/stm32cubeide_1.1.0/stm32cubeide/plugins/com.st.stm32cube.ide.mcu.externaltools.gnu-tools-for-stm32.7-2018-q2-update.win32_1.0.0.201904181610/tools/bin/../lib/gcc/arm-none-eabi/7.3.1/../../../../arm-none-eabi/lib/thumb/v6-m\libc_nano.a(lib_a-errno.o)
                              Core/Src/syscalls.o (__errno)
c:/st/stm32cubeide_1.1.0/stm32cubeide/plugins/com.st.stm32cube.ide.mcu.externaltools.gnu-tools-for-stm32.7-2018-q2-update.win32_1.0.0.201904181610/tools/bin/../lib/gcc/arm-none-eabi/7.3.1/../../../../arm-none-eabi/lib/thumb/v6-m\libc_nano.a(lib_a-exit.o)
                              c:/st/stm32cubeide_1.1.0/stm32cubeide/plugins/com.st.stm32cube.ide.mcu.externaltools.gnu-tools-for-stm32.7-2018-q2-update.win32_1.0.0.201904181610/tools/bin/../lib/gcc/arm-none-eabi/7.3.1/../../../../arm-none-eabi/lib/thumb/v6-m/crt0.o (exit)
c:/st/stm32cubeide_1.1.0/stm32cubeide/plugins/com.st.stm32cube.ide.mcu.externaltools.gnu-tools-for-stm32.7-2018-q2-update.win32_1.0.0.201904181610/tools/bin/../lib/gcc/arm-none-eabi/7.3.1/../../../../arm-none-eabi/lib/thumb/v6-m\libc_nano.a(lib_a-impure.o)
                              c:/st/stm32cubeide_1.1.0/stm32cubeide/plugins/com.st.stm32cube.ide.mcu.externaltools.gnu-tools-for-stm32.7-2018-q2-update.win32_1.0.0.201904181610/tools/bin/../lib/gcc/arm-none-eabi/7.3.1/../../../../arm-none-eabi/lib/thumb/v6-m\libc_nano.a(lib_a-exit.o) (_global_impure_ptr)
c:/st/stm32cubeide_1.1.0/stm32cubeide/plugins/com.st.stm32cube.ide.mcu.externaltools.gnu-tools-for-stm32.7-2018-q2-update.win32_1.0.0.201904181610/tools/bin/../lib/gcc/arm-none-eabi/7.3.1/../../../../arm-none-eabi/lib/thumb/v6-m\libc_nano.a(lib_a-init.o)
                              c:/st/stm32cubeide_1.1.0/stm32cubeide/plugins/com.st.stm32cube.ide.mcu.externaltools.gnu-tools-for-stm32.7-2018-q2-update.win32_1.0.0.201904181610/tools/bin/../lib/gcc/arm-none-eabi/7.3.1/../../../../arm-none-eabi/lib/thumb/v6-m/crt0.o (__libc_init_array)
c:/st/stm32cubeide_1.1.0/stm32cubeide/plugins/com.st.stm32cube.ide.mcu.externaltools.gnu-tools-for-stm32.7-2018-q2-update.win32_1.0.0.201904181610/tools/bin/../lib/gcc/arm-none-eabi/7.3.1/../../../../arm-none-eabi/lib/thumb/v6-m\libc_nano.a(lib_a-memset.o)
                              c:/st/stm32cubeide_1.1.0/stm32cubeide/plugins/com.st.stm32cube.ide.mcu.externaltools.gnu-tools-for-stm32.7-2018-q2-update.win32_1.0.0.201904181610/tools/bin/../lib/gcc/arm-none-eabi/7.3.1/../../../../arm-none-eabi/lib/thumb/v6-m/crt0.o (memset)
c:/st/stm32cubeide_1.1.0/stm32cubeide/plugins/com.st.stm32cube.ide.mcu.externaltools.gnu-tools-for-stm32.7-2018-q2-update.win32_1.0.0.201904181610/tools/bin/../lib/gcc/arm-none-eabi/7.3.1/thumb/v6-m\libgcc.a(_udivsi3.o)
                              Common/common.o (__aeabi_uidiv)
c:/st/stm32cubeide_1.1.0/stm32cubeide/plugins/com.st.stm32cube.ide.mcu.externaltools.gnu-tools-for-stm32.7-2018-q2-update.win32_1.0.0.201904181610/tools/bin/../lib/gcc/arm-none-eabi/7.3.1/thumb/v6-m\libgcc.a(_dvmd_tls.o)
                              c:/st/stm32cubeide_1.1.0/stm32cubeide/plugins/com.st.stm32cube.ide.mcu.externaltools.gnu-tools-for-stm32.7-2018-q2-update.win32_1.0.0.201904181610/tools/bin/../lib/gcc/arm-none-eabi/7.3.1/thumb/v6-m\libgcc.a(_udivsi3.o) (__aeabi_idiv0)

Allocating common symbols
Common symbol       size              file

sector_0            0x40              Core/Src/rc522.o
hcrc                0x1c              Core/Src/main.o
rc522_tx_buff       0x10              Core/Src/rc522.o
sCard               0x12              Core/Src/rc522.o
uwTick              0x4               Drivers/STM32F0xx_HAL_Driver/Src/stm32f0xx_hal.o
pFlash              0x20              Drivers/STM32F0xx_HAL_Driver/Src/stm32f0xx_hal_flash.o
huart1              0x80              Core/Src/main.o
hrtc                0x20              Core/Src/main.o
rc522_rx_buff       0x10              Core/Src/rc522.o
sector_1            0x40              Core/Src/rc522.o
hspi1               0x64              Core/Src/main.o
sector_2            0x40              Core/Src/rc522.o

Discarded input sections

 .text          0x0000000000000000        0x0 c:/st/stm32cubeide_1.1.0/stm32cubeide/plugins/com.st.stm32cube.ide.mcu.externaltools.gnu-tools-for-stm32.7-2018-q2-update.win32_1.0.0.201904181610/tools/bin/../lib/gcc/arm-none-eabi/7.3.1/thumb/v6-m/crti.o
 .data          0x0000000000000000        0x0 c:/st/stm32cubeide_1.1.0/stm32cubeide/plugins/com.st.stm32cube.ide.mcu.externaltools.gnu-tools-for-stm32.7-2018-q2-update.win32_1.0.0.201904181610/tools/bin/../lib/gcc/arm-none-eabi/7.3.1/thumb/v6-m/crti.o
 .bss           0x0000000000000000        0x0 c:/st/stm32cubeide_1.1.0/stm32cubeide/plugins/com.st.stm32cube.ide.mcu.externaltools.gnu-tools-for-stm32.7-2018-q2-update.win32_1.0.0.201904181610/tools/bin/../lib/gcc/arm-none-eabi/7.3.1/thumb/v6-m/crti.o
[...]
Memory Configuration

Name             Origin             Length             Attributes
RAM              0x0000000020000000 0x0000000000001000 xrw
FLASH            0x0000000008000000 0x0000000000004000 xr
*default*        0x0000000000000000 0xffffffffffffffff

Linker script and memory map

LOAD c:/st/stm32cubeide_1.1.0/stm32cubeide/plugins/com.st.stm32cube.ide.mcu.externaltools.gnu-tools-for-stm32.7-2018-q2-update.win32_1.0.0.201904181610/tools/bin/../lib/gcc/arm-none-eabi/7.3.1/thumb/v6-m/crti.o
LOAD c:/st/stm32cubeide_1.1.0/stm32cubeide/plugins/com.st.stm32cube.ide.mcu.externaltools.gnu-tools-for-stm32.7-2018-q2-update.win32_1.0.0.201904181610/tools/bin/../lib/gcc/arm-none-eabi/7.3.1/thumb/v6-m/crtbegin.o
LOAD c:/st/stm32cubeide_1.1.0/stm32cubeide/plugins/com.st.stm32cube.ide.mcu.externaltools.gnu-tools-for-stm32.7-2018-q2-update.win32_1.0.0.201904181610/tools/bin/../lib/gcc/arm-none-eabi/7.3.1/../../../../arm-none-eabi/lib/thumb/v6-m/crt0.o
LOAD Common/common.o
LOAD Core/Src/main.o
LOAD Core/Src/rc522.o
LOAD Core/Src/stm32f0xx_hal_msp.o
LOAD Core/Src/stm32f0xx_it.o
LOAD Core/Src/syscalls.o
LOAD Core/Src/sysmem.o
LOAD Core/Src/system_stm32f0xx.o
LOAD Core/Startup/startup_stm32f030f4px.o
LOAD Drivers/STM32F0xx_HAL_Driver/Src/stm32f0xx_hal.o
LOAD Drivers/STM32F0xx_HAL_Driver/Src/stm32f0xx_hal_cortex.o
LOAD Drivers/STM32F0xx_HAL_Driver/Src/stm32f0xx_hal_crc.o
LOAD Drivers/STM32F0xx_HAL_Driver/Src/stm32f0xx_hal_crc_ex.o
LOAD Drivers/STM32F0xx_HAL_Driver/Src/stm32f0xx_hal_dma.o
LOAD Drivers/STM32F0xx_HAL_Driver/Src/stm32f0xx_hal_exti.o
LOAD Drivers/STM32F0xx_HAL_Driver/Src/stm32f0xx_hal_flash.o
LOAD Drivers/STM32F0xx_HAL_Driver/Src/stm32f0xx_hal_flash_ex.o
LOAD Drivers/STM32F0xx_HAL_Driver/Src/stm32f0xx_hal_gpio.o
LOAD Drivers/STM32F0xx_HAL_Driver/Src/stm32f0xx_hal_i2c.o
LOAD Drivers/STM32F0xx_HAL_Driver/Src/stm32f0xx_hal_i2c_ex.o
LOAD Drivers/STM32F0xx_HAL_Driver/Src/stm32f0xx_hal_pwr.o
LOAD Drivers/STM32F0xx_HAL_Driver/Src/stm32f0xx_hal_pwr_ex.o
LOAD Drivers/STM32F0xx_HAL_Driver/Src/stm32f0xx_hal_rcc.o
LOAD Drivers/STM32F0xx_HAL_Driver/Src/stm32f0xx_hal_rcc_ex.o
LOAD Drivers/STM32F0xx_HAL_Driver/Src/stm32f0xx_hal_rtc.o
LOAD Drivers/STM32F0xx_HAL_Driver/Src/stm32f0xx_hal_rtc_ex.o
LOAD Drivers/STM32F0xx_HAL_Driver/Src/stm32f0xx_hal_spi.o
LOAD Drivers/STM32F0xx_HAL_Driver/Src/stm32f0xx_hal_spi_ex.o
LOAD Drivers/STM32F0xx_HAL_Driver/Src/stm32f0xx_hal_tim.o
LOAD Drivers/STM32F0xx_HAL_Driver/Src/stm32f0xx_hal_tim_ex.o
LOAD Drivers/STM32F0xx_HAL_Driver/Src/stm32f0xx_hal_uart.o
LOAD Drivers/STM32F0xx_HAL_Driver/Src/stm32f0xx_hal_uart_ex.o
START GROUP
LOAD c:/st/stm32cubeide_1.1.0/stm32cubeide/plugins/com.st.stm32cube.ide.mcu.externaltools.gnu-tools-for-stm32.7-2018-q2-update.win32_1.0.0.201904181610/tools/bin/../lib/gcc/arm-none-eabi/7.3.1/../../../../arm-none-eabi/lib/thumb/v6-m\libc_nano.a
LOAD c:/st/stm32cubeide_1.1.0/stm32cubeide/plugins/com.st.stm32cube.ide.mcu.externaltools.gnu-tools-for-stm32.7-2018-q2-update.win32_1.0.0.201904181610/tools/bin/../lib/gcc/arm-none-eabi/7.3.1/../../../../arm-none-eabi/lib/thumb/v6-m\libm.a
END GROUP
START GROUP
LOAD c:/st/stm32cubeide_1.1.0/stm32cubeide/plugins/com.st.stm32cube.ide.mcu.externaltools.gnu-tools-for-stm32.7-2018-q2-update.win32_1.0.0.201904181610/tools/bin/../lib/gcc/arm-none-eabi/7.3.1/thumb/v6-m\libgcc.a
LOAD c:/st/stm32cubeide_1.1.0/stm32cubeide/plugins/com.st.stm32cube.ide.mcu.externaltools.gnu-tools-for-stm32.7-2018-q2-update.win32_1.0.0.201904181610/tools/bin/../lib/gcc/arm-none-eabi/7.3.1/../../../../arm-none-eabi/lib/thumb/v6-m\libc_nano.a
END GROUP
START GROUP
LOAD c:/st/stm32cubeide_1.1.0/stm32cubeide/plugins/com.st.stm32cube.ide.mcu.externaltools.gnu-tools-for-stm32.7-2018-q2-update.win32_1.0.0.201904181610/tools/bin/../lib/gcc/arm-none-eabi/7.3.1/thumb/v6-m\libgcc.a
LOAD c:/st/stm32cubeide_1.1.0/stm32cubeide/plugins/com.st.stm32cube.ide.mcu.externaltools.gnu-tools-for-stm32.7-2018-q2-update.win32_1.0.0.201904181610/tools/bin/../lib/gcc/arm-none-eabi/7.3.1/../../../../arm-none-eabi/lib/thumb/v6-m\libc_nano.a
LOAD c:/st/stm32cubeide_1.1.0/stm32cubeide/plugins/com.st.stm32cube.ide.mcu.externaltools.gnu-tools-for-stm32.7-2018-q2-update.win32_1.0.0.201904181610/tools/bin/../lib/gcc/arm-none-eabi/7.3.1/../../../../arm-none-eabi/lib/thumb/v6-m\libnosys.a
END GROUP
START GROUP
LOAD c:/st/stm32cubeide_1.1.0/stm32cubeide/plugins/com.st.stm32cube.ide.mcu.externaltools.gnu-tools-for-stm32.7-2018-q2-update.win32_1.0.0.201904181610/tools/bin/../lib/gcc/arm-none-eabi/7.3.1/thumb/v6-m\libgcc.a
LOAD c:/st/stm32cubeide_1.1.0/stm32cubeide/plugins/com.st.stm32cube.ide.mcu.externaltools.gnu-tools-for-stm32.7-2018-q2-update.win32_1.0.0.201904181610/tools/bin/../lib/gcc/arm-none-eabi/7.3.1/../../../../arm-none-eabi/lib/thumb/v6-m\libc_nano.a
LOAD c:/st/stm32cubeide_1.1.0/stm32cubeide/plugins/com.st.stm32cube.ide.mcu.externaltools.gnu-tools-for-stm32.7-2018-q2-update.win32_1.0.0.201904181610/tools/bin/../lib/gcc/arm-none-eabi/7.3.1/../../../../arm-none-eabi/lib/thumb/v6-m\libnosys.a
END GROUP
LOAD c:/st/stm32cubeide_1.1.0/stm32cubeide/plugins/com.st.stm32cube.ide.mcu.externaltools.gnu-tools-for-stm32.7-2018-q2-update.win32_1.0.0.201904181610/tools/bin/../lib/gcc/arm-none-eabi/7.3.1/thumb/v6-m/crtend.o
LOAD c:/st/stm32cubeide_1.1.0/stm32cubeide/plugins/com.st.stm32cube.ide.mcu.externaltools.gnu-tools-for-stm32.7-2018-q2-update.win32_1.0.0.201904181610/tools/bin/../lib/gcc/arm-none-eabi/7.3.1/thumb/v6-m/crtn.o
                0x0000000020001000                _estack = (ORIGIN (RAM) + LENGTH (RAM))
                0x0000000000000200                _Min_Heap_Size = 0x200
                0x0000000000000400                _Min_Stack_Size = 0x400

.isr_vector     0x0000000008000000       0xc0
                0x0000000008000000                . = ALIGN (0x4)
 *(.isr_vector)
 .isr_vector    0x0000000008000000       0xc0 Core/Startup/startup_stm32f030f4px.o
                0x0000000008000000                g_pfnVectors
                0x00000000080000c0                . = ALIGN (0x4)

.text           0x00000000080000c0     0x288c
                0x00000000080000c0                . = ALIGN (0x4)
 *(.text)
 .text          0x00000000080000c0       0x48 c:/st/stm32cubeide_1.1.0/stm32cubeide/plugins/com.st.stm32cube.ide.mcu.externaltools.gnu-tools-for-stm32.7-2018-q2-update.win32_1.0.0.201904181610/tools/bin/../lib/gcc/arm-none-eabi/7.3.1/thumb/v6-m/crtbegin.o
 .text          0x0000000008000108      0x114 c:/st/stm32cubeide_1.1.0/stm32cubeide/plugins/com.st.stm32cube.ide.mcu.externaltools.gnu-tools-for-stm32.7-2018-q2-update.win32_1.0.0.201904181610/tools/bin/../lib/gcc/arm-none-eabi/7.3.1/thumb/v6-m\libgcc.a(_udivsi3.o)
                0x0000000008000108                __aeabi_uidiv
                0x0000000008000108                __udivsi3
                0x0000000008000214                __aeabi_uidivmod
 .text          0x000000000800021c        0x4 c:/st/stm32cubeide_1.1.0/stm32cubeide/plugins/com.st.stm32cube.ide.mcu.externaltools.gnu-tools-for-stm32.7-2018-q2-update.win32_1.0.0.201904181610/tools/bin/../lib/gcc/arm-none-eabi/7.3.1/thumb/v6-m\libgcc.a(_dvmd_tls.o)
                0x000000000800021c                __aeabi_idiv0
                0x000000000800021c                __aeabi_ldiv0
 *(.text*)
 .text.mem_cpy  0x0000000008000220       0x14 Common/common.o
                0x0000000008000220                mem_cpy
 .text.mem_set  0x0000000008000234        0xc Common/common.o
                0x0000000008000234                mem_set
 .text.MX_GPIO_Init
                0x0000000008000240       0xa8 Core/Src/main.o
 .text.MX_CRC_Init
                0x00000000080002e8       0x24 Core/Src/main.o
 .text.MX_RTC_Init
                0x000000000800030c       0x5c Core/Src/main.o
 .text.MX_SPI1_Init
                0x0000000008000368       0x44 Core/Src/main.o
 .text.MX_UART1_Init
                0x00000000080003ac       0x38 Core/Src/main.o
 .text.SystemClock_Config
                0x00000000080003e4       0x70 Core/Src/main.o
                0x00000000080003e4                SystemClock_Config
 .text.main     0x0000000008000454       0x28 Core/Src/main.o
                0x0000000008000454                main
 .text.HAL_UART_TxCpltCallback
                0x000000000800047c        0x2 Core/Src/main.o
                0x000000000800047c                HAL_UART_TxCpltCallback
 *fill*         0x000000000800047e        0x2 
 .text.HAL_UART_ErrorCallback
                0x0000000008000480       0x38 Core/Src/main.o
                0x0000000008000480                HAL_UART_ErrorCallback
 .text.RC522_WriteRegister
                0x00000000080004b8       0x40 Core/Src/rc522.o
 .text.RC522_ReadRegister
                0x00000000080004f8       0x54 Core/Src/rc522.o
 .text.RC522_SetBitMask
                0x000000000800054c       0x16 Core/Src/rc522.o
 .text.RC522_AntennaOn
                0x0000000008000562       0x18 Core/Src/rc522.o
 .text.RC522_ClearBitMask
                0x000000000800057a       0x18 Core/Src/rc522.o
 *fill*         0x0000000008000592        0x2 
 .text.RC522_ToCard
                0x0000000008000594      0x138 Core/Src/rc522.o
 .text.RC522_Request
                0x00000000080006cc       0x3c Core/Src/rc522.o
 .text.RC522_Anticoll
                0x0000000008000708       0x48 Core/Src/rc522.o
 .text.RC522_CalculateCRC
                0x0000000008000750       0x56 Core/Src/rc522.o
 .text.RC522_SelectTag
                0x00000000080007a6       0x5c Core/Src/rc522.o
 .text.RC522_Read
                0x0000000008000802       0x44 Core/Src/rc522.o
 .text.RC522_Halt
                0x0000000008000846       0x38 Core/Src/rc522.o
 .text.RC522_Auth
                0x000000000800087e       0x5c Core/Src/rc522.o
 *fill*         0x00000000080008da        0x2 
 .text.RC522_Init
                0x00000000080008dc       0x7c Core/Src/rc522.o
                0x00000000080008dc                RC522_Init
 .text.RC522_Service
                0x0000000008000958      0x1a4 Core/Src/rc522.o
                0x0000000008000958                RC522_Service
 .text.HAL_MspInit
                0x0000000008000afc       0x30 Core/Src/stm32f0xx_hal_msp.o
                0x0000000008000afc                HAL_MspInit
 .text.HAL_CRC_MspInit
                0x0000000008000b2c       0x2c Core/Src/stm32f0xx_hal_msp.o
                0x0000000008000b2c                HAL_CRC_MspInit
 .text.HAL_RTC_MspInit
                0x0000000008000b58       0x20 Core/Src/stm32f0xx_hal_msp.o
                0x0000000008000b58                HAL_RTC_MspInit
 .text.HAL_SPI_MspInit
                0x0000000008000b78       0x64 Core/Src/stm32f0xx_hal_msp.o
                0x0000000008000b78                HAL_SPI_MspInit
 .text.HAL_UART_MspInit
                0x0000000008000bdc       0x78 Core/Src/stm32f0xx_hal_msp.o
                0x0000000008000bdc                HAL_UART_MspInit
 .text.NMI_Handler
                0x0000000008000c54        0x2 Core/Src/stm32f0xx_it.o
                0x0000000008000c54                NMI_Handler
 .text.HardFault_Handler
                0x0000000008000c56        0x2 Core/Src/stm32f0xx_it.o
                0x0000000008000c56                HardFault_Handler
 .text.SVC_Handler
                0x0000000008000c58        0x2 Core/Src/stm32f0xx_it.o
                0x0000000008000c58                SVC_Handler
 .text.PendSV_Handler
                0x0000000008000c5a        0x2 Core/Src/stm32f0xx_it.o
                0x0000000008000c5a                PendSV_Handler
 .text.SysTick_Handler
                0x0000000008000c5c        0x8 Core/Src/stm32f0xx_it.o
                0x0000000008000c5c                SysTick_Handler
 .text.USART1_IRQHandler
                0x0000000008000c64       0x10 Core/Src/stm32f0xx_it.o
                0x0000000008000c64                USART1_IRQHandler
 .text.SystemInit
                0x0000000008000c74        0x2 Core/Src/system_stm32f0xx.o
                0x0000000008000c74                SystemInit
 *fill*         0x0000000008000c76        0x2 
 .text.Reset_Handler
                0x0000000008000c78       0x50 Core/Startup/startup_stm32f030f4px.o
                0x0000000008000c78                Reset_Handler
 .text.Default_Handler
                0x0000000008000cc8        0x2 Core/Startup/startup_stm32f030f4px.o
                0x0000000008000cc8                TIM1_CC_IRQHandler
                0x0000000008000cc8                I2C1_IRQHandler
                0x0000000008000cc8                SPI1_IRQHandler
                0x0000000008000cc8                EXTI2_3_IRQHandler
                0x0000000008000cc8                ADC1_IRQHandler
                0x0000000008000cc8                TIM17_IRQHandler
                0x0000000008000cc8                RTC_IRQHandler
                0x0000000008000cc8                TIM16_IRQHandler
                0x0000000008000cc8                TIM3_IRQHandler
                0x0000000008000cc8                EXTI4_15_IRQHandler
                0x0000000008000cc8                RCC_IRQHandler
                0x0000000008000cc8                DMA1_Channel1_IRQHandler
                0x0000000008000cc8                Default_Handler
                0x0000000008000cc8                TIM14_IRQHandler
                0x0000000008000cc8                DMA1_Channel4_5_IRQHandler
                0x0000000008000cc8                EXTI0_1_IRQHandler
                0x0000000008000cc8                WWDG_IRQHandler
                0x0000000008000cc8                DMA1_Channel2_3_IRQHandler
                0x0000000008000cc8                FLASH_IRQHandler
                0x0000000008000cc8                TIM1_BRK_UP_TRG_COM_IRQHandler
 *fill*         0x0000000008000cca        0x2 
 .text.HAL_InitTick
                0x0000000008000ccc       0x50 Drivers/STM32F0xx_HAL_Driver/Src/stm32f0xx_hal.o
                0x0000000008000ccc                HAL_InitTick
 .text.HAL_Init
                0x0000000008000d1c       0x20 Drivers/STM32F0xx_HAL_Driver/Src/stm32f0xx_hal.o
                0x0000000008000d1c                HAL_Init
 .text.HAL_IncTick
                0x0000000008000d3c       0x18 Drivers/STM32F0xx_HAL_Driver/Src/stm32f0xx_hal.o
                0x0000000008000d3c                HAL_IncTick
 .text.HAL_GetTick
                0x0000000008000d54        0xc Drivers/STM32F0xx_HAL_Driver/Src/stm32f0xx_hal.o
                0x0000000008000d54                HAL_GetTick
 .text.HAL_Delay
                0x0000000008000d60       0x24 Drivers/STM32F0xx_HAL_Driver/Src/stm32f0xx_hal.o
                0x0000000008000d60                HAL_Delay
 .text.HAL_NVIC_SetPriority
                0x0000000008000d84       0x64 Drivers/STM32F0xx_HAL_Driver/Src/stm32f0xx_hal_cortex.o
                0x0000000008000d84                HAL_NVIC_SetPriority
 .text.HAL_NVIC_EnableIRQ
                0x0000000008000de8       0x18 Drivers/STM32F0xx_HAL_Driver/Src/stm32f0xx_hal_cortex.o
                0x0000000008000de8                HAL_NVIC_EnableIRQ
 .text.HAL_SYSTICK_Config
                0x0000000008000e00       0x38 Drivers/STM32F0xx_HAL_Driver/Src/stm32f0xx_hal_cortex.o
                0x0000000008000e00                HAL_SYSTICK_Config
 .text.HAL_CRC_Init
                0x0000000008000e38       0x56 Drivers/STM32F0xx_HAL_Driver/Src/stm32f0xx_hal_crc.o
                0x0000000008000e38                HAL_CRC_Init
 .text.HAL_DMA_Abort_IT
                0x0000000008000e8e       0x4a Drivers/STM32F0xx_HAL_Driver/Src/stm32f0xx_hal_dma.o
                0x0000000008000e8e                HAL_DMA_Abort_IT
 .text.HAL_GPIO_Init
                0x0000000008000ed8      0x18c Drivers/STM32F0xx_HAL_Driver/Src/stm32f0xx_hal_gpio.o
                0x0000000008000ed8                HAL_GPIO_Init
 .text.HAL_GPIO_WritePin
                0x0000000008001064        0xc Drivers/STM32F0xx_HAL_Driver/Src/stm32f0xx_hal_gpio.o
                0x0000000008001064                HAL_GPIO_WritePin
 .text.HAL_RCC_OscConfig
                0x0000000008001070      0x498 Drivers/STM32F0xx_HAL_Driver/Src/stm32f0xx_hal_rcc.o
                0x0000000008001070                HAL_RCC_OscConfig
 .text.HAL_RCC_GetSysClockFreq
                0x0000000008001508       0x70 Drivers/STM32F0xx_HAL_Driver/Src/stm32f0xx_hal_rcc.o
                0x0000000008001508                HAL_RCC_GetSysClockFreq
 .text.HAL_RCC_ClockConfig
                0x0000000008001578      0x130 Drivers/STM32F0xx_HAL_Driver/Src/stm32f0xx_hal_rcc.o
                0x0000000008001578                HAL_RCC_ClockConfig
 .text.HAL_RCC_GetHCLKFreq
                0x00000000080016a8        0xc Drivers/STM32F0xx_HAL_Driver/Src/stm32f0xx_hal_rcc.o
                0x00000000080016a8                HAL_RCC_GetHCLKFreq
 .text.HAL_RCC_GetPCLK1Freq
                0x00000000080016b4       0x20 Drivers/STM32F0xx_HAL_Driver/Src/stm32f0xx_hal_rcc.o
                0x00000000080016b4                HAL_RCC_GetPCLK1Freq
 .text.HAL_RCCEx_PeriphCLKConfig
                0x00000000080016d4      0x118 Drivers/STM32F0xx_HAL_Driver/Src/stm32f0xx_hal_rcc_ex.o
                0x00000000080016d4                HAL_RCCEx_PeriphCLKConfig
 .text.HAL_RTC_WaitForSynchro
                0x00000000080017ec       0x32 Drivers/STM32F0xx_HAL_Driver/Src/stm32f0xx_hal_rtc.o
                0x00000000080017ec                HAL_RTC_WaitForSynchro
 .text.RTC_EnterInitMode
                0x000000000800181e       0x3a Drivers/STM32F0xx_HAL_Driver/Src/stm32f0xx_hal_rtc.o
                0x000000000800181e                RTC_EnterInitMode
 .text.HAL_RTC_Init
                0x0000000008001858       0xc4 Drivers/STM32F0xx_HAL_Driver/Src/stm32f0xx_hal_rtc.o
                0x0000000008001858                HAL_RTC_Init
 .text.RTC_ByteToBcd2
                0x000000000800191c       0x16 Drivers/STM32F0xx_HAL_Driver/Src/stm32f0xx_hal_rtc.o
                0x000000000800191c                RTC_ByteToBcd2
 *fill*         0x0000000008001932        0x2 
 .text.HAL_RTC_SetTime
                0x0000000008001934       0xfc Drivers/STM32F0xx_HAL_Driver/Src/stm32f0xx_hal_rtc.o
                0x0000000008001934                HAL_RTC_SetTime
 .text.HAL_RTC_SetDate
                0x0000000008001a30       0xd8 Drivers/STM32F0xx_HAL_Driver/Src/stm32f0xx_hal_rtc.o
                0x0000000008001a30                HAL_RTC_SetDate
 .text.SPI_WaitFlagStateUntilTimeout
                0x0000000008001b08       0x9c Drivers/STM32F0xx_HAL_Driver/Src/stm32f0xx_hal_spi.o
 .text.SPI_WaitFifoStateUntilTimeout
                0x0000000008001ba4       0xa8 Drivers/STM32F0xx_HAL_Driver/Src/stm32f0xx_hal_spi.o
 .text.SPI_EndRxTxTransaction
                0x0000000008001c4c       0x68 Drivers/STM32F0xx_HAL_Driver/Src/stm32f0xx_hal_spi.o
 .text.HAL_SPI_Init
                0x0000000008001cb4       0xcc Drivers/STM32F0xx_HAL_Driver/Src/stm32f0xx_hal_spi.o
                0x0000000008001cb4                HAL_SPI_Init
 .text.HAL_SPI_Transmit
                0x0000000008001d80      0x1e0 Drivers/STM32F0xx_HAL_Driver/Src/stm32f0xx_hal_spi.o
                0x0000000008001d80                HAL_SPI_Transmit
 .text.HAL_SPI_TransmitReceive
                0x0000000008001f60      0x2d0 Drivers/STM32F0xx_HAL_Driver/Src/stm32f0xx_hal_spi.o
                0x0000000008001f60                HAL_SPI_TransmitReceive
 .text.UART_EndRxTransfer
                0x0000000008002230       0x24 Drivers/STM32F0xx_HAL_Driver/Src/stm32f0xx_hal_uart.o
 .text.UART_EndTransmit_IT
                0x0000000008002254       0x1a Drivers/STM32F0xx_HAL_Driver/Src/stm32f0xx_hal_uart.o
 *fill*         0x000000000800226e        0x2 
 .text.HAL_UART_IRQHandler
                0x0000000008002270      0x14c Drivers/STM32F0xx_HAL_Driver/Src/stm32f0xx_hal_uart.o
                0x0000000008002270                HAL_UART_IRQHandler
 .text.UART_DMAAbortOnError
                0x00000000080023bc       0x14 Drivers/STM32F0xx_HAL_Driver/Src/stm32f0xx_hal_uart.o
 .text.UART_SetConfig
                0x00000000080023d0      0x1c4 Drivers/STM32F0xx_HAL_Driver/Src/stm32f0xx_hal_uart.o
                0x00000000080023d0                UART_SetConfig
 .text.UART_AdvFeatureConfig
                0x0000000008002594       0xe0 Drivers/STM32F0xx_HAL_Driver/Src/stm32f0xx_hal_uart.o
                0x0000000008002594                UART_AdvFeatureConfig
 .text.UART_WaitOnFlagUntilTimeout
                0x0000000008002674       0xa4 Drivers/STM32F0xx_HAL_Driver/Src/stm32f0xx_hal_uart.o
                0x0000000008002674                UART_WaitOnFlagUntilTimeout
 .text.HAL_UART_Transmit
                0x0000000008002718       0xec Drivers/STM32F0xx_HAL_Driver/Src/stm32f0xx_hal_uart.o
                0x0000000008002718                HAL_UART_Transmit
 .text.UART_CheckIdleState
                0x0000000008002804       0x6c Drivers/STM32F0xx_HAL_Driver/Src/stm32f0xx_hal_uart.o
                0x0000000008002804                UART_CheckIdleState
 .text.HAL_UART_Init
                0x0000000008002870       0x6c Drivers/STM32F0xx_HAL_Driver/Src/stm32f0xx_hal_uart.o
                0x0000000008002870                HAL_UART_Init
 .text.__libc_init_array
                0x00000000080028dc       0x48 c:/st/stm32cubeide_1.1.0/stm32cubeide/plugins/com.st.stm32cube.ide.mcu.externaltools.gnu-tools-for-stm32.7-2018-q2-update.win32_1.0.0.201904181610/tools/bin/../lib/gcc/arm-none-eabi/7.3.1/../../../../arm-none-eabi/lib/thumb/v6-m\libc_nano.a(lib_a-init.o)
                0x00000000080028dc                __libc_init_array
 .text.memset   0x0000000008002924       0x10 c:/st/stm32cubeide_1.1.0/stm32cubeide/plugins/com.st.stm32cube.ide.mcu.externaltools.gnu-tools-for-stm32.7-2018-q2-update.win32_1.0.0.201904181610/tools/bin/../lib/gcc/arm-none-eabi/7.3.1/../../../../arm-none-eabi/lib/thumb/v6-m\libc_nano.a(lib_a-memset.o)
                0x0000000008002924                memset
 *(.glue_7)
 .glue_7        0x0000000008002934        0x0 linker stubs
 *(.glue_7t)
 .glue_7t       0x0000000008002934        0x0 linker stubs
 *(.eh_frame)
 .eh_frame      0x0000000008002934        0x0 c:/st/stm32cubeide_1.1.0/stm32cubeide/plugins/com.st.stm32cube.ide.mcu.externaltools.gnu-tools-for-stm32.7-2018-q2-update.win32_1.0.0.201904181610/tools/bin/../lib/gcc/arm-none-eabi/7.3.1/thumb/v6-m/crtbegin.o
 *(.init)
 .init          0x0000000008002934        0x4 c:/st/stm32cubeide_1.1.0/stm32cubeide/plugins/com.st.stm32cube.ide.mcu.externaltools.gnu-tools-for-stm32.7-2018-q2-update.win32_1.0.0.201904181610/tools/bin/../lib/gcc/arm-none-eabi/7.3.1/thumb/v6-m/crti.o
                0x0000000008002934                _init
 .init          0x0000000008002938        0x8 c:/st/stm32cubeide_1.1.0/stm32cubeide/plugins/com.st.stm32cube.ide.mcu.externaltools.gnu-tools-for-stm32.7-2018-q2-update.win32_1.0.0.201904181610/tools/bin/../lib/gcc/arm-none-eabi/7.3.1/thumb/v6-m/crtn.o
 *(.fini)
 .fini          0x0000000008002940        0x4 c:/st/stm32cubeide_1.1.0/stm32cubeide/plugins/com.st.stm32cube.ide.mcu.externaltools.gnu-tools-for-stm32.7-2018-q2-update.win32_1.0.0.201904181610/tools/bin/../lib/gcc/arm-none-eabi/7.3.1/thumb/v6-m/crti.o
                0x0000000008002940                _fini
 .fini          0x0000000008002944        0x8 c:/st/stm32cubeide_1.1.0/stm32cubeide/plugins/com.st.stm32cube.ide.mcu.externaltools.gnu-tools-for-stm32.7-2018-q2-update.win32_1.0.0.201904181610/tools/bin/../lib/gcc/arm-none-eabi/7.3.1/thumb/v6-m/crtn.o
                0x000000000800294c                . = ALIGN (0x4)
                0x000000000800294c                _etext = .

.vfp11_veneer   0x000000000800294c        0x0
 .vfp11_veneer  0x000000000800294c        0x0 linker stubs

.v4_bx          0x000000000800294c        0x0
 .v4_bx         0x000000000800294c        0x0 linker stubs

.iplt           0x000000000800294c        0x0
 .iplt          0x000000000800294c        0x0 c:/st/stm32cubeide_1.1.0/stm32cubeide/plugins/com.st.stm32cube.ide.mcu.externaltools.gnu-tools-for-stm32.7-2018-q2-update.win32_1.0.0.201904181610/tools/bin/../lib/gcc/arm-none-eabi/7.3.1/thumb/v6-m/crtbegin.o

.rodata         0x000000000800294c       0x50
                0x000000000800294c                . = ALIGN (0x4)
 *(.rodata)
 .rodata        0x000000000800294c       0x15 Core/Src/rc522.o
 *fill*         0x0000000008002961        0x3 
 .rodata        0x0000000008002964       0x20 Drivers/STM32F0xx_HAL_Driver/Src/stm32f0xx_hal_rcc.o
 *(.rodata*)
 .rodata.AHBPrescTable
                0x0000000008002984       0x10 Core/Src/system_stm32f0xx.o
                0x0000000008002984                AHBPrescTable
 .rodata.APBPrescTable
                0x0000000008002994        0x8 Core/Src/system_stm32f0xx.o
                0x0000000008002994                APBPrescTable
                0x000000000800299c                . = ALIGN (0x4)

.rel.dyn        0x000000000800299c        0x0
 .rel.iplt      0x000000000800299c        0x0 c:/st/stm32cubeide_1.1.0/stm32cubeide/plugins/com.st.stm32cube.ide.mcu.externaltools.gnu-tools-for-stm32.7-2018-q2-update.win32_1.0.0.201904181610/tools/bin/../lib/gcc/arm-none-eabi/7.3.1/thumb/v6-m/crtbegin.o

.ARM.extab      0x000000000800299c        0x0
                0x000000000800299c                . = ALIGN (0x4)
 *(.ARM.extab* .gnu.linkonce.armextab.*)
                0x000000000800299c                . = ALIGN (0x4)

.ARM            0x000000000800299c        0x0
                0x000000000800299c                . = ALIGN (0x4)
                0x000000000800299c                __exidx_start = .
 *(.ARM.exidx*)
                0x000000000800299c                __exidx_end = .
                0x000000000800299c                . = ALIGN (0x4)

.preinit_array  0x000000000800299c        0x0
                0x000000000800299c                . = ALIGN (0x4)
                0x000000000800299c                PROVIDE (__preinit_array_start = .)
 *(.preinit_array*)
                0x000000000800299c                PROVIDE (__preinit_array_end = .)
                0x000000000800299c                . = ALIGN (0x4)

.init_array     0x000000000800299c        0x4
                0x000000000800299c                . = ALIGN (0x4)
                0x000000000800299c                PROVIDE (__init_array_start = .)
 *(SORT_BY_NAME(.init_array.*))
 *(.init_array*)
 .init_array    0x000000000800299c        0x4 c:/st/stm32cubeide_1.1.0/stm32cubeide/plugins/com.st.stm32cube.ide.mcu.externaltools.gnu-tools-for-stm32.7-2018-q2-update.win32_1.0.0.201904181610/tools/bin/../lib/gcc/arm-none-eabi/7.3.1/thumb/v6-m/crtbegin.o
                0x00000000080029a0                PROVIDE (__init_array_end = .)
                0x00000000080029a0                . = ALIGN (0x4)

.fini_array     0x00000000080029a0        0x4
                0x00000000080029a0                . = ALIGN (0x4)
                [!provide]                        PROVIDE (__fini_array_start = .)
 *(SORT_BY_NAME(.fini_array.*))
 *(.fini_array*)
 .fini_array    0x00000000080029a0        0x4 c:/st/stm32cubeide_1.1.0/stm32cubeide/plugins/com.st.stm32cube.ide.mcu.externaltools.gnu-tools-for-stm32.7-2018-q2-update.win32_1.0.0.201904181610/tools/bin/../lib/gcc/arm-none-eabi/7.3.1/thumb/v6-m/crtbegin.o
                [!provide]                        PROVIDE (__fini_array_end = .)
                0x00000000080029a4                . = ALIGN (0x4)
                0x00000000080029a4                _sidata = LOADADDR (.data)

.data           0x0000000020000000       0x14 load address 0x00000000080029a4
                0x0000000020000000                . = ALIGN (0x4)
                0x0000000020000000                _sdata = .
 *(.data)
 *(.data*)
 .data.mifare_keya
                0x0000000020000000        0x6 Core/Src/rc522.o
                0x0000000020000000                mifare_keya
 *fill*         0x0000000020000006        0x2 
 .data.SystemCoreClock
                0x0000000020000008        0x4 Core/Src/system_stm32f0xx.o
                0x0000000020000008                SystemCoreClock
 .data.uwTickFreq
                0x000000002000000c        0x1 Drivers/STM32F0xx_HAL_Driver/Src/stm32f0xx_hal.o
                0x000000002000000c                uwTickFreq
 *fill*         0x000000002000000d        0x3 
 .data.uwTickPrio
                0x0000000020000010        0x4 Drivers/STM32F0xx_HAL_Driver/Src/stm32f0xx_hal.o
                0x0000000020000010                uwTickPrio
                0x0000000020000014                . = ALIGN (0x4)
                0x0000000020000014                _edata = .

.igot.plt       0x0000000020000014        0x0 load address 0x00000000080029b8
 .igot.plt      0x0000000020000014        0x0 c:/st/stm32cubeide_1.1.0/stm32cubeide/plugins/com.st.stm32cube.ide.mcu.externaltools.gnu-tools-for-stm32.7-2018-q2-update.win32_1.0.0.201904181610/tools/bin/../lib/gcc/arm-none-eabi/7.3.1/thumb/v6-m/crtbegin.o
                0x0000000020000014                . = ALIGN (0x4)

.bss            0x0000000020000014      0x15c load address 0x00000000080029b8
                0x0000000020000014                _sbss = .
                0x0000000020000014                __bss_start__ = _sbss
 *(.bss)
 .bss           0x0000000020000014       0x1c c:/st/stm32cubeide_1.1.0/stm32cubeide/plugins/com.st.stm32cube.ide.mcu.externaltools.gnu-tools-for-stm32.7-2018-q2-update.win32_1.0.0.201904181610/tools/bin/../lib/gcc/arm-none-eabi/7.3.1/thumb/v6-m/crtbegin.o
 *(.bss*)
 .bss.COM_State
                0x0000000020000030        0x1 Common/common.o
                0x0000000020000030                COM_State
 *fill*         0x0000000020000031        0x3 
 .bss.sDate     0x0000000020000034        0x4 Core/Src/main.o
                0x0000000020000034                sDate
 .bss.sTime     0x0000000020000038       0x14 Core/Src/main.o
                0x0000000020000038                sTime
 *(COMMON)
 COMMON         0x000000002000004c      0x120 Core/Src/main.o
                0x000000002000004c                hcrc
                0x0000000020000068                huart1
                0x00000000200000e8                hrtc
                0x0000000020000108                hspi1
 COMMON         0x000000002000016c        0x4 Drivers/STM32F0xx_HAL_Driver/Src/stm32f0xx_hal.o
                0x000000002000016c                uwTick
                0x0000000020000170                . = ALIGN (0x4)
                0x0000000020000170                _ebss = .
                0x0000000020000170                __bss_end__ = _ebss

._user_heap_stack
                0x0000000020000170      0x600 load address 0x00000000080029b8
                0x0000000020000170                . = ALIGN (0x8)
                0x0000000020000170                PROVIDE (end = .)
                [!provide]                        PROVIDE (_end = .)
                0x0000000020000370                . = (. + _Min_Heap_Size)
 *fill*         0x0000000020000170      0x200 
                0x0000000020000770                . = (. + _Min_Stack_Size)
 *fill*         0x0000000020000370      0x400 
                0x0000000020000770                . = ALIGN (0x8)

/DISCARD/
 libc.a(*)
 libm.a(*)
 libgcc.a(*)

.ARM.attributes
                0x0000000000000000       0x28
 *(.ARM.attributes)
 .ARM.attributes
                0x0000000000000000       0x1e c:/st/stm32cubeide_1.1.0/stm32cubeide/plugins/com.st.stm32cube.ide.mcu.externaltools.gnu-tools-for-stm32.7-2018-q2-update.win32_1.0.0.201904181610/tools/bin/../lib/gcc/arm-none-eabi/7.3.1/thumb/v6-m/crti.o
 .ARM.attributes
                0x000000000000001e       0x2c c:/st/stm32cubeide_1.1.0/stm32cubeide/plugins/com.st.stm32cube.ide.mcu.externaltools.gnu-tools-for-stm32.7-2018-q2-update.win32_1.0.0.201904181610/tools/bin/../lib/gcc/arm-none-eabi/7.3.1/thumb/v6-m/crtbegin.o
 .ARM.attributes
                0x000000000000004a       0x31 Common/common.o
 .ARM.attributes
                0x000000000000007b       0x31 Core/Src/main.o
 .ARM.attributes
                0x00000000000000ac       0x31 Core/Src/rc522.o
 .ARM.attributes
                0x00000000000000dd       0x31 Core/Src/stm32f0xx_hal_msp.o
 .ARM.attributes
                0x000000000000010e       0x31 Core/Src/stm32f0xx_it.o
 .ARM.attributes
                0x000000000000013f       0x31 Core/Src/system_stm32f0xx.o
 .ARM.attributes
                0x0000000000000170       0x21 Core/Startup/startup_stm32f030f4px.o
 .ARM.attributes
                0x0000000000000191       0x31 Drivers/STM32F0xx_HAL_Driver/Src/stm32f0xx_hal.o
 .ARM.attributes
                0x00000000000001c2       0x31 Drivers/STM32F0xx_HAL_Driver/Src/stm32f0xx_hal_cortex.o
 .ARM.attributes
                0x00000000000001f3       0x31 Drivers/STM32F0xx_HAL_Driver/Src/stm32f0xx_hal_crc.o
 .ARM.attributes
                0x0000000000000224       0x31 Drivers/STM32F0xx_HAL_Driver/Src/stm32f0xx_hal_dma.o
 .ARM.attributes
                0x0000000000000255       0x31 Drivers/STM32F0xx_HAL_Driver/Src/stm32f0xx_hal_gpio.o
 .ARM.attributes
                0x0000000000000286       0x31 Drivers/STM32F0xx_HAL_Driver/Src/stm32f0xx_hal_rcc.o
 .ARM.attributes
                0x00000000000002b7       0x31 Drivers/STM32F0xx_HAL_Driver/Src/stm32f0xx_hal_rcc_ex.o
 .ARM.attributes
                0x00000000000002e8       0x31 Drivers/STM32F0xx_HAL_Driver/Src/stm32f0xx_hal_rtc.o
 .ARM.attributes
                0x0000000000000319       0x31 Drivers/STM32F0xx_HAL_Driver/Src/stm32f0xx_hal_spi.o
 .ARM.attributes
                0x000000000000034a       0x31 Drivers/STM32F0xx_HAL_Driver/Src/stm32f0xx_hal_uart.o
 .ARM.attributes
                0x000000000000037b       0x2c c:/st/stm32cubeide_1.1.0/stm32cubeide/plugins/com.st.stm32cube.ide.mcu.externaltools.gnu-tools-for-stm32.7-2018-q2-update.win32_1.0.0.201904181610/tools/bin/../lib/gcc/arm-none-eabi/7.3.1/../../../../arm-none-eabi/lib/thumb/v6-m\libc_nano.a(lib_a-init.o)
 .ARM.attributes
                0x00000000000003a7       0x2c c:/st/stm32cubeide_1.1.0/stm32cubeide/plugins/com.st.stm32cube.ide.mcu.externaltools.gnu-tools-for-stm32.7-2018-q2-update.win32_1.0.0.201904181610/tools/bin/../lib/gcc/arm-none-eabi/7.3.1/../../../../arm-none-eabi/lib/thumb/v6-m\libc_nano.a(lib_a-memset.o)
 .ARM.attributes
                0x00000000000003d3       0x1e c:/st/stm32cubeide_1.1.0/stm32cubeide/plugins/com.st.stm32cube.ide.mcu.externaltools.gnu-tools-for-stm32.7-2018-q2-update.win32_1.0.0.201904181610/tools/bin/../lib/gcc/arm-none-eabi/7.3.1/thumb/v6-m\libgcc.a(_udivsi3.o)
 .ARM.attributes
                0x00000000000003f1       0x1e c:/st/stm32cubeide_1.1.0/stm32cubeide/plugins/com.st.stm32cube.ide.mcu.externaltools.gnu-tools-for-stm32.7-2018-q2-update.win32_1.0.0.201904181610/tools/bin/../lib/gcc/arm-none-eabi/7.3.1/thumb/v6-m\libgcc.a(_dvmd_tls.o)
 .ARM.attributes
                0x000000000000040f       0x1e c:/st/stm32cubeide_1.1.0/stm32cubeide/plugins/com.st.stm32cube.ide.mcu.externaltools.gnu-tools-for-stm32.7-2018-q2-update.win32_1.0.0.201904181610/tools/bin/../lib/gcc/arm-none-eabi/7.3.1/thumb/v6-m/crtn.o
OUTPUT(CR_RC1.elf elf32-littlearm)

.debug_info     0x0000000000000000    0x1152b
 .debug_info    0x0000000000000000     0x2049 Common/common.o
 .debug_info    0x0000000000002049     0x1f80 Core/Src/main.o
 .debug_info    0x0000000000003fc9     0x27d2 Core/Src/rc522.o
 .debug_info    0x000000000000679b     0x1c2e Core/Src/stm32f0xx_hal_msp.o
 .debug_info    0x00000000000083c9     0x171d Core/Src/stm32f0xx_it.o
 .debug_info    0x0000000000009ae6      0x2a2 Core/Src/system_stm32f0xx.o
 .debug_info    0x0000000000009d88       0x22 Core/Startup/startup_stm32f030f4px.o
 .debug_info    0x0000000000009daa      0x6ec Drivers/STM32F0xx_HAL_Driver/Src/stm32f0xx_hal.o
 .debug_info    0x000000000000a496      0x7f5 Drivers/STM32F0xx_HAL_Driver/Src/stm32f0xx_hal_cortex.o
 .debug_info    0x000000000000ac8b      0x63d Drivers/STM32F0xx_HAL_Driver/Src/stm32f0xx_hal_crc.o
 .debug_info    0x000000000000b2c8      0x85d Drivers/STM32F0xx_HAL_Driver/Src/stm32f0xx_hal_dma.o
 .debug_info    0x000000000000bb25      0x66b Drivers/STM32F0xx_HAL_Driver/Src/stm32f0xx_hal_gpio.o
 .debug_info    0x000000000000c190      0x9d5 Drivers/STM32F0xx_HAL_Driver/Src/stm32f0xx_hal_rcc.o
 .debug_info    0x000000000000cb65      0x438 Drivers/STM32F0xx_HAL_Driver/Src/stm32f0xx_hal_rcc_ex.o
 .debug_info    0x000000000000cf9d      0xcf7 Drivers/STM32F0xx_HAL_Driver/Src/stm32f0xx_hal_rtc.o
 .debug_info    0x000000000000dc94     0x1e2c Drivers/STM32F0xx_HAL_Driver/Src/stm32f0xx_hal_spi.o
 .debug_info    0x000000000000fac0     0x1a6b Drivers/STM32F0xx_HAL_Driver/Src/stm32f0xx_hal_uart.o

.debug_abbrev   0x0000000000000000     0x24b1
 .debug_abbrev  0x0000000000000000      0x3a7 Common/common.o
 .debug_abbrev  0x00000000000003a7      0x2f6 Core/Src/main.o
 .debug_abbrev  0x000000000000069d      0x2f5 Core/Src/rc522.o
 .debug_abbrev  0x0000000000000992      0x29b Core/Src/stm32f0xx_hal_msp.o
 .debug_abbrev  0x0000000000000c2d      0x203 Core/Src/stm32f0xx_it.o
 .debug_abbrev  0x0000000000000e30      0x12b Core/Src/system_stm32f0xx.o
 .debug_abbrev  0x0000000000000f5b       0x12 Core/Startup/startup_stm32f030f4px.o
 .debug_abbrev  0x0000000000000f6d      0x234 Drivers/STM32F0xx_HAL_Driver/Src/stm32f0xx_hal.o
 .debug_abbrev  0x00000000000011a1      0x264 Drivers/STM32F0xx_HAL_Driver/Src/stm32f0xx_hal_cortex.o
 .debug_abbrev  0x0000000000001405      0x21a Drivers/STM32F0xx_HAL_Driver/Src/stm32f0xx_hal_crc.o
 .debug_abbrev  0x000000000000161f      0x20d Drivers/STM32F0xx_HAL_Driver/Src/stm32f0xx_hal_dma.o
 .debug_abbrev  0x000000000000182c      0x1de Drivers/STM32F0xx_HAL_Driver/Src/stm32f0xx_hal_gpio.o
 .debug_abbrev  0x0000000000001a0a      0x24e Drivers/STM32F0xx_HAL_Driver/Src/stm32f0xx_hal_rcc.o
 .debug_abbrev  0x0000000000001c58      0x1ba Drivers/STM32F0xx_HAL_Driver/Src/stm32f0xx_hal_rcc_ex.o
 .debug_abbrev  0x0000000000001e12      0x1e8 Drivers/STM32F0xx_HAL_Driver/Src/stm32f0xx_hal_rtc.o
 .debug_abbrev  0x0000000000001ffa      0x26c Drivers/STM32F0xx_HAL_Driver/Src/stm32f0xx_hal_spi.o
 .debug_abbrev  0x0000000000002266      0x24b Drivers/STM32F0xx_HAL_Driver/Src/stm32f0xx_hal_uart.o

.debug_loc      0x0000000000000000     0x726d
 .debug_loc     0x0000000000000000      0x988 Common/common.o
 .debug_loc     0x0000000000000988      0x918 Core/Src/rc522.o
 .debug_loc     0x00000000000012a0       0xe2 Core/Src/stm32f0xx_hal_msp.o
 .debug_loc     0x0000000000001382      0x13b Core/Src/system_stm32f0xx.o
 .debug_loc     0x00000000000014bd      0x11b Drivers/STM32F0xx_HAL_Driver/Src/stm32f0xx_hal.o
 .debug_loc     0x00000000000015d8      0x3b7 Drivers/STM32F0xx_HAL_Driver/Src/stm32f0xx_hal_cortex.o
 .debug_loc     0x000000000000198f      0x524 Drivers/STM32F0xx_HAL_Driver/Src/stm32f0xx_hal_crc.o
 .debug_loc     0x0000000000001eb3      0x807 Drivers/STM32F0xx_HAL_Driver/Src/stm32f0xx_hal_dma.o
 .debug_loc     0x00000000000026ba      0x33d Drivers/STM32F0xx_HAL_Driver/Src/stm32f0xx_hal_gpio.o
 .debug_loc     0x00000000000029f7      0x4a6 Drivers/STM32F0xx_HAL_Driver/Src/stm32f0xx_hal_rcc.o
 .debug_loc     0x0000000000002e9d      0x359 Drivers/STM32F0xx_HAL_Driver/Src/stm32f0xx_hal_rcc_ex.o
 .debug_loc     0x00000000000031f6      0xaea Drivers/STM32F0xx_HAL_Driver/Src/stm32f0xx_hal_rtc.o
 .debug_loc     0x0000000000003ce0     0x1c75 Drivers/STM32F0xx_HAL_Driver/Src/stm32f0xx_hal_spi.o
 .debug_loc     0x0000000000005955     0x1918 Drivers/STM32F0xx_HAL_Driver/Src/stm32f0xx_hal_uart.o

.debug_aranges  0x0000000000000000      0xaa0
 .debug_aranges
                0x0000000000000000       0xd0 Common/common.o
 .debug_aranges
                0x00000000000000d0       0x70 Core/Src/main.o
 .debug_aranges
                0x0000000000000140       0x90 Core/Src/rc522.o
 .debug_aranges
                0x00000000000001d0       0x60 Core/Src/stm32f0xx_hal_msp.o
 .debug_aranges
                0x0000000000000230       0x48 Core/Src/stm32f0xx_it.o
 .debug_aranges
                0x0000000000000278       0x28 Core/Src/system_stm32f0xx.o
 .debug_aranges
                0x00000000000002a0       0x28 Core/Startup/startup_stm32f030f4px.o
 .debug_aranges
                0x00000000000002c8       0xd0 Drivers/STM32F0xx_HAL_Driver/Src/stm32f0xx_hal.o
 .debug_aranges
                0x0000000000000398       0x78 Drivers/STM32F0xx_HAL_Driver/Src/stm32f0xx_hal_cortex.o
 .debug_aranges
                0x0000000000000410       0x70 Drivers/STM32F0xx_HAL_Driver/Src/stm32f0xx_hal_crc.o
 .debug_aranges
                0x0000000000000480       0x88 Drivers/STM32F0xx_HAL_Driver/Src/stm32f0xx_hal_dma.o
 .debug_aranges
                0x0000000000000508       0x58 Drivers/STM32F0xx_HAL_Driver/Src/stm32f0xx_hal_gpio.o
 .debug_aranges
                0x0000000000000560       0x80 Drivers/STM32F0xx_HAL_Driver/Src/stm32f0xx_hal_rcc.o
 .debug_aranges
                0x00000000000005e0       0x30 Drivers/STM32F0xx_HAL_Driver/Src/stm32f0xx_hal_rcc_ex.o
 .debug_aranges
                0x0000000000000610       0xb8 Drivers/STM32F0xx_HAL_Driver/Src/stm32f0xx_hal_rtc.o
 .debug_aranges
                0x00000000000006c8      0x1d8 Drivers/STM32F0xx_HAL_Driver/Src/stm32f0xx_hal_spi.o
 .debug_aranges
                0x00000000000008a0      0x200 Drivers/STM32F0xx_HAL_Driver/Src/stm32f0xx_hal_uart.o

.debug_ranges   0x0000000000000000      0xa40
 .debug_ranges  0x0000000000000000       0xd8 Common/common.o
 .debug_ranges  0x00000000000000d8       0x60 Core/Src/main.o
 .debug_ranges  0x0000000000000138       0x80 Core/Src/rc522.o
 .debug_ranges  0x00000000000001b8       0x50 Core/Src/stm32f0xx_hal_msp.o
 .debug_ranges  0x0000000000000208       0x38 Core/Src/stm32f0xx_it.o
 .debug_ranges  0x0000000000000240       0x18 Core/Src/system_stm32f0xx.o
 .debug_ranges  0x0000000000000258       0x20 Core/Startup/startup_stm32f030f4px.o
 .debug_ranges  0x0000000000000278       0xc0 Drivers/STM32F0xx_HAL_Driver/Src/stm32f0xx_hal.o
 .debug_ranges  0x0000000000000338       0xc8 Drivers/STM32F0xx_HAL_Driver/Src/stm32f0xx_hal_cortex.o
 .debug_ranges  0x0000000000000400       0x60 Drivers/STM32F0xx_HAL_Driver/Src/stm32f0xx_hal_crc.o
 .debug_ranges  0x0000000000000460       0x78 Drivers/STM32F0xx_HAL_Driver/Src/stm32f0xx_hal_dma.o
 .debug_ranges  0x00000000000004d8       0x48 Drivers/STM32F0xx_HAL_Driver/Src/stm32f0xx_hal_gpio.o
 .debug_ranges  0x0000000000000520       0x88 Drivers/STM32F0xx_HAL_Driver/Src/stm32f0xx_hal_rcc.o
 .debug_ranges  0x00000000000005a8       0x38 Drivers/STM32F0xx_HAL_Driver/Src/stm32f0xx_hal_rcc_ex.o
 .debug_ranges  0x00000000000005e0       0xa8 Drivers/STM32F0xx_HAL_Driver/Src/stm32f0xx_hal_rtc.o
 .debug_ranges  0x0000000000000688      0x1c8 Drivers/STM32F0xx_HAL_Driver/Src/stm32f0xx_hal_spi.o
 .debug_ranges  0x0000000000000850      0x1f0 Drivers/STM32F0xx_HAL_Driver/Src/stm32f0xx_hal_uart.o

.debug_macro    0x0000000000000000     0xe5b3
 .debug_macro   0x0000000000000000      0x2ef Common/common.o
 .debug_macro   0x00000000000002ef      0xa54 Common/common.o
 .debug_macro   0x0000000000000d43      0x13f Common/common.o
 .debug_macro   0x0000000000000e82       0x2e Common/common.o
 .debug_macro   0x0000000000000eb0       0x22 Common/common.o
 .debug_macro   0x0000000000000ed2       0x22 Common/common.o
 .debug_macro   0x0000000000000ef4       0x8e Common/common.o
 .debug_macro   0x0000000000000f82       0x51 Common/common.o
 .debug_macro   0x0000000000000fd3       0xef Common/common.o
 .debug_macro   0x00000000000010c2       0x6a Common/common.o
 .debug_macro   0x000000000000112c      0x1df Common/common.o
 .debug_macro   0x000000000000130b       0x1c Common/common.o
 .debug_macro   0x0000000000001327       0x22 Common/common.o
 .debug_macro   0x0000000000001349       0xb5 Common/common.o
 .debug_macro   0x00000000000013fe      0x391 Common/common.o
 .debug_macro   0x000000000000178f     0x6e60 Common/common.o
 .debug_macro   0x00000000000085ef       0x3c Common/common.o
 .debug_macro   0x000000000000862b      0x174 Common/common.o
 .debug_macro   0x000000000000879f       0x53 Common/common.o
 .debug_macro   0x00000000000087f2      0x924 Common/common.o
 .debug_macro   0x0000000000009116       0xe5 Common/common.o
 .debug_macro   0x00000000000091fb      0x12f Common/common.o
 .debug_macro   0x000000000000932a       0xb3 Common/common.o
 .debug_macro   0x00000000000093dd      0x1a0 Common/common.o
 .debug_macro   0x000000000000957d      0x1ed Common/common.o
 .debug_macro   0x000000000000976a       0x34 Common/common.o
 .debug_macro   0x000000000000979e       0x43 Common/common.o
 .debug_macro   0x00000000000097e1       0x28 Common/common.o
 .debug_macro   0x0000000000009809       0x7a Common/common.o
 .debug_macro   0x0000000000009883       0x4c Common/common.o
 .debug_macro   0x00000000000098cf       0xb0 Common/common.o
 .debug_macro   0x000000000000997f      0x15a Common/common.o
 .debug_macro   0x0000000000009ad9      0x22c Common/common.o
 .debug_macro   0x0000000000009d05       0x5f Common/common.o
 .debug_macro   0x0000000000009d64       0xa5 Common/common.o
 .debug_macro   0x0000000000009e09       0x4c Common/common.o
 .debug_macro   0x0000000000009e55       0x2b Common/common.o
 .debug_macro   0x0000000000009e80      0x2e2 Common/common.o
 .debug_macro   0x000000000000a162      0x2ac Common/common.o
 .debug_macro   0x000000000000a40e       0xdd Common/common.o
 .debug_macro   0x000000000000a4eb      0x305 Common/common.o
 .debug_macro   0x000000000000a7f0      0x543 Common/common.o
 .debug_macro   0x000000000000ad33       0x3e Common/common.o
 .debug_macro   0x000000000000ad71       0xf1 Common/common.o
 .debug_macro   0x000000000000ae62      0xc7e Common/common.o
 .debug_macro   0x000000000000bae0       0x46 Common/common.o
 .debug_macro   0x000000000000bb26       0x18 Common/common.o
 .debug_macro   0x000000000000bb3e       0x3c Common/common.o
 .debug_macro   0x000000000000bb7a       0x34 Common/common.o
 .debug_macro   0x000000000000bbae       0x52 Common/common.o
 .debug_macro   0x000000000000bc00       0x1f Common/common.o
 .debug_macro   0x000000000000bc1f       0x43 Common/common.o
 .debug_macro   0x000000000000bc62       0x20 Common/common.o
 .debug_macro   0x000000000000bc82      0x1a3 Common/common.o
 .debug_macro   0x000000000000be25      0x32a Common/common.o
 .debug_macro   0x000000000000c14f       0x10 Common/common.o
 .debug_macro   0x000000000000c15f       0x35 Common/common.o
 .debug_macro   0x000000000000c194       0x20 Common/common.o
 .debug_macro   0x000000000000c1b4       0x4c Common/common.o
 .debug_macro   0x000000000000c200      0x2c8 Core/Src/main.o
 .debug_macro   0x000000000000c4c8       0x70 Core/Src/main.o
 .debug_macro   0x000000000000c538      0x57e Core/Src/rc522.o
 .debug_macro   0x000000000000cab6      0x2bf Core/Src/stm32f0xx_hal_msp.o
 .debug_macro   0x000000000000cd75      0x2c9 Core/Src/stm32f0xx_it.o
 .debug_macro   0x000000000000d03e      0x1e6 Core/Src/system_stm32f0xx.o
 .debug_macro   0x000000000000d224      0x20a Drivers/STM32F0xx_HAL_Driver/Src/stm32f0xx_hal.o
 .debug_macro   0x000000000000d42e      0x1e6 Drivers/STM32F0xx_HAL_Driver/Src/stm32f0xx_hal_cortex.o
 .debug_macro   0x000000000000d614      0x1e6 Drivers/STM32F0xx_HAL_Driver/Src/stm32f0xx_hal_crc.o
 .debug_macro   0x000000000000d7fa      0x1e6 Drivers/STM32F0xx_HAL_Driver/Src/stm32f0xx_hal_dma.o
 .debug_macro   0x000000000000d9e0      0x21e Drivers/STM32F0xx_HAL_Driver/Src/stm32f0xx_hal_gpio.o
 .debug_macro   0x000000000000dbfe      0x1f8 Drivers/STM32F0xx_HAL_Driver/Src/stm32f0xx_hal_rcc.o
 .debug_macro   0x000000000000ddf6      0x1e6 Drivers/STM32F0xx_HAL_Driver/Src/stm32f0xx_hal_rcc_ex.o
 .debug_macro   0x000000000000dfdc      0x1e6 Drivers/STM32F0xx_HAL_Driver/Src/stm32f0xx_hal_rtc.o
 .debug_macro   0x000000000000e1c2      0x1ee Drivers/STM32F0xx_HAL_Driver/Src/stm32f0xx_hal_spi.o
 .debug_macro   0x000000000000e3b0      0x203 Drivers/STM32F0xx_HAL_Driver/Src/stm32f0xx_hal_uart.o

.debug_line     0x0000000000000000     0xa6a2
 .debug_line    0x0000000000000000      0xc5e Common/common.o
 .debug_line    0x0000000000000c5e      0x9a4 Core/Src/main.o
 .debug_line    0x0000000000001602      0xb59 Core/Src/rc522.o
 .debug_line    0x000000000000215b      0x95a Core/Src/stm32f0xx_hal_msp.o
 .debug_line    0x0000000000002ab5      0x8db Core/Src/stm32f0xx_it.o
 .debug_line    0x0000000000003390      0x71c Core/Src/system_stm32f0xx.o
 .debug_line    0x0000000000003aac       0x89 Core/Startup/startup_stm32f030f4px.o
 .debug_line    0x0000000000003b35      0x8b2 Drivers/STM32F0xx_HAL_Driver/Src/stm32f0xx_hal.o
 .debug_line    0x00000000000043e7      0x88b Drivers/STM32F0xx_HAL_Driver/Src/stm32f0xx_hal_cortex.o
 .debug_line    0x0000000000004c72      0x889 Drivers/STM32F0xx_HAL_Driver/Src/stm32f0xx_hal_crc.o
 .debug_line    0x00000000000054fb      0x94c Drivers/STM32F0xx_HAL_Driver/Src/stm32f0xx_hal_dma.o
 .debug_line    0x0000000000005e47      0x84e Drivers/STM32F0xx_HAL_Driver/Src/stm32f0xx_hal_gpio.o
 .debug_line    0x0000000000006695      0x9a8 Drivers/STM32F0xx_HAL_Driver/Src/stm32f0xx_hal_rcc.o
 .debug_line    0x000000000000703d      0x7da Drivers/STM32F0xx_HAL_Driver/Src/stm32f0xx_hal_rcc_ex.o
 .debug_line    0x0000000000007817      0xa66 Drivers/STM32F0xx_HAL_Driver/Src/stm32f0xx_hal_rtc.o
 .debug_line    0x000000000000827d     0x125e Drivers/STM32F0xx_HAL_Driver/Src/stm32f0xx_hal_spi.o
 .debug_line    0x00000000000094db     0x11c7 Drivers/STM32F0xx_HAL_Driver/Src/stm32f0xx_hal_uart.o

.debug_str      0x0000000000000000    0x4dbb1
 .debug_str     0x0000000000000000    0x4aa95 Common/common.o
                                      0x4adb9 (size before relaxing)
 .debug_str     0x000000000004aa95      0x521 Core/Src/main.o
                                      0x4afaf (size before relaxing)
 .debug_str     0x000000000004afb6      0xdbf Core/Src/rc522.o
                                      0x4b9f0 (size before relaxing)
 .debug_str     0x000000000004bd75      0x203 Core/Src/stm32f0xx_hal_msp.o
                                      0x4adb5 (size before relaxing)
 .debug_str     0x000000000004bf78       0xa8 Core/Src/stm32f0xx_it.o
                                      0x4ab1c (size before relaxing)
 .debug_str     0x000000000004c020       0x5f Core/Src/system_stm32f0xx.o
                                      0x440f1 (size before relaxing)
 .debug_str     0x000000000004c07f       0x36 Core/Startup/startup_stm32f030f4px.o
                                         0x67 (size before relaxing)
 .debug_str     0x000000000004c0b5      0x372 Drivers/STM32F0xx_HAL_Driver/Src/stm32f0xx_hal.o
                                      0x445f0 (size before relaxing)
 .debug_str     0x000000000004c427      0x19f Drivers/STM32F0xx_HAL_Driver/Src/stm32f0xx_hal_cortex.o
                                      0x4447c (size before relaxing)
 .debug_str     0x000000000004c5c6       0xae Drivers/STM32F0xx_HAL_Driver/Src/stm32f0xx_hal_crc.o
                                      0x44315 (size before relaxing)
 .debug_str     0x000000000004c674      0x257 Drivers/STM32F0xx_HAL_Driver/Src/stm32f0xx_hal_dma.o
                                      0x444d5 (size before relaxing)
 .debug_str     0x000000000004c8cb      0x1de Drivers/STM32F0xx_HAL_Driver/Src/stm32f0xx_hal_gpio.o
                                      0x4438d (size before relaxing)
 .debug_str     0x000000000004caa9      0x22e Drivers/STM32F0xx_HAL_Driver/Src/stm32f0xx_hal_rcc.o
                                      0x44522 (size before relaxing)
 .debug_str     0x000000000004ccd7       0x97 Drivers/STM32F0xx_HAL_Driver/Src/stm32f0xx_hal_rcc_ex.o
                                      0x44266 (size before relaxing)
 .debug_str     0x000000000004cd6e      0x1e3 Drivers/STM32F0xx_HAL_Driver/Src/stm32f0xx_hal_rtc.o
                                      0x44528 (size before relaxing)
 .debug_str     0x000000000004cf51      0x541 Drivers/STM32F0xx_HAL_Driver/Src/stm32f0xx_hal_spi.o
                                      0x44a60 (size before relaxing)
 .debug_str     0x000000000004d492      0x71f Drivers/STM32F0xx_HAL_Driver/Src/stm32f0xx_hal_uart.o
                                      0x44d4f (size before relaxing)

.comment        0x0000000000000000       0x7b
 .comment       0x0000000000000000       0x7b Common/common.o
                                         0x7c (size before relaxing)
 .comment       0x000000000000007b       0x7c Core/Src/main.o
 .comment       0x000000000000007b       0x7c Core/Src/rc522.o
 .comment       0x000000000000007b       0x7c Core/Src/stm32f0xx_hal_msp.o
 .comment       0x000000000000007b       0x7c Core/Src/stm32f0xx_it.o
 .comment       0x000000000000007b       0x7c Core/Src/system_stm32f0xx.o
 .comment       0x000000000000007b       0x7c Drivers/STM32F0xx_HAL_Driver/Src/stm32f0xx_hal.o
 .comment       0x000000000000007b       0x7c Drivers/STM32F0xx_HAL_Driver/Src/stm32f0xx_hal_cortex.o
 .comment       0x000000000000007b       0x7c Drivers/STM32F0xx_HAL_Driver/Src/stm32f0xx_hal_crc.o
 .comment       0x000000000000007b       0x7c Drivers/STM32F0xx_HAL_Driver/Src/stm32f0xx_hal_dma.o
 .comment       0x000000000000007b       0x7c Drivers/STM32F0xx_HAL_Driver/Src/stm32f0xx_hal_gpio.o
 .comment       0x000000000000007b       0x7c Drivers/STM32F0xx_HAL_Driver/Src/stm32f0xx_hal_rcc.o
 .comment       0x000000000000007b       0x7c Drivers/STM32F0xx_HAL_Driver/Src/stm32f0xx_hal_rcc_ex.o
 .comment       0x000000000000007b       0x7c Drivers/STM32F0xx_HAL_Driver/Src/stm32f0xx_hal_rtc.o
 .comment       0x000000000000007b       0x7c Drivers/STM32F0xx_HAL_Driver/Src/stm32f0xx_hal_spi.o
 .comment       0x000000000000007b       0x7c Drivers/STM32F0xx_HAL_Driver/Src/stm32f0xx_hal_uart.o

.debug_frame    0x0000000000000000     0x1b18
 .debug_frame   0x0000000000000000      0x204 Common/common.o
 .debug_frame   0x0000000000000204      0x110 Core/Src/main.o
 .debug_frame   0x0000000000000314      0x1c4 Core/Src/rc522.o
 .debug_frame   0x00000000000004d8       0xd0 Core/Src/stm32f0xx_hal_msp.o
 .debug_frame   0x00000000000005a8       0x80 Core/Src/stm32f0xx_it.o
 .debug_frame   0x0000000000000628       0x38 Core/Src/system_stm32f0xx.o
 .debug_frame   0x0000000000000660      0x1ac Drivers/STM32F0xx_HAL_Driver/Src/stm32f0xx_hal.o
 .debug_frame   0x000000000000080c       0xe4 Drivers/STM32F0xx_HAL_Driver/Src/stm32f0xx_hal_cortex.o
 .debug_frame   0x00000000000008f0      0x104 Drivers/STM32F0xx_HAL_Driver/Src/stm32f0xx_hal_crc.o
 .debug_frame   0x00000000000009f4      0x168 Drivers/STM32F0xx_HAL_Driver/Src/stm32f0xx_hal_dma.o
 .debug_frame   0x0000000000000b5c       0xc8 Drivers/STM32F0xx_HAL_Driver/Src/stm32f0xx_hal_gpio.o
 .debug_frame   0x0000000000000c24      0x13c Drivers/STM32F0xx_HAL_Driver/Src/stm32f0xx_hal_rcc.o
 .debug_frame   0x0000000000000d60       0x58 Drivers/STM32F0xx_HAL_Driver/Src/stm32f0xx_hal_rcc_ex.o
 .debug_frame   0x0000000000000db8      0x20c Drivers/STM32F0xx_HAL_Driver/Src/stm32f0xx_hal_rtc.o
 .debug_frame   0x0000000000000fc4      0x57c Drivers/STM32F0xx_HAL_Driver/Src/stm32f0xx_hal_spi.o
 .debug_frame   0x0000000000001540      0x56c Drivers/STM32F0xx_HAL_Driver/Src/stm32f0xx_hal_uart.o
 .debug_frame   0x0000000000001aac       0x2c c:/st/stm32cubeide_1.1.0/stm32cubeide/plugins/com.st.stm32cube.ide.mcu.externaltools.gnu-tools-for-stm32.7-2018-q2-update.win32_1.0.0.201904181610/tools/bin/../lib/gcc/arm-none-eabi/7.3.1/../../../../arm-none-eabi/lib/thumb/v6-m\libc_nano.a(lib_a-init.o)
 .debug_frame   0x0000000000001ad8       0x20 c:/st/stm32cubeide_1.1.0/stm32cubeide/plugins/com.st.stm32cube.ide.mcu.externaltools.gnu-tools-for-stm32.7-2018-q2-update.win32_1.0.0.201904181610/tools/bin/../lib/gcc/arm-none-eabi/7.3.1/../../../../arm-none-eabi/lib/thumb/v6-m\libc_nano.a(lib_a-memset.o)
 .debug_frame   0x0000000000001af8       0x20 c:/st/stm32cubeide_1.1.0/stm32cubeide/plugins/com.st.stm32cube.ide.mcu.externaltools.gnu-tools-for-stm32.7-2018-q2-update.win32_1.0.0.201904181610/tools/bin/../lib/gcc/arm-none-eabi/7.3.1/thumb/v6-m\libgcc.a(_udivsi3.o)
