rc522.c:329:13:RC522_WriteRegister	24	static
rc522.c:311:16:RC522_ReadRegister	40	static
rc522.c:358:13:RC522_SetBitMask	16	static
rc522.c:367:13:RC522_ClearBitMask	16	static
rc522.c:404:28:RC522_ToCard	40	static
rc522.c:525:13:RC522_CalculateCRC	24	static
rc522.c:692:13:RC522_Halt	24	static
rc522.c:569:16:RC522_SelectTag	40	static
rc522.c:495:28:RC522_Anticoll	24	static
rc522.c:594:28:RC522_Auth.constprop	32	static
rc522.c:388:28:RC522_Request.constprop	32	static
rc522.c:209:6:RC522_Init	8	static
rc522.c:231:6:RC522_Service	16	static
rc522.c:269:9:RC522_ReadBlock	56	static
rc522.c:290:9:RC522_WriteBlock	72	static
