Component: ARM Compiler 5.06 update 6 (build 750) Tool: armlink [4d35ed]

==============================================================================

Section Cross References

    system_stm32f7xx.o(i.SystemCoreClockUpdate) refers to system_stm32f7xx.o(.data) for SystemCoreClock
    system_stm32f7xx.o(i.SystemCoreClockUpdate) refers to system_stm32f7xx.o(.constdata) for AHBPrescTable
    stm32746g_qspi.o(i.FLASH2QSPI_Copy) refers to stm32746g_qspi.o(i.MX_QSPI_Init) for MX_QSPI_Init
    stm32746g_qspi.o(i.FLASH2QSPI_Copy) refers to stm32746g_qspi.o(i.QSPI_Erase) for QSPI_Erase
    stm32746g_qspi.o(i.FLASH2QSPI_Copy) refers to memcpya.o(.text) for __aeabi_memcpy
    stm32746g_qspi.o(i.FLASH2QSPI_Copy) refers to stm32746g_qspi.o(i.QSPI_Write) for QSPI_Write
    stm32746g_qspi.o(i.FLASH2QSPI_Copy) refers to stm32746g_qspi.o(i.QSPI_MemMapMode) for QSPI_MemMapMode
    stm32746g_qspi.o(i.FLASH2QSPI_Copy) refers to memcmp.o(.text) for memcmp
    stm32746g_qspi.o(i.HAL_QSPI_MspDeInit) refers to stm32f7xx_hal_cortex.o(i.HAL_NVIC_DisableIRQ) for HAL_NVIC_DisableIRQ
    stm32746g_qspi.o(i.HAL_QSPI_MspDeInit) refers to stm32f7xx_hal_dma.o(i.HAL_DMA_DeInit) for HAL_DMA_DeInit
    stm32746g_qspi.o(i.HAL_QSPI_MspDeInit) refers to stm32f7xx_hal_gpio.o(i.HAL_GPIO_DeInit) for HAL_GPIO_DeInit
    stm32746g_qspi.o(i.HAL_QSPI_MspDeInit) refers to stm32746g_qspi.o(.bss) for hdma
    stm32746g_qspi.o(i.HAL_QSPI_MspInit) refers to stm32f7xx_hal_gpio.o(i.HAL_GPIO_Init) for HAL_GPIO_Init
    stm32746g_qspi.o(i.HAL_QSPI_MspInit) refers to stm32f7xx_hal_cortex.o(i.HAL_NVIC_SetPriority) for HAL_NVIC_SetPriority
    stm32746g_qspi.o(i.HAL_QSPI_MspInit) refers to stm32f7xx_hal_cortex.o(i.HAL_NVIC_EnableIRQ) for HAL_NVIC_EnableIRQ
    stm32746g_qspi.o(i.MX_QSPI_Init) refers to memseta.o(.text) for __aeabi_memclr4
    stm32746g_qspi.o(i.MX_QSPI_Init) refers to stm32f7xx_hal_qspi.o(i.HAL_QSPI_DeInit) for HAL_QSPI_DeInit
    stm32746g_qspi.o(i.MX_QSPI_Init) refers to stm32f7xx_hal_qspi.o(i.HAL_QSPI_Init) for HAL_QSPI_Init
    stm32746g_qspi.o(i.MX_QSPI_Init) refers to main.o(i.Restart) for Restart
    stm32746g_qspi.o(i.MX_QSPI_Init) refers to stm32746g_qspi.o(i.QSPI_ResetMemory) for QSPI_ResetMemory
    stm32746g_qspi.o(i.MX_QSPI_Init) refers to stm32746g_qspi.o(i.QSPI_AutoPollMemRdy) for QSPI_AutoPollMemRdy
    stm32746g_qspi.o(i.MX_QSPI_Init) refers to stm32746g_qspi.o(.data) for MemMapModeState
    stm32746g_qspi.o(i.MX_QSPI_Init) refers to main.o(.bss) for hqspi
    stm32746g_qspi.o(i.MX_QSPI_Init) refers to stm32746g_qspi.o(.bss) for sCommand
    stm32746g_qspi.o(i.QSPI2FLASH_Copy) refers to stm32746g_qspi.o(i.FLASH_GetSector) for FLASH_GetSector
    stm32746g_qspi.o(i.QSPI2FLASH_Copy) refers to stm32f7xx_hal_flash.o(i.HAL_FLASH_Unlock) for HAL_FLASH_Unlock
    stm32746g_qspi.o(i.QSPI2FLASH_Copy) refers to stm32f7xx_hal_flash_ex.o(i.HAL_FLASHEx_Erase) for HAL_FLASHEx_Erase
    stm32746g_qspi.o(i.QSPI2FLASH_Copy) refers to stm32f7xx_hal_flash.o(i.HAL_FLASH_Program) for HAL_FLASH_Program
    stm32746g_qspi.o(i.QSPI2FLASH_Copy) refers to stm32f7xx_hal_flash.o(i.HAL_FLASH_Lock) for HAL_FLASH_Lock
    stm32746g_qspi.o(i.QSPI2FLASH_Copy) refers to memcmp.o(.text) for memcmp
    stm32746g_qspi.o(i.QSPI2QSPI_Copy) refers to stm32746g_qspi.o(i.MX_QSPI_Init) for MX_QSPI_Init
    stm32746g_qspi.o(i.QSPI2QSPI_Copy) refers to stm32746g_qspi.o(i.QSPI_Erase) for QSPI_Erase
    stm32746g_qspi.o(i.QSPI2QSPI_Copy) refers to stm32746g_qspi.o(i.QSPI_Read) for QSPI_Read
    stm32746g_qspi.o(i.QSPI2QSPI_Copy) refers to stm32746g_qspi.o(i.QSPI_Write) for QSPI_Write
    stm32746g_qspi.o(i.QSPI2QSPI_Copy) refers to stm32746g_qspi.o(i.QSPI_MemMapMode) for QSPI_MemMapMode
    stm32746g_qspi.o(i.QSPI2QSPI_Copy) refers to memcmp.o(.text) for memcmp
    stm32746g_qspi.o(i.QSPI_AutoPollMemRdy) refers to stm32f7xx_hal_qspi.o(i.HAL_QSPI_AutoPolling) for HAL_QSPI_AutoPolling
    stm32746g_qspi.o(i.QSPI_AutoPollMemRdy) refers to stm32746g_qspi.o(.bss) for sCommand
    stm32746g_qspi.o(i.QSPI_AutoPollMemRdy) refers to main.o(.bss) for hqspi
    stm32746g_qspi.o(i.QSPI_DummyCyclesCfg) refers to stm32f7xx_hal_qspi.o(i.HAL_QSPI_Command) for HAL_QSPI_Command
    stm32746g_qspi.o(i.QSPI_DummyCyclesCfg) refers to stm32f7xx_hal_qspi.o(i.HAL_QSPI_Receive) for HAL_QSPI_Receive
    stm32746g_qspi.o(i.QSPI_DummyCyclesCfg) refers to stm32746g_qspi.o(i.QSPI_WriteEnable) for QSPI_WriteEnable
    stm32746g_qspi.o(i.QSPI_DummyCyclesCfg) refers to stm32f7xx_hal_qspi.o(i.HAL_QSPI_Transmit) for HAL_QSPI_Transmit
    stm32746g_qspi.o(i.QSPI_DummyCyclesCfg) refers to stm32746g_qspi.o(.bss) for sCommand
    stm32746g_qspi.o(i.QSPI_DummyCyclesCfg) refers to main.o(.bss) for hqspi
    stm32746g_qspi.o(i.QSPI_Erase) refers to stm32746g_qspi.o(i.QSPI_EraseSector) for QSPI_EraseSector
    stm32746g_qspi.o(i.QSPI_EraseSector) refers to stm32746g_qspi.o(i.QSPI_WriteEnable) for QSPI_WriteEnable
[...]
    stm32f7xx_hal_qspi.o(i.QSPI_DMATxHalfCplt) refers to stm32f7xx_hal_qspi.o(i.HAL_QSPI_TxHalfCpltCallback) for HAL_QSPI_TxHalfCpltCallback
    stm32f7xx_hal_qspi.o(i.QSPI_WaitFlagStateUntilTimeout) refers to stm32f7xx_hal.o(i.HAL_GetTick) for HAL_GetTick
    stm32f7xx_hal_iwdg.o(i.HAL_IWDG_Init) refers to stm32f7xx_hal.o(i.HAL_GetTick) for HAL_GetTick
    startup_stm32f746xx.o(RESET) refers to startup_stm32f746xx.o(STACK) for __initial_sp
    startup_stm32f746xx.o(RESET) refers to startup_stm32f746xx.o(.text) for Reset_Handler
    startup_stm32f746xx.o(RESET) refers to stm32f7xx_it.o(i.NMI_Handler) for NMI_Handler
    startup_stm32f746xx.o(RESET) refers to stm32f7xx_it.o(i.HardFault_Handler) for HardFault_Handler
    startup_stm32f746xx.o(RESET) refers to stm32f7xx_it.o(i.MemManage_Handler) for MemManage_Handler
    startup_stm32f746xx.o(RESET) refers to stm32f7xx_it.o(i.BusFault_Handler) for BusFault_Handler
    startup_stm32f746xx.o(RESET) refers to stm32f7xx_it.o(i.UsageFault_Handler) for UsageFault_Handler
    startup_stm32f746xx.o(RESET) refers to stm32f7xx_it.o(i.DebugMon_Handler) for DebugMon_Handler
    startup_stm32f746xx.o(RESET) refers to stm32f7xx_it.o(i.SysTick_Handler) for SysTick_Handler
    startup_stm32f746xx.o(RESET) refers to stm32f7xx_it.o(i.QUADSPI_IRQHandler) for QUADSPI_IRQHandler
    startup_stm32f746xx.o(.text) refers to system_stm32f7xx.o(i.SystemInit) for SystemInit
    startup_stm32f746xx.o(.text) refers to entry.o(.ARM.Collect$$$$00000000) for __main
    stm32f7xx_it.o(i.BusFault_Handler) refers to main.o(i.Restart) for Restart
    stm32f7xx_it.o(i.HardFault_Handler) refers to main.o(i.Restart) for Restart
    stm32f7xx_it.o(i.MemManage_Handler) refers to main.o(i.Restart) for Restart
    stm32f7xx_it.o(i.QUADSPI_IRQHandler) refers to stm32f7xx_hal_qspi.o(i.HAL_QSPI_IRQHandler) for HAL_QSPI_IRQHandler
    stm32f7xx_it.o(i.QUADSPI_IRQHandler) refers to main.o(.bss) for hqspi
    stm32f7xx_it.o(i.SysTick_Handler) refers to stm32f7xx_hal.o(i.HAL_IncTick) for HAL_IncTick
    stm32f7xx_it.o(i.UsageFault_Handler) refers to main.o(i.Restart) for Restart
    common.o(i.DelayMs) refers to stm32f7xx_hal.o(i.HAL_GetTick) for HAL_GetTick
    common.o(i.GetFwInfo) refers to stm32f7xx_hal_crc.o(i.HAL_CRC_Calculate) for HAL_CRC_Calculate
    common.o(i.GetFwInfo) refers to stm32f7xx_hal_crc.o(i.HAL_CRC_Accumulate) for HAL_CRC_Accumulate
    common.o(i.GetFwInfo) refers to main.o(.bss) for hcrc
    common.o(i.rtc2unix) refers to common.o(i.Bcd2Dec) for Bcd2Dec
    common.o(i.rtc2unix) refers to common.o(.constdata) for rtc_months
    main.o(i.HAL_Deinit) refers to stm32f7xx_hal_qspi.o(i.HAL_QSPI_DeInit) for HAL_QSPI_DeInit
    main.o(i.HAL_Deinit) refers to main.o(i.MX_CRC_DeInit) for MX_CRC_DeInit
    main.o(i.HAL_Deinit) refers to stm32f7xx_hal_rcc.o(i.HAL_RCC_DeInit) for HAL_RCC_DeInit
    main.o(i.HAL_Deinit) refers to stm32f7xx_hal.o(i.HAL_DeInit) for HAL_DeInit
    main.o(i.HAL_Deinit) refers to main.o(.bss) for hqspi
    main.o(i.MX_CRC_DeInit) refers to stm32f7xx_hal_crc.o(i.HAL_CRC_DeInit) for HAL_CRC_DeInit
    main.o(i.MX_CRC_DeInit) refers to main.o(.bss) for hcrc
    main.o(i.MX_CRC_Init) refers to stm32f7xx_hal_crc.o(i.HAL_CRC_Init) for HAL_CRC_Init
    main.o(i.MX_CRC_Init) refers to main.o(i.Restart) for Restart
    main.o(i.MX_CRC_Init) refers to main.o(.bss) for hcrc
    main.o(i.MX_IWDG_Init) refers to stm32f7xx_hal_iwdg.o(i.HAL_IWDG_Init) for HAL_IWDG_Init
    main.o(i.MX_IWDG_Init) refers to main.o(.bss) for hiwdg
    main.o(i.Restart) refers to main.o(i.HAL_Deinit) for HAL_Deinit
    main.o(i.Restart) refers to stm32f7xx_hal_iwdg.o(i.HAL_IWDG_Refresh) for HAL_IWDG_Refresh
    main.o(i.Restart) refers to main.o(.bss) for hiwdg
    main.o(i.RunApplication) refers to main.o(i.HAL_Deinit) for HAL_Deinit
    main.o(i.RunApplication) refers to main.o(.data) for StartApplication
    main.o(i.SystemClock_Config) refers to stm32f7xx_hal_rcc.o(i.HAL_RCC_OscConfig) for HAL_RCC_OscConfig
    main.o(i.SystemClock_Config) refers to main.o(i.Restart) for Restart
    main.o(i.SystemClock_Config) refers to stm32f7xx_hal_pwr_ex.o(i.HAL_PWREx_EnableOverDrive) for HAL_PWREx_EnableOverDrive
    main.o(i.SystemClock_Config) refers to stm32f7xx_hal_rcc.o(i.HAL_RCC_ClockConfig) for HAL_RCC_ClockConfig
    main.o(i.main) refers to main.o(i.CPU_CACHE_Enable) for CPU_CACHE_Enable
    main.o(i.main) refers to stm32f7xx_hal.o(i.HAL_Init) for HAL_Init
    main.o(i.main) refers to main.o(i.SystemClock_Config) for SystemClock_Config
    main.o(i.main) refers to main.o(i.MX_IWDG_Init) for MX_IWDG_Init
    main.o(i.main) refers to main.o(i.MX_CRC_Init) for MX_CRC_Init
    main.o(i.main) refers to stm32746g_qspi.o(i.MX_QSPI_Init) for MX_QSPI_Init
    main.o(i.main) refers to stm32746g_qspi.o(i.QSPI_MemMapMode) for QSPI_MemMapMode
    main.o(i.main) refers to common.o(i.ResetFwInfo) for ResetFwInfo
    main.o(i.main) refers to common.o(i.GetFwInfo) for GetFwInfo
    main.o(i.main) refers to common.o(i.IsNewFwUpdate) for IsNewFwUpdate
    main.o(i.main) refers to stm32746g_qspi.o(i.FLASH2QSPI_Copy) for FLASH2QSPI_Copy
    main.o(i.main) refers to main.o(i.Restart) for Restart
    main.o(i.main) refers to stm32f7xx_hal_iwdg.o(i.HAL_IWDG_Refresh) for HAL_IWDG_Refresh
    main.o(i.main) refers to stm32746g_qspi.o(i.QSPI2FLASH_Copy) for QSPI2FLASH_Copy
    main.o(i.main) refers to main.o(i.RunApplication) for RunApplication
    main.o(i.main) refers to main.o(.bss) for RunFwInfo
    main.o(i.main) refers to main.o(.data) for runfw
    entry.o(.ARM.Collect$$$$00000000) refers (Special) to entry10a.o(.ARM.Collect$$$$0000000D) for __rt_final_cpp
    entry.o(.ARM.Collect$$$$00000000) refers (Special) to entry11a.o(.ARM.Collect$$$$0000000F) for __rt_final_exit
    entry.o(.ARM.Collect$$$$00000000) refers (Special) to entry7b.o(.ARM.Collect$$$$00000008) for _main_clock
    entry.o(.ARM.Collect$$$$00000000) refers (Special) to entry8b.o(.ARM.Collect$$$$0000000A) for _main_cpp_init
    entry.o(.ARM.Collect$$$$00000000) refers (Special) to entry9a.o(.ARM.Collect$$$$0000000B) for _main_init
    entry.o(.ARM.Collect$$$$00000000) refers (Special) to entry5.o(.ARM.Collect$$$$00000004) for _main_scatterload
    entry.o(.ARM.Collect$$$$00000000) refers (Special) to entry2.o(.ARM.Collect$$$$00000001) for _main_stk
    entry2.o(.ARM.Collect$$$$00000001) refers to entry2.o(.ARM.Collect$$$$00002712) for __lit__00000000
    entry2.o(.ARM.Collect$$$$00002712) refers to startup_stm32f746xx.o(STACK) for __initial_sp
    entry2.o(__vectab_stack_and_reset_area) refers to startup_stm32f746xx.o(STACK) for __initial_sp
    entry2.o(__vectab_stack_and_reset_area) refers to entry.o(.ARM.Collect$$$$00000000) for __main
    entry5.o(.ARM.Collect$$$$00000004) refers to init.o(.text) for __scatterload
    entry9a.o(.ARM.Collect$$$$0000000B) refers to main.o(i.main) for main
    entry9b.o(.ARM.Collect$$$$0000000C) refers to main.o(i.main) for main
    init.o(.text) refers to entry5.o(.ARM.Collect$$$$00000004) for __main_after_scatterload


==============================================================================

Removing Unused input sections from the image.

    Removing system_stm32f7xx.o(.rev16_text), (4 bytes).
    Removing system_stm32f7xx.o(.revsh_text), (4 bytes).
    Removing system_stm32f7xx.o(.rrx_text), (6 bytes).
    Removing system_stm32f7xx.o(i.SystemCoreClockUpdate), (192 bytes).
    Removing stm32746g_qspi.o(.rev16_text), (4 bytes).
    Removing stm32746g_qspi.o(.revsh_text), (4 bytes).
    Removing stm32746g_qspi.o(.rrx_text), (6 bytes).
    Removing stm32746g_qspi.o(i.QSPI2QSPI_Copy), (132 bytes).
    Removing stm32746g_qspi.o(i.QSPI_GetStatus), (132 bytes).
    Removing stm32746g_qspi.o(i.QSPI_Read), (148 bytes).
    Removing stm32f7xx_hal.o(.rev16_text), (4 bytes).
    Removing stm32f7xx_hal.o(.revsh_text), (4 bytes).
    Removing stm32f7xx_hal.o(.rrx_text), (6 bytes).
    Removing stm32f7xx_hal.o(i.HAL_DBGMCU_DisableDBGSleepMode), (20 bytes).
    Removing stm32f7xx_hal.o(i.HAL_DBGMCU_DisableDBGStandbyMode), (20 bytes).
    Removing stm32f7xx_hal.o(i.HAL_DBGMCU_DisableDBGStopMode), (20 bytes).
    Removing stm32f7xx_hal.o(i.HAL_DBGMCU_EnableDBGSleepMode), (20 bytes).
    Removing stm32f7xx_hal.o(i.HAL_DBGMCU_EnableDBGStandbyMode), (20 bytes).
    Removing stm32f7xx_hal.o(i.HAL_DBGMCU_EnableDBGStopMode), (20 bytes).
    Removing stm32f7xx_hal.o(i.HAL_Delay), (26 bytes).
    Removing stm32f7xx_hal.o(i.HAL_DisableCompensationCell), (20 bytes).
    Removing stm32f7xx_hal.o(i.HAL_DisableFMCMemorySwapping), (20 bytes).
    Removing stm32f7xx_hal.o(i.HAL_EnableCompensationCell), (20 bytes).
    Removing stm32f7xx_hal.o(i.HAL_EnableFMCMemorySwapping), (20 bytes).
    Removing stm32f7xx_hal.o(i.HAL_GetDEVID), (16 bytes).
    Removing stm32f7xx_hal.o(i.HAL_GetHalVersion), (8 bytes).
    Removing stm32f7xx_hal.o(i.HAL_GetREVID), (12 bytes).
    Removing stm32f7xx_hal.o(i.HAL_GetUIDw0), (12 bytes).
    Removing stm32f7xx_hal.o(i.HAL_GetUIDw1), (12 bytes).
    Removing stm32f7xx_hal.o(i.HAL_GetUIDw2), (12 bytes).
    Removing stm32f7xx_hal.o(i.HAL_ResumeTick), (18 bytes).
    Removing stm32f7xx_hal.o(i.HAL_SuspendTick), (18 bytes).
    Removing stm32f7xx_hal_cortex.o(.rev16_text), (4 bytes).
    Removing stm32f7xx_hal_cortex.o(.revsh_text), (4 bytes).
    Removing stm32f7xx_hal_cortex.o(.rrx_text), (6 bytes).
    Removing stm32f7xx_hal_cortex.o(i.HAL_MPU_ConfigRegion), (92 bytes).
    Removing stm32f7xx_hal_cortex.o(i.HAL_MPU_Disable), (44 bytes).
    Removing stm32f7xx_hal_cortex.o(i.HAL_MPU_Enable), (64 bytes).
    Removing stm32f7xx_hal_cortex.o(i.HAL_NVIC_ClearPendingIRQ), (36 bytes).
    Removing stm32f7xx_hal_cortex.o(i.HAL_NVIC_GetActive), (48 bytes).
    Removing stm32f7xx_hal_cortex.o(i.HAL_NVIC_GetPendingIRQ), (48 bytes).
    Removing stm32f7xx_hal_cortex.o(i.HAL_NVIC_GetPriority), (148 bytes).
    Removing stm32f7xx_hal_cortex.o(i.HAL_NVIC_GetPriorityGrouping), (8 bytes).
    Removing stm32f7xx_hal_cortex.o(i.HAL_NVIC_SetPendingIRQ), (36 bytes).
    Removing stm32f7xx_hal_cortex.o(i.HAL_NVIC_SystemReset), (68 bytes).
    Removing stm32f7xx_hal_cortex.o(i.HAL_SYSTICK_CLKSourceConfig), (40 bytes).
    Removing stm32f7xx_hal_cortex.o(i.HAL_SYSTICK_Callback), (2 bytes).
    Removing stm32f7xx_hal_cortex.o(i.HAL_SYSTICK_IRQHandler), (8 bytes).
    Removing stm32f7xx_hal_dma.o(.rev16_text), (4 bytes).
    Removing stm32f7xx_hal_dma.o(.revsh_text), (4 bytes).
    Removing stm32f7xx_hal_dma.o(.rrx_text), (6 bytes).
    Removing stm32f7xx_hal_dma.o(i.DMA_CheckFifoParam), (170 bytes).
    Removing stm32f7xx_hal_dma.o(i.DMA_SetConfig), (44 bytes).
    Removing stm32f7xx_hal_dma.o(i.HAL_DMA_GetError), (6 bytes).
    Removing stm32f7xx_hal_dma.o(i.HAL_DMA_GetState), (8 bytes).
    Removing stm32f7xx_hal_dma.o(i.HAL_DMA_IRQHandler), (584 bytes).
    Removing stm32f7xx_hal_dma.o(i.HAL_DMA_Init), (236 bytes).
    Removing stm32f7xx_hal_dma.o(i.HAL_DMA_PollForTransfer), (356 bytes).
    Removing stm32f7xx_hal_dma.o(i.HAL_DMA_RegisterCallback), (94 bytes).
    Removing stm32f7xx_hal_dma.o(i.HAL_DMA_Start), (102 bytes).
    Removing stm32f7xx_hal_dma.o(i.HAL_DMA_Start_IT), (158 bytes).
    Removing stm32f7xx_hal_dma.o(i.HAL_DMA_UnRegisterCallback), (124 bytes).
    Removing stm32f7xx_hal_flash.o(.rev16_text), (4 bytes).
    Removing stm32f7xx_hal_flash.o(.revsh_text), (4 bytes).
    Removing stm32f7xx_hal_flash.o(.rrx_text), (6 bytes).
    Removing stm32f7xx_hal_flash.o(i.HAL_FLASH_EndOfOperationCallback), (2 bytes).
    Removing stm32f7xx_hal_flash.o(i.HAL_FLASH_GetError), (12 bytes).
    Removing stm32f7xx_hal_flash.o(i.HAL_FLASH_IRQHandler), (312 bytes).
    Removing stm32f7xx_hal_flash.o(i.HAL_FLASH_OB_Launch), (28 bytes).
    Removing stm32f7xx_hal_flash.o(i.HAL_FLASH_OB_Lock), (20 bytes).
    Removing stm32f7xx_hal_flash.o(i.HAL_FLASH_OB_Unlock), (44 bytes).
    Removing stm32f7xx_hal_flash.o(i.HAL_FLASH_OperationErrorCallback), (2 bytes).
    Removing stm32f7xx_hal_flash.o(i.HAL_FLASH_Program_IT), (152 bytes).
    Removing stm32f7xx_hal_flash_ex.o(.rev16_text), (4 bytes).
    Removing stm32f7xx_hal_flash_ex.o(.revsh_text), (4 bytes).
    Removing stm32f7xx_hal_flash_ex.o(.rrx_text), (6 bytes).
    Removing stm32f7xx_hal_flash_ex.o(i.FLASH_OB_BOR_LevelConfig), (24 bytes).
    Removing stm32f7xx_hal_flash_ex.o(i.FLASH_OB_BootAddressConfig), (60 bytes).
    Removing stm32f7xx_hal_flash_ex.o(i.FLASH_OB_DisableWRP), (36 bytes).
    Removing stm32f7xx_hal_flash_ex.o(i.FLASH_OB_EnableWRP), (36 bytes).
    Removing stm32f7xx_hal_flash_ex.o(i.FLASH_OB_GetBOR), (16 bytes).
    Removing stm32f7xx_hal_flash_ex.o(i.FLASH_OB_GetBootAddress), (28 bytes).
    Removing stm32f7xx_hal_flash_ex.o(i.FLASH_OB_GetRDP), (32 bytes).
    Removing stm32f7xx_hal_flash_ex.o(i.FLASH_OB_GetUser), (20 bytes).
    Removing stm32f7xx_hal_flash_ex.o(i.FLASH_OB_GetWRP), (16 bytes).
    Removing stm32f7xx_hal_flash_ex.o(i.FLASH_OB_RDP_LevelConfig), (32 bytes).
    Removing stm32f7xx_hal_flash_ex.o(i.FLASH_OB_UserConfig), (96 bytes).
    Removing stm32f7xx_hal_flash_ex.o(i.HAL_FLASHEx_Erase_IT), (116 bytes).
    Removing stm32f7xx_hal_flash_ex.o(i.HAL_FLASHEx_OBGetConfig), (50 bytes).
    Removing stm32f7xx_hal_flash_ex.o(i.HAL_FLASHEx_OBProgram), (200 bytes).
    Removing stm32f7xx_hal_gpio.o(.rev16_text), (4 bytes).
    Removing stm32f7xx_hal_gpio.o(.revsh_text), (4 bytes).
    Removing stm32f7xx_hal_gpio.o(.rrx_text), (6 bytes).
    Removing stm32f7xx_hal_gpio.o(i.HAL_GPIO_EXTI_Callback), (2 bytes).
    Removing stm32f7xx_hal_gpio.o(i.HAL_GPIO_EXTI_IRQHandler), (28 bytes).
    Removing stm32f7xx_hal_gpio.o(i.HAL_GPIO_LockPin), (46 bytes).
    Removing stm32f7xx_hal_gpio.o(i.HAL_GPIO_ReadPin), (16 bytes).
    Removing stm32f7xx_hal_gpio.o(i.HAL_GPIO_TogglePin), (8 bytes).
    Removing stm32f7xx_hal_gpio.o(i.HAL_GPIO_WritePin), (12 bytes).
    Removing stm32f7xx_hal_pwr_ex.o(.rev16_text), (4 bytes).
    Removing stm32f7xx_hal_pwr_ex.o(.revsh_text), (4 bytes).
    Removing stm32f7xx_hal_pwr_ex.o(.rrx_text), (6 bytes).
    Removing stm32f7xx_hal_pwr_ex.o(i.HAL_PWREx_ControlVoltageScaling), (236 bytes).
    Removing stm32f7xx_hal_pwr_ex.o(i.HAL_PWREx_DisableBkUpReg), (72 bytes).
    Removing stm32f7xx_hal_pwr_ex.o(i.HAL_PWREx_DisableFlashPowerDown), (20 bytes).
    Removing stm32f7xx_hal_pwr_ex.o(i.HAL_PWREx_DisableLowRegulatorLowVoltage), (20 bytes).
    Removing stm32f7xx_hal_pwr_ex.o(i.HAL_PWREx_DisableMainRegulatorLowVoltage), (20 bytes).
    Removing stm32f7xx_hal_pwr_ex.o(i.HAL_PWREx_DisableOverDrive), (144 bytes).
    Removing stm32f7xx_hal_pwr_ex.o(i.HAL_PWREx_EnableBkUpReg), (72 bytes).
    Removing stm32f7xx_hal_pwr_ex.o(i.HAL_PWREx_EnableFlashPowerDown), (20 bytes).
    Removing stm32f7xx_hal_pwr_ex.o(i.HAL_PWREx_EnableLowRegulatorLowVoltage), (20 bytes).
    Removing stm32f7xx_hal_pwr_ex.o(i.HAL_PWREx_EnableMainRegulatorLowVoltage), (20 bytes).
    Removing stm32f7xx_hal_pwr_ex.o(i.HAL_PWREx_EnterUnderDriveSTOPMode), (164 bytes).
    Removing stm32f7xx_hal_pwr_ex.o(i.HAL_PWREx_GetVoltageRange), (16 bytes).
    Removing stm32f7xx_hal_rcc.o(.rev16_text), (4 bytes).
    Removing stm32f7xx_hal_rcc.o(.revsh_text), (4 bytes).
    Removing stm32f7xx_hal_rcc.o(.rrx_text), (6 bytes).
    Removing stm32f7xx_hal_rcc.o(i.HAL_RCC_CSSCallback), (2 bytes).
    Removing stm32f7xx_hal_rcc.o(i.HAL_RCC_DisableCSS), (20 bytes).
    Removing stm32f7xx_hal_rcc.o(i.HAL_RCC_EnableCSS), (20 bytes).
    Removing stm32f7xx_hal_rcc.o(i.HAL_RCC_GetClockConfig), (68 bytes).
    Removing stm32f7xx_hal_rcc.o(i.HAL_RCC_GetHCLKFreq), (12 bytes).
    Removing stm32f7xx_hal_rcc.o(i.HAL_RCC_GetOscConfig), (244 bytes).
    Removing stm32f7xx_hal_rcc.o(i.HAL_RCC_GetPCLK1Freq), (32 bytes).
    Removing stm32f7xx_hal_rcc.o(i.HAL_RCC_GetPCLK2Freq), (32 bytes).
    Removing stm32f7xx_hal_rcc.o(i.HAL_RCC_MCOConfig), (184 bytes).
    Removing stm32f7xx_hal_rcc.o(i.HAL_RCC_NMI_IRQHandler), (32 bytes).
    Removing stm32f7xx_hal_pwr.o(.rev16_text), (4 bytes).
    Removing stm32f7xx_hal_pwr.o(.revsh_text), (4 bytes).
    Removing stm32f7xx_hal_pwr.o(.rrx_text), (6 bytes).
    Removing stm32f7xx_hal_pwr.o(i.HAL_PWR_ConfigPVD), (180 bytes).
    Removing stm32f7xx_hal_pwr.o(i.HAL_PWR_DeInit), (28 bytes).
    Removing stm32f7xx_hal_pwr.o(i.HAL_PWR_DisableBkUpAccess), (20 bytes).
    Removing stm32f7xx_hal_pwr.o(i.HAL_PWR_DisablePVD), (20 bytes).
    Removing stm32f7xx_hal_pwr.o(i.HAL_PWR_DisableSEVOnPend), (20 bytes).
    Removing stm32f7xx_hal_pwr.o(i.HAL_PWR_DisableSleepOnExit), (20 bytes).
    Removing stm32f7xx_hal_pwr.o(i.HAL_PWR_DisableWakeUpPin), (16 bytes).
    Removing stm32f7xx_hal_pwr.o(i.HAL_PWR_EnableBkUpAccess), (20 bytes).
    Removing stm32f7xx_hal_pwr.o(i.HAL_PWR_EnablePVD), (20 bytes).
    Removing stm32f7xx_hal_pwr.o(i.HAL_PWR_EnableSEVOnPend), (20 bytes).
    Removing stm32f7xx_hal_pwr.o(i.HAL_PWR_EnableSleepOnExit), (20 bytes).
    Removing stm32f7xx_hal_pwr.o(i.HAL_PWR_EnableWakeUpPin), (40 bytes).
    Removing stm32f7xx_hal_pwr.o(i.HAL_PWR_EnterSLEEPMode), (32 bytes).
    Removing stm32f7xx_hal_pwr.o(i.HAL_PWR_EnterSTANDBYMode), (40 bytes).
    Removing stm32f7xx_hal_pwr.o(i.HAL_PWR_EnterSTOPMode), (68 bytes).
    Removing stm32f7xx_hal_pwr.o(i.HAL_PWR_PVDCallback), (2 bytes).
    Removing stm32f7xx_hal_pwr.o(i.HAL_PWR_PVD_IRQHandler), (32 bytes).
    Removing stm32f7xx_hal_rcc_ex.o(.rev16_text), (4 bytes).
    Removing stm32f7xx_hal_rcc_ex.o(.revsh_text), (4 bytes).
    Removing stm32f7xx_hal_rcc_ex.o(.rrx_text), (6 bytes).
    Removing stm32f7xx_hal_rcc_ex.o(i.HAL_RCCEx_GetPeriphCLKConfig), (420 bytes).
    Removing stm32f7xx_hal_rcc_ex.o(i.HAL_RCCEx_GetPeriphCLKFreq), (460 bytes).
    Removing stm32f7xx_hal_rcc_ex.o(i.HAL_RCCEx_PeriphCLKConfig), (1760 bytes).
    Removing stm32f7xx_hal_sdram.o(.rev16_text), (4 bytes).
    Removing stm32f7xx_hal_sdram.o(.revsh_text), (4 bytes).
    Removing stm32f7xx_hal_sdram.o(.rrx_text), (6 bytes).
    Removing stm32f7xx_hal_crc.o(.rev16_text), (4 bytes).
    Removing stm32f7xx_hal_crc.o(.revsh_text), (4 bytes).
    Removing stm32f7xx_hal_crc.o(.rrx_text), (6 bytes).
    Removing stm32f7xx_hal_crc.o(i.HAL_CRC_GetState), (6 bytes).
    Removing stm32f7xx_hal_crc_ex.o(.rev16_text), (4 bytes).
    Removing stm32f7xx_hal_crc_ex.o(.revsh_text), (4 bytes).
    Removing stm32f7xx_hal_crc_ex.o(.rrx_text), (6 bytes).
    Removing stm32f7xx_hal_crc_ex.o(i.HAL_CRCEx_Input_Data_Reverse), (28 bytes).
    Removing stm32f7xx_hal_crc_ex.o(i.HAL_CRCEx_Output_Data_Reverse), (28 bytes).
    Removing stm32f7xx_hal_qspi.o(.rev16_text), (4 bytes).
    Removing stm32f7xx_hal_qspi.o(.revsh_text), (4 bytes).
    Removing stm32f7xx_hal_qspi.o(.rrx_text), (6 bytes).
    Removing stm32f7xx_hal_qspi.o(i.HAL_QSPI_AutoPolling_IT), (208 bytes).
    Removing stm32f7xx_hal_qspi.o(i.HAL_QSPI_Command_IT), (182 bytes).
    Removing stm32f7xx_hal_qspi.o(i.HAL_QSPI_GetError), (6 bytes).
    Removing stm32f7xx_hal_qspi.o(i.HAL_QSPI_GetFifoThreshold), (14 bytes).
    Removing stm32f7xx_hal_qspi.o(i.HAL_QSPI_GetState), (8 bytes).
    Removing stm32f7xx_hal_qspi.o(i.HAL_QSPI_Receive_DMA), (380 bytes).
    Removing stm32f7xx_hal_qspi.o(i.HAL_QSPI_Receive_IT), (156 bytes).
    Removing stm32f7xx_hal_qspi.o(i.HAL_QSPI_RxHalfCpltCallback), (2 bytes).
    Removing stm32f7xx_hal_qspi.o(i.HAL_QSPI_SetFifoThreshold), (76 bytes).
    Removing stm32f7xx_hal_qspi.o(i.HAL_QSPI_Transmit_DMA), (364 bytes).
    Removing stm32f7xx_hal_qspi.o(i.HAL_QSPI_Transmit_IT), (144 bytes).
    Removing stm32f7xx_hal_qspi.o(i.HAL_QSPI_TxHalfCpltCallback), (2 bytes).
    Removing stm32f7xx_hal_qspi.o(i.QSPI_DMAError), (50 bytes).
    Removing stm32f7xx_hal_qspi.o(i.QSPI_DMARxCplt), (22 bytes).
    Removing stm32f7xx_hal_qspi.o(i.QSPI_DMARxHalfCplt), (14 bytes).
    Removing stm32f7xx_hal_qspi.o(i.QSPI_DMATxCplt), (22 bytes).
    Removing stm32f7xx_hal_qspi.o(i.QSPI_DMATxHalfCplt), (14 bytes).
    Removing stm32f7xx_hal_iwdg.o(.rev16_text), (4 bytes).
    Removing stm32f7xx_hal_iwdg.o(.revsh_text), (4 bytes).
    Removing stm32f7xx_hal_iwdg.o(.rrx_text), (6 bytes).
    Removing startup_stm32f746xx.o(HEAP), (0 bytes).
    Removing stm32f7xx_it.o(.rev16_text), (4 bytes).
    Removing stm32f7xx_it.o(.revsh_text), (4 bytes).
    Removing stm32f7xx_it.o(.rrx_text), (6 bytes).
    Removing common.o(.rev16_text), (4 bytes).
    Removing common.o(.revsh_text), (4 bytes).
    Removing common.o(.rrx_text), (6 bytes).
    Removing common.o(i.BaseToPower), (30 bytes).
    Removing common.o(i.Bcd2Dec), (20 bytes).
    Removing common.o(i.CalcCRC), (38 bytes).
    Removing common.o(i.CharToBinStr), (44 bytes).
    Removing common.o(i.Dec2Bcd), (44 bytes).
    Removing common.o(i.DelayMs), (38 bytes).
    Removing common.o(i.GetSize), (18 bytes).
    Removing common.o(i.Hex2Str), (90 bytes).
    Removing common.o(i.Int2Str), (216 bytes).
    Removing common.o(i.Str2Hex), (194 bytes).
    Removing common.o(i.Str2Int), (86 bytes).
    Removing common.o(i.ValidateFwInfo), (74 bytes).
    Removing common.o(i.chk_chr), (28 bytes).
    Removing common.o(i.mem_cmp), (44 bytes).
    Removing common.o(i.mem_comp), (48 bytes).
    Removing common.o(i.mem_copy), (24 bytes).
    Removing common.o(i.mem_cpy), (26 bytes).
    Removing common.o(i.mem_set), (18 bytes).
    Removing common.o(i.mem_zero), (22 bytes).
    Removing common.o(i.rtc2unix), (248 bytes).
    Removing common.o(.constdata), (287 bytes).
    Removing common.o(.data), (3 bytes).
    Removing main.o(.rev16_text), (4 bytes).
    Removing main.o(.revsh_text), (4 bytes).
    Removing main.o(.rrx_text), (6 bytes).

220 unused section(s) (total 13262 bytes) removed from the image.

==============================================================================

Image Symbol Table

    Local Symbols

    Symbol Name                              Value     Ov Type        Size  Object(Section)

    ../Src/main.c                            0x00000000   Number         0  main.o ABSOLUTE
    ../Src/stm32f7xx_it.c                    0x00000000   Number         0  stm32f7xx_it.o ABSOLUTE
    ../Src/system_stm32f7xx.c                0x00000000   Number         0  system_stm32f7xx.o ABSOLUTE
    ../clib/microlib/init/entry.s            0x00000000   Number         0  entry2.o ABSOLUTE
    ../clib/microlib/init/entry.s            0x00000000   Number         0  entry11b.o ABSOLUTE
    ../clib/microlib/init/entry.s            0x00000000   Number         0  entry11a.o ABSOLUTE
    ../clib/microlib/init/entry.s            0x00000000   Number         0  entry10b.o ABSOLUTE
    ../clib/microlib/init/entry.s            0x00000000   Number         0  entry10a.o ABSOLUTE
    ../clib/microlib/init/entry.s            0x00000000   Number         0  entry9b.o ABSOLUTE
    ../clib/microlib/init/entry.s            0x00000000   Number         0  entry8b.o ABSOLUTE
    ../clib/microlib/init/entry.s            0x00000000   Number         0  entry.o ABSOLUTE
    ../clib/microlib/init/entry.s            0x00000000   Number         0  entry8a.o ABSOLUTE
    ../clib/microlib/init/entry.s            0x00000000   Number         0  entry7a.o ABSOLUTE
    ../clib/microlib/init/entry.s            0x00000000   Number         0  entry5.o ABSOLUTE
    ../clib/microlib/init/entry.s            0x00000000   Number         0  entry9a.o ABSOLUTE
    ../clib/microlib/init/entry.s            0x00000000   Number         0  entry7b.o ABSOLUTE
    ../clib/microlib/string/memcmp.c         0x00000000   Number         0  memcmp.o ABSOLUTE
    ../clib/microlib/string/memcpy.c         0x00000000   Number         0  memcpya.o ABSOLUTE
    ../clib/microlib/string/memcpy.c         0x00000000   Number         0  memcpyb.o ABSOLUTE
    ../clib/microlib/string/memset.c         0x00000000   Number         0  memseta.o ABSOLUTE
    ..\..\Common\common.c                    0x00000000   Number         0  common.o ABSOLUTE
    ..\Drivers\BSP\STM32F746\stm32746g_qspi.c 0x00000000   Number         0  stm32746g_qspi.o ABSOLUTE
    ..\Drivers\STM32F7xx_HAL_Driver\Src\stm32f7xx_hal.c 0x00000000   Number         0  stm32f7xx_hal.o ABSOLUTE
    ..\Drivers\STM32F7xx_HAL_Driver\Src\stm32f7xx_hal_cortex.c 0x00000000   Number         0  stm32f7xx_hal_cortex.o ABSOLUTE
    ..\Drivers\STM32F7xx_HAL_Driver\Src\stm32f7xx_hal_crc.c 0x00000000   Number         0  stm32f7xx_hal_crc.o ABSOLUTE
    ..\Drivers\STM32F7xx_HAL_Driver\Src\stm32f7xx_hal_crc_ex.c 0x00000000   Number         0  stm32f7xx_hal_crc_ex.o ABSOLUTE
    ..\Drivers\STM32F7xx_HAL_Driver\Src\stm32f7xx_hal_dma.c 0x00000000   Number         0  stm32f7xx_hal_dma.o ABSOLUTE
    ..\Drivers\STM32F7xx_HAL_Driver\Src\stm32f7xx_hal_flash.c 0x00000000   Number         0  stm32f7xx_hal_flash.o ABSOLUTE
    ..\Drivers\STM32F7xx_HAL_Driver\Src\stm32f7xx_hal_flash_ex.c 0x00000000   Number         0  stm32f7xx_hal_flash_ex.o ABSOLUTE
    ..\Drivers\STM32F7xx_HAL_Driver\Src\stm32f7xx_hal_gpio.c 0x00000000   Number         0  stm32f7xx_hal_gpio.o ABSOLUTE
    ..\Drivers\STM32F7xx_HAL_Driver\Src\stm32f7xx_hal_iwdg.c 0x00000000   Number         0  stm32f7xx_hal_iwdg.o ABSOLUTE
    ..\Drivers\STM32F7xx_HAL_Driver\Src\stm32f7xx_hal_pwr.c 0x00000000   Number         0  stm32f7xx_hal_pwr.o ABSOLUTE
    ..\Drivers\STM32F7xx_HAL_Driver\Src\stm32f7xx_hal_pwr_ex.c 0x00000000   Number         0  stm32f7xx_hal_pwr_ex.o ABSOLUTE
    ..\Drivers\STM32F7xx_HAL_Driver\Src\stm32f7xx_hal_qspi.c 0x00000000   Number         0  stm32f7xx_hal_qspi.o ABSOLUTE
    ..\Drivers\STM32F7xx_HAL_Driver\Src\stm32f7xx_hal_rcc.c 0x00000000   Number         0  stm32f7xx_hal_rcc.o ABSOLUTE
    ..\Drivers\STM32F7xx_HAL_Driver\Src\stm32f7xx_hal_rcc_ex.c 0x00000000   Number         0  stm32f7xx_hal_rcc_ex.o ABSOLUTE
    ..\Drivers\STM32F7xx_HAL_Driver\Src\stm32f7xx_hal_sdram.c 0x00000000   Number         0  stm32f7xx_hal_sdram.o ABSOLUTE
    ..\Src\main.c                            0x00000000   Number         0  main.o ABSOLUTE
    ..\Src\stm32f7xx_it.c                    0x00000000   Number         0  stm32f7xx_it.o ABSOLUTE
    ..\Src\system_stm32f7xx.c                0x00000000   Number         0  system_stm32f7xx.o ABSOLUTE
    ..\\..\\Common\\common.c                 0x00000000   Number         0  common.o ABSOLUTE
    ..\\Drivers\\BSP\\STM32F746\\stm32746g_qspi.c 0x00000000   Number         0  stm32746g_qspi.o ABSOLUTE
    ..\\Drivers\\STM32F7xx_HAL_Driver\\Src\\stm32f7xx_hal.c 0x00000000   Number         0  stm32f7xx_hal.o ABSOLUTE
    ..\\Drivers\\STM32F7xx_HAL_Driver\\Src\\stm32f7xx_hal_cortex.c 0x00000000   Number         0  stm32f7xx_hal_cortex.o ABSOLUTE
    ..\\Drivers\\STM32F7xx_HAL_Driver\\Src\\stm32f7xx_hal_crc.c 0x00000000   Number         0  stm32f7xx_hal_crc.o ABSOLUTE
    ..\\Drivers\\STM32F7xx_HAL_Driver\\Src\\stm32f7xx_hal_crc_ex.c 0x00000000   Number         0  stm32f7xx_hal_crc_ex.o ABSOLUTE
    ..\\Drivers\\STM32F7xx_HAL_Driver\\Src\\stm32f7xx_hal_dma.c 0x00000000   Number         0  stm32f7xx_hal_dma.o ABSOLUTE
    ..\\Drivers\\STM32F7xx_HAL_Driver\\Src\\stm32f7xx_hal_flash.c 0x00000000   Number         0  stm32f7xx_hal_flash.o ABSOLUTE
    ..\\Drivers\\STM32F7xx_HAL_Driver\\Src\\stm32f7xx_hal_flash_ex.c 0x00000000   Number         0  stm32f7xx_hal_flash_ex.o ABSOLUTE
    ..\\Drivers\\STM32F7xx_HAL_Driver\\Src\\stm32f7xx_hal_gpio.c 0x00000000   Number         0  stm32f7xx_hal_gpio.o ABSOLUTE
    ..\\Drivers\\STM32F7xx_HAL_Driver\\Src\\stm32f7xx_hal_iwdg.c 0x00000000   Number         0  stm32f7xx_hal_iwdg.o ABSOLUTE
    ..\\Drivers\\STM32F7xx_HAL_Driver\\Src\\stm32f7xx_hal_pwr.c 0x00000000   Number         0  stm32f7xx_hal_pwr.o ABSOLUTE
    ..\\Drivers\\STM32F7xx_HAL_Driver\\Src\\stm32f7xx_hal_pwr_ex.c 0x00000000   Number         0  stm32f7xx_hal_pwr_ex.o ABSOLUTE
    ..\\Drivers\\STM32F7xx_HAL_Driver\\Src\\stm32f7xx_hal_qspi.c 0x00000000   Number         0  stm32f7xx_hal_qspi.o ABSOLUTE
    ..\\Drivers\\STM32F7xx_HAL_Driver\\Src\\stm32f7xx_hal_rcc.c 0x00000000   Number         0  stm32f7xx_hal_rcc.o ABSOLUTE
    ..\\Drivers\\STM32F7xx_HAL_Driver\\Src\\stm32f7xx_hal_rcc_ex.c 0x00000000   Number         0  stm32f7xx_hal_rcc_ex.o ABSOLUTE
    ..\\Drivers\\STM32F7xx_HAL_Driver\\Src\\stm32f7xx_hal_sdram.c 0x00000000   Number         0  stm32f7xx_hal_sdram.o ABSOLUTE
    Asm/startup_stm32f746xx.s                0x00000000   Number         0  startup_stm32f746xx.o ABSOLUTE
    dc.s                                     0x00000000   Number         0  dc.o ABSOLUTE
    handlers.s                               0x00000000   Number         0  handlers.o ABSOLUTE
    init.s                                   0x00000000   Number         0  init.o ABSOLUTE
    RESET                                    0x08000000   Section      456  startup_stm32f746xx.o(RESET)
    .ARM.Collect$$$$00000000                 0x080001c8   Section        0  entry.o(.ARM.Collect$$$$00000000)
    .ARM.Collect$$$$00000001                 0x080001c8   Section        4  entry2.o(.ARM.Collect$$$$00000001)
    .ARM.Collect$$$$00000004                 0x080001cc   Section        4  entry5.o(.ARM.Collect$$$$00000004)
    .ARM.Collect$$$$00000008                 0x080001d0   Section        0  entry7b.o(.ARM.Collect$$$$00000008)
    .ARM.Collect$$$$0000000A                 0x080001d0   Section        0  entry8b.o(.ARM.Collect$$$$0000000A)
    .ARM.Collect$$$$0000000B                 0x080001d0   Section        8  entry9a.o(.ARM.Collect$$$$0000000B)
    .ARM.Collect$$$$0000000D                 0x080001d8   Section        0  entry10a.o(.ARM.Collect$$$$0000000D)
    .ARM.Collect$$$$0000000F                 0x080001d8   Section        0  entry11a.o(.ARM.Collect$$$$0000000F)
    .ARM.Collect$$$$00002712                 0x080001d8   Section        4  entry2.o(.ARM.Collect$$$$00002712)
    __lit__00000000                          0x080001d8   Data           4  entry2.o(.ARM.Collect$$$$00002712)
    .text                                    0x080001dc   Section       36  startup_stm32f746xx.o(.text)
    $v0                                      0x080001dc   Number         0  startup_stm32f746xx.o(.text)
    .text                                    0x08000200   Section        0  memcpya.o(.text)
    .text                                    0x08000224   Section        0  memseta.o(.text)
    .text                                    0x08000248   Section        0  memcmp.o(.text)
    .text                                    0x08000264   Section       36  init.o(.text)
    i.BusFault_Handler                       0x08000288   Section        0  stm32f7xx_it.o(i.BusFault_Handler)
    i.CPU_CACHE_Enable                       0x08000290   Section        0  main.o(i.CPU_CACHE_Enable)
    i.CRC_Handle_16                          0x080003c0   Section        0  stm32f7xx_hal_crc.o(i.CRC_Handle_16)
    CRC_Handle_16                            0x080003c1   Thumb Code    64  stm32f7xx_hal_crc.o(i.CRC_Handle_16)
    i.CRC_Handle_8                           0x08000400   Section        0  stm32f7xx_hal_crc.o(i.CRC_Handle_8)
    CRC_Handle_8                             0x08000401   Thumb Code   148  stm32f7xx_hal_crc.o(i.CRC_Handle_8)
    i.DMA_CalcBaseAndBitshift                0x08000494   Section        0  stm32f7xx_hal_dma.o(i.DMA_CalcBaseAndBitshift)
    DMA_CalcBaseAndBitshift                  0x08000495   Thumb Code    46  stm32f7xx_hal_dma.o(i.DMA_CalcBaseAndBitshift)
    i.DebugMon_Handler                       0x080004c8   Section        0  stm32f7xx_it.o(i.DebugMon_Handler)
    i.FLASH2QSPI_Copy                        0x080004ca   Section        0  stm32746g_qspi.o(i.FLASH2QSPI_Copy)
    i.FLASH_Erase_Sector                     0x08000548   Section        0  stm32f7xx_hal_flash_ex.o(i.FLASH_Erase_Sector)
    i.FLASH_GetSector                        0x080005b4   Section        0  stm32746g_qspi.o(i.FLASH_GetSector)
    i.FLASH_MassErase                        0x08000658   Section        0  stm32f7xx_hal_flash_ex.o(i.FLASH_MassErase)
    FLASH_MassErase                          0x08000659   Thumb Code    58  stm32f7xx_hal_flash_ex.o(i.FLASH_MassErase)
    i.FLASH_Program_Byte                     0x08000698   Section        0  stm32f7xx_hal_flash.o(i.FLASH_Program_Byte)
    FLASH_Program_Byte                       0x08000699   Thumb Code    48  stm32f7xx_hal_flash.o(i.FLASH_Program_Byte)
    i.FLASH_Program_DoubleWord               0x080006cc   Section        0  stm32f7xx_hal_flash.o(i.FLASH_Program_DoubleWord)
    FLASH_Program_DoubleWord                 0x080006cd   Thumb Code    56  stm32f7xx_hal_flash.o(i.FLASH_Program_DoubleWord)
    i.FLASH_Program_HalfWord                 0x08000708   Section        0  stm32f7xx_hal_flash.o(i.FLASH_Program_HalfWord)
    FLASH_Program_HalfWord                   0x08000709   Thumb Code    52  stm32f7xx_hal_flash.o(i.FLASH_Program_HalfWord)
    i.FLASH_Program_Word                     0x08000740   Section        0  stm32f7xx_hal_flash.o(i.FLASH_Program_Word)
    FLASH_Program_Word                       0x08000741   Thumb Code    52  stm32f7xx_hal_flash.o(i.FLASH_Program_Word)
    i.FLASH_SetErrorCode                     0x08000778   Section        0  stm32f7xx_hal_flash.o(i.FLASH_SetErrorCode)
    FLASH_SetErrorCode                       0x08000779   Thumb Code   118  stm32f7xx_hal_flash.o(i.FLASH_SetErrorCode)
    i.FLASH_WaitForLastOperation             0x080007f8   Section        0  stm32f7xx_hal_flash.o(i.FLASH_WaitForLastOperation)
    i.GetFwInfo                              0x0800085c   Section        0  common.o(i.GetFwInfo)
    i.HAL_CRCEx_Polynomial_Set               0x08000950   Section        0  stm32f7xx_hal_crc_ex.o(i.HAL_CRCEx_Polynomial_Set)
    i.HAL_CRC_Accumulate                     0x080009b2   Section        0  stm32f7xx_hal_crc.o(i.HAL_CRC_Accumulate)
    i.HAL_CRC_Calculate                      0x08000a30   Section        0  stm32f7xx_hal_crc.o(i.HAL_CRC_Calculate)
    i.HAL_CRC_DeInit                         0x08000aba   Section        0  stm32f7xx_hal_crc.o(i.HAL_CRC_DeInit)
    i.HAL_CRC_Init                           0x08000afc   Section        0  stm32f7xx_hal_crc.o(i.HAL_CRC_Init)
    i.HAL_CRC_MspDeInit                      0x08000b80   Section        0  stm32f7xx_hal_crc.o(i.HAL_CRC_MspDeInit)
    i.HAL_CRC_MspInit                        0x08000b82   Section        0  stm32f7xx_hal_crc.o(i.HAL_CRC_MspInit)
    i.HAL_DMA_Abort                          0x08000b84   Section        0  stm32f7xx_hal_dma.o(i.HAL_DMA_Abort)
    i.HAL_DMA_Abort_IT                       0x08000c2e   Section        0  stm32f7xx_hal_dma.o(i.HAL_DMA_Abort_IT)
    i.HAL_DMA_DeInit                         0x08000c56   Section        0  stm32f7xx_hal_dma.o(i.HAL_DMA_DeInit)
    i.HAL_DeInit                             0x08000cb8   Section        0  stm32f7xx_hal.o(i.HAL_DeInit)
    i.HAL_Deinit                             0x08000cfc   Section        0  main.o(i.HAL_Deinit)
    i.HAL_FLASHEx_Erase                      0x08000e10   Section        0  stm32f7xx_hal_flash_ex.o(i.HAL_FLASHEx_Erase)
    i.HAL_FLASH_Lock                         0x08000eb8   Section        0  stm32f7xx_hal_flash.o(i.HAL_FLASH_Lock)
    i.HAL_FLASH_Program                      0x08000ecc   Section        0  stm32f7xx_hal_flash.o(i.HAL_FLASH_Program)
    i.HAL_FLASH_Unlock                       0x08000f70   Section        0  stm32f7xx_hal_flash.o(i.HAL_FLASH_Unlock)
    i.HAL_GPIO_DeInit                        0x08000f9c   Section        0  stm32f7xx_hal_gpio.o(i.HAL_GPIO_DeInit)
    i.HAL_GPIO_Init                          0x0800111c   Section        0  stm32f7xx_hal_gpio.o(i.HAL_GPIO_Init)
    i.HAL_GetTick                            0x08001334   Section        0  stm32f7xx_hal.o(i.HAL_GetTick)
    i.HAL_IWDG_Init                          0x08001340   Section        0  stm32f7xx_hal_iwdg.o(i.HAL_IWDG_Init)
    i.HAL_IWDG_Refresh                       0x080013a2   Section        0  stm32f7xx_hal_iwdg.o(i.HAL_IWDG_Refresh)
    i.HAL_IncTick                            0x080013b0   Section        0  stm32f7xx_hal.o(i.HAL_IncTick)
    i.HAL_Init                               0x080013c0   Section        0  stm32f7xx_hal.o(i.HAL_Init)
    i.HAL_InitTick                           0x080013e8   Section        0  stm32f7xx_hal.o(i.HAL_InitTick)
    i.HAL_MspDeInit                          0x08001410   Section        0  stm32f7xx_hal.o(i.HAL_MspDeInit)
    i.HAL_MspInit                            0x08001412   Section        0  stm32f7xx_hal.o(i.HAL_MspInit)
    i.HAL_NVIC_DisableIRQ                    0x08001414   Section        0  stm32f7xx_hal_cortex.o(i.HAL_NVIC_DisableIRQ)
    i.HAL_NVIC_EnableIRQ                     0x08001458   Section        0  stm32f7xx_hal_cortex.o(i.HAL_NVIC_EnableIRQ)
    i.HAL_NVIC_SetPriority                   0x08001480   Section        0  stm32f7xx_hal_cortex.o(i.HAL_NVIC_SetPriority)
    i.HAL_NVIC_SetPriorityGrouping           0x080014fc   Section        0  stm32f7xx_hal_cortex.o(i.HAL_NVIC_SetPriorityGrouping)
    i.HAL_PWREx_EnableOverDrive              0x08001524   Section        0  stm32f7xx_hal_pwr_ex.o(i.HAL_PWREx_EnableOverDrive)
    i.HAL_QSPI_Abort                         0x080015b4   Section        0  stm32f7xx_hal_qspi.o(i.HAL_QSPI_Abort)
    i.HAL_QSPI_AbortCpltCallback             0x08001642   Section        0  stm32f7xx_hal_qspi.o(i.HAL_QSPI_AbortCpltCallback)
    i.HAL_QSPI_Abort_IT                      0x08001644   Section        0  stm32f7xx_hal_qspi.o(i.HAL_QSPI_Abort_IT)
    i.HAL_QSPI_AutoPolling                   0x080016bc   Section        0  stm32f7xx_hal_qspi.o(i.HAL_QSPI_AutoPolling)
    i.HAL_QSPI_CmdCpltCallback               0x08001790   Section        0  stm32f7xx_hal_qspi.o(i.HAL_QSPI_CmdCpltCallback)
    i.HAL_QSPI_Command                       0x08001792   Section        0  stm32f7xx_hal_qspi.o(i.HAL_QSPI_Command)
    i.HAL_QSPI_DeInit                        0x08001838   Section        0  stm32f7xx_hal_qspi.o(i.HAL_QSPI_DeInit)
    i.HAL_QSPI_ErrorCallback                 0x0800187e   Section        0  stm32f7xx_hal_qspi.o(i.HAL_QSPI_ErrorCallback)
    i.HAL_QSPI_FifoThresholdCallback         0x08001880   Section        0  stm32f7xx_hal_qspi.o(i.HAL_QSPI_FifoThresholdCallback)
    i.HAL_QSPI_IRQHandler                    0x08001884   Section        0  stm32f7xx_hal_qspi.o(i.HAL_QSPI_IRQHandler)
    i.HAL_QSPI_Init                          0x08001ae8   Section        0  stm32f7xx_hal_qspi.o(i.HAL_QSPI_Init)
    i.HAL_QSPI_MemoryMapped                  0x08001bc0   Section        0  stm32f7xx_hal_qspi.o(i.HAL_QSPI_MemoryMapped)
    i.HAL_QSPI_MspDeInit                     0x08001c70   Section        0  stm32746g_qspi.o(i.HAL_QSPI_MspDeInit)
    i.HAL_QSPI_MspInit                       0x08001cfc   Section        0  stm32746g_qspi.o(i.HAL_QSPI_MspInit)
    i.HAL_QSPI_Receive                       0x08001e6c   Section        0  stm32f7xx_hal_qspi.o(i.HAL_QSPI_Receive)
    i.HAL_QSPI_RxCpltCallback                0x08001f56   Section        0  stm32f7xx_hal_qspi.o(i.HAL_QSPI_RxCpltCallback)
    i.HAL_QSPI_SetTimeout                    0x08001f58   Section        0  stm32f7xx_hal_qspi.o(i.HAL_QSPI_SetTimeout)
    i.HAL_QSPI_StatusMatchCallback           0x08001f5c   Section        0  stm32f7xx_hal_qspi.o(i.HAL_QSPI_StatusMatchCallback)
    i.HAL_QSPI_TimeOutCallback               0x08001f5e   Section        0  stm32f7xx_hal_qspi.o(i.HAL_QSPI_TimeOutCallback)
    i.HAL_QSPI_TxCpltCallback                0x08001f60   Section        0  stm32f7xx_hal_qspi.o(i.HAL_QSPI_TxCpltCallback)
    i.HAL_RCC_DeInit                         0x08001f64   Section        0  stm32f7xx_hal_rcc.o(i.HAL_RCC_DeInit)
    i.HardFault_Handler                      0x08001fe4   Section        0  stm32f7xx_it.o(i.HardFault_Handler)
    i.MemManage_Handler                      0x08001fec   Section        0  stm32f7xx_it.o(i.MemManage_Handler)
    i.NMI_Handler                            0x08001ff4   Section        0  stm32f7xx_it.o(i.NMI_Handler)
    i.SysTick_Handler                        0x08001ff6   Section        0  stm32f7xx_it.o(i.SysTick_Handler)
    i.__scatterload_null                     0x08001ffe   Section        2  handlers.o(i.__scatterload_null)
    .ARM.__at_0x08002000                     0x08002000   Section        4  common.o(.ARM.__at_0x08002000)
    __tagsym$$used                           0x08002000   Number         0  common.o(.ARM.__at_0x08002000)
    .ARM.__at_0x08002004                     0x08002004   Section        4  common.o(.ARM.__at_0x08002004)
    __tagsym$$used                           0x08002004   Number         0  common.o(.ARM.__at_0x08002004)
    .ARM.__at_0x08002008                     0x08002008   Section        4  common.o(.ARM.__at_0x08002008)
    __tagsym$$used                           0x08002008   Number         0  common.o(.ARM.__at_0x08002008)
    .ARM.__at_0x0800200C                     0x0800200c   Section        4  common.o(.ARM.__at_0x0800200C)
    __tagsym$$used                           0x0800200c   Number         0  common.o(.ARM.__at_0x0800200C)
    i.HAL_QSPI_Transmit                      0x08002010   Section        0  stm32f7xx_hal_qspi.o(i.HAL_QSPI_Transmit)
    i.HAL_RCC_ClockConfig                    0x080020ec   Section        0  stm32f7xx_hal_rcc.o(i.HAL_RCC_ClockConfig)
    i.HAL_RCC_GetSysClockFreq                0x08002250   Section        0  stm32f7xx_hal_rcc.o(i.HAL_RCC_GetSysClockFreq)
    i.HAL_RCC_OscConfig                      0x080022e0   Section        0  stm32f7xx_hal_rcc.o(i.HAL_RCC_OscConfig)
    i.HAL_SYSTICK_Config                     0x08002794   Section        0  stm32f7xx_hal_cortex.o(i.HAL_SYSTICK_Config)
    i.IsNewFwUpdate                          0x080027c8   Section        0  common.o(i.IsNewFwUpdate)
    i.MX_CRC_DeInit                          0x0800280c   Section        0  main.o(i.MX_CRC_DeInit)
    i.MX_CRC_Init                            0x08002844   Section        0  main.o(i.MX_CRC_Init)
    i.MX_IWDG_Init                           0x08002898   Section        0  main.o(i.MX_IWDG_Init)
    i.MX_QSPI_Init                           0x080028bc   Section        0  stm32746g_qspi.o(i.MX_QSPI_Init)
    i.QSPI2FLASH_Copy                        0x0800293c   Section        0  stm32746g_qspi.o(i.QSPI2FLASH_Copy)
    i.QSPI_AutoPollMemRdy                    0x080029b8   Section        0  stm32746g_qspi.o(i.QSPI_AutoPollMemRdy)
    i.QSPI_Config                            0x08002a18   Section        0  stm32f7xx_hal_qspi.o(i.QSPI_Config)
    QSPI_Config                              0x08002a19   Thumb Code   488  stm32f7xx_hal_qspi.o(i.QSPI_Config)
    i.QSPI_DMAAbortCplt                      0x08002c00   Section        0  stm32f7xx_hal_qspi.o(i.QSPI_DMAAbortCplt)
    QSPI_DMAAbortCplt                        0x08002c01   Thumb Code    66  stm32f7xx_hal_qspi.o(i.QSPI_DMAAbortCplt)
    i.QSPI_DummyCyclesCfg                    0x08002c44   Section        0  stm32746g_qspi.o(i.QSPI_DummyCyclesCfg)
    i.QSPI_Erase                             0x08002cec   Section        0  stm32746g_qspi.o(i.QSPI_Erase)
    i.QSPI_EraseSector                       0x08002d10   Section        0  stm32746g_qspi.o(i.QSPI_EraseSector)
    i.QSPI_MemMapMode                        0x08002d74   Section        0  stm32746g_qspi.o(i.QSPI_MemMapMode)
    i.QSPI_ResetMemory                       0x08002de8   Section        0  stm32746g_qspi.o(i.QSPI_ResetMemory)
    i.QSPI_WaitFlagStateUntilTimeout         0x08002f64   Section        0  stm32f7xx_hal_qspi.o(i.QSPI_WaitFlagStateUntilTimeout)
    QSPI_WaitFlagStateUntilTimeout           0x08002f65   Thumb Code    76  stm32f7xx_hal_qspi.o(i.QSPI_WaitFlagStateUntilTimeout)
    i.QSPI_Write                             0x08002fb0   Section        0  stm32746g_qspi.o(i.QSPI_Write)
    i.QSPI_WriteEnable                       0x080030ec   Section        0  stm32746g_qspi.o(i.QSPI_WriteEnable)
    i.QSPI_WritePage                         0x08003164   Section        0  stm32746g_qspi.o(i.QSPI_WritePage)
    i.QUADSPI_IRQHandler                     0x080031e8   Section        0  stm32f7xx_it.o(i.QUADSPI_IRQHandler)
    i.ResetFwInfo                            0x080031f8   Section        0  common.o(i.ResetFwInfo)
    i.Restart                                0x08003208   Section        0  main.o(i.Restart)
    i.RunApplication                         0x0800325c   Section        0  main.o(i.RunApplication)
    i.SystemClock_Config                     0x08003294   Section        0  main.o(i.SystemClock_Config)
    i.SystemInit                             0x08003300   Section        0  system_stm32f7xx.o(i.SystemInit)
    i.UsageFault_Handler                     0x08003364   Section        0  stm32f7xx_it.o(i.UsageFault_Handler)
    i.__NVIC_GetPriorityGrouping             0x0800336c   Section        0  stm32f7xx_hal_cortex.o(i.__NVIC_GetPriorityGrouping)
    __NVIC_GetPriorityGrouping               0x0800336d   Thumb Code    10  stm32f7xx_hal_cortex.o(i.__NVIC_GetPriorityGrouping)
    i.__NVIC_SetPriority                     0x0800337c   Section        0  stm32f7xx_hal_cortex.o(i.__NVIC_SetPriority)
    __NVIC_SetPriority                       0x0800337d   Thumb Code    32  stm32f7xx_hal_cortex.o(i.__NVIC_SetPriority)
    i.__scatterload_copy                     0x080033a4   Section       14  handlers.o(i.__scatterload_copy)
    i.__scatterload_zeroinit                 0x080033b2   Section       14  handlers.o(i.__scatterload_zeroinit)
    i.main                                   0x080033c0   Section        0  main.o(i.main)
    .constdata                               0x080034e8   Section       24  system_stm32f7xx.o(.constdata)
    .constdata                               0x08003500   Section        8  stm32f7xx_hal_dma.o(.constdata)
    flagBitshiftOffset                       0x08003500   Data           8  stm32f7xx_hal_dma.o(.constdata)
    .data                                    0x20000000   Section        4  system_stm32f7xx.o(.data)
    .data                                    0x20000004   Section        1  stm32746g_qspi.o(.data)
    .data                                    0x20000008   Section        4  stm32f7xx_hal.o(.data)
    .data                                    0x2000000c   Section        8  main.o(.data)
    StartApplication                         0x20000010   Data           4  main.o(.data)
    .bss                                     0x20000014   Section      176  stm32746g_qspi.o(.bss)
    hdma                                     0x20000064   Data          96  stm32746g_qspi.o(.bss)
    .bss                                     0x200000c4   Section       28  stm32f7xx_hal_flash.o(.bss)
    .bss                                     0x200000e0   Section      284  main.o(.bss)
    STACK                                    0x20000200   Section     8192  startup_stm32f746xx.o(STACK)

    Global Symbols

    Symbol Name                              Value     Ov Type        Size  Object(Section)

    BuildAttributes$$THM_ISAv4$E$P$D$K$B$S$7EM$VFPi5$EXTD16$VFPS$VFMA$PE$PLD8$A:L22UL41UL21$X:L11$S22US41US21$IEEE1$IW$USESV6$~STKCKD$USESV7$~SHL$OSPACE$EBA8$MICROLIB$REQ8$PRES8$EABIv2 0x00000000   Number         0  anon$$obj.o ABSOLUTE
    __ARM_use_no_argv                        0x00000000   Number         0  main.o ABSOLUTE
    __cpp_initialize__aeabi_                  - Undefined Weak Reference
    __cxa_finalize                            - Undefined Weak Reference
    __decompress                              - Undefined Weak Reference
    _clock_init                               - Undefined Weak Reference
    _microlib_exit                            - Undefined Weak Reference
    __Vectors_Size                           0x000001c8   Number         0  startup_stm32f746xx.o ABSOLUTE
    __Vectors                                0x08000000   Data           4  startup_stm32f746xx.o(RESET)
    __Vectors_End                            0x080001c8   Data           0  startup_stm32f746xx.o(RESET)
    __main                                   0x080001c9   Thumb Code     0  entry.o(.ARM.Collect$$$$00000000)
    _main_stk                                0x080001c9   Thumb Code     0  entry2.o(.ARM.Collect$$$$00000001)
    _main_scatterload                        0x080001cd   Thumb Code     0  entry5.o(.ARM.Collect$$$$00000004)
    __main_after_scatterload                 0x080001d1   Thumb Code     0  entry5.o(.ARM.Collect$$$$00000004)
    _main_clock                              0x080001d1   Thumb Code     0  entry7b.o(.ARM.Collect$$$$00000008)
    _main_cpp_init                           0x080001d1   Thumb Code     0  entry8b.o(.ARM.Collect$$$$0000000A)
    _main_init                               0x080001d1   Thumb Code     0  entry9a.o(.ARM.Collect$$$$0000000B)
    __rt_final_cpp                           0x080001d9   Thumb Code     0  entry10a.o(.ARM.Collect$$$$0000000D)
    __rt_final_exit                          0x080001d9   Thumb Code     0  entry11a.o(.ARM.Collect$$$$0000000F)
    Reset_Handler                            0x080001dd   Thumb Code     8  startup_stm32f746xx.o(.text)
    SVC_Handler                              0x080001ef   Thumb Code     2  startup_stm32f746xx.o(.text)
    PendSV_Handler                           0x080001f3   Thumb Code     2  startup_stm32f746xx.o(.text)
    ADC_IRQHandler                           0x080001f7   Thumb Code     0  startup_stm32f746xx.o(.text)
    CAN1_RX0_IRQHandler                      0x080001f7   Thumb Code     0  startup_stm32f746xx.o(.text)
    CAN1_RX1_IRQHandler                      0x080001f7   Thumb Code     0  startup_stm32f746xx.o(.text)
    CAN1_SCE_IRQHandler                      0x080001f7   Thumb Code     0  startup_stm32f746xx.o(.text)
    CAN1_TX_IRQHandler                       0x080001f7   Thumb Code     0  startup_stm32f746xx.o(.text)
    CAN2_RX0_IRQHandler                      0x080001f7   Thumb Code     0  startup_stm32f746xx.o(.text)
    CAN2_RX1_IRQHandler                      0x080001f7   Thumb Code     0  startup_stm32f746xx.o(.text)
    CAN2_SCE_IRQHandler                      0x080001f7   Thumb Code     0  startup_stm32f746xx.o(.text)
    CAN2_TX_IRQHandler                       0x080001f7   Thumb Code     0  startup_stm32f746xx.o(.text)
    CEC_IRQHandler                           0x080001f7   Thumb Code     0  startup_stm32f746xx.o(.text)
    DCMI_IRQHandler                          0x080001f7   Thumb Code     0  startup_stm32f746xx.o(.text)
    DMA1_Stream0_IRQHandler                  0x080001f7   Thumb Code     0  startup_stm32f746xx.o(.text)
    DMA1_Stream1_IRQHandler                  0x080001f7   Thumb Code     0  startup_stm32f746xx.o(.text)
    DMA1_Stream2_IRQHandler                  0x080001f7   Thumb Code     0  startup_stm32f746xx.o(.text)
    DMA1_Stream3_IRQHandler                  0x080001f7   Thumb Code     0  startup_stm32f746xx.o(.text)
    DMA1_Stream4_IRQHandler                  0x080001f7   Thumb Code     0  startup_stm32f746xx.o(.text)
    DMA1_Stream5_IRQHandler                  0x080001f7   Thumb Code     0  startup_stm32f746xx.o(.text)
    DMA1_Stream6_IRQHandler                  0x080001f7   Thumb Code     0  startup_stm32f746xx.o(.text)
    DMA1_Stream7_IRQHandler                  0x080001f7   Thumb Code     0  startup_stm32f746xx.o(.text)
    DMA2D_IRQHandler                         0x080001f7   Thumb Code     0  startup_stm32f746xx.o(.text)
    DMA2_Stream0_IRQHandler                  0x080001f7   Thumb Code     0  startup_stm32f746xx.o(.text)
    DMA2_Stream1_IRQHandler                  0x080001f7   Thumb Code     0  startup_stm32f746xx.o(.text)
    DMA2_Stream2_IRQHandler                  0x080001f7   Thumb Code     0  startup_stm32f746xx.o(.text)
    DMA2_Stream3_IRQHandler                  0x080001f7   Thumb Code     0  startup_stm32f746xx.o(.text)
    DMA2_Stream4_IRQHandler                  0x080001f7   Thumb Code     0  startup_stm32f746xx.o(.text)
    DMA2_Stream5_IRQHandler                  0x080001f7   Thumb Code     0  startup_stm32f746xx.o(.text)
    DMA2_Stream6_IRQHandler                  0x080001f7   Thumb Code     0  startup_stm32f746xx.o(.text)
    DMA2_Stream7_IRQHandler                  0x080001f7   Thumb Code     0  startup_stm32f746xx.o(.text)
    ETH_IRQHandler                           0x080001f7   Thumb Code     0  startup_stm32f746xx.o(.text)
    ETH_WKUP_IRQHandler                      0x080001f7   Thumb Code     0  startup_stm32f746xx.o(.text)
    EXTI0_IRQHandler                         0x080001f7   Thumb Code     0  startup_stm32f746xx.o(.text)
    EXTI15_10_IRQHandler                     0x080001f7   Thumb Code     0  startup_stm32f746xx.o(.text)
    EXTI1_IRQHandler                         0x080001f7   Thumb Code     0  startup_stm32f746xx.o(.text)
    EXTI2_IRQHandler                         0x080001f7   Thumb Code     0  startup_stm32f746xx.o(.text)
    EXTI3_IRQHandler                         0x080001f7   Thumb Code     0  startup_stm32f746xx.o(.text)
    EXTI4_IRQHandler                         0x080001f7   Thumb Code     0  startup_stm32f746xx.o(.text)
    EXTI9_5_IRQHandler                       0x080001f7   Thumb Code     0  startup_stm32f746xx.o(.text)
    FLASH_IRQHandler                         0x080001f7   Thumb Code     0  startup_stm32f746xx.o(.text)
    FMC_IRQHandler                           0x080001f7   Thumb Code     0  startup_stm32f746xx.o(.text)
    FPU_IRQHandler                           0x080001f7   Thumb Code     0  startup_stm32f746xx.o(.text)
    I2C1_ER_IRQHandler                       0x080001f7   Thumb Code     0  startup_stm32f746xx.o(.text)
    I2C1_EV_IRQHandler                       0x080001f7   Thumb Code     0  startup_stm32f746xx.o(.text)
    I2C2_ER_IRQHandler                       0x080001f7   Thumb Code     0  startup_stm32f746xx.o(.text)
    I2C2_EV_IRQHandler                       0x080001f7   Thumb Code     0  startup_stm32f746xx.o(.text)
    I2C3_ER_IRQHandler                       0x080001f7   Thumb Code     0  startup_stm32f746xx.o(.text)
    I2C3_EV_IRQHandler                       0x080001f7   Thumb Code     0  startup_stm32f746xx.o(.text)
    I2C4_ER_IRQHandler                       0x080001f7   Thumb Code     0  startup_stm32f746xx.o(.text)
    I2C4_EV_IRQHandler                       0x080001f7   Thumb Code     0  startup_stm32f746xx.o(.text)
    LPTIM1_IRQHandler                        0x080001f7   Thumb Code     0  startup_stm32f746xx.o(.text)
    LTDC_ER_IRQHandler                       0x080001f7   Thumb Code     0  startup_stm32f746xx.o(.text)
    LTDC_IRQHandler                          0x080001f7   Thumb Code     0  startup_stm32f746xx.o(.text)
    OTG_FS_IRQHandler                        0x080001f7   Thumb Code     0  startup_stm32f746xx.o(.text)
    OTG_FS_WKUP_IRQHandler                   0x080001f7   Thumb Code     0  startup_stm32f746xx.o(.text)
    OTG_HS_EP1_IN_IRQHandler                 0x080001f7   Thumb Code     0  startup_stm32f746xx.o(.text)
    OTG_HS_EP1_OUT_IRQHandler                0x080001f7   Thumb Code     0  startup_stm32f746xx.o(.text)
    OTG_HS_IRQHandler                        0x080001f7   Thumb Code     0  startup_stm32f746xx.o(.text)
    OTG_HS_WKUP_IRQHandler                   0x080001f7   Thumb Code     0  startup_stm32f746xx.o(.text)
    PVD_IRQHandler                           0x080001f7   Thumb Code     0  startup_stm32f746xx.o(.text)
    RCC_IRQHandler                           0x080001f7   Thumb Code     0  startup_stm32f746xx.o(.text)
    RNG_IRQHandler                           0x080001f7   Thumb Code     0  startup_stm32f746xx.o(.text)
    RTC_Alarm_IRQHandler                     0x080001f7   Thumb Code     0  startup_stm32f746xx.o(.text)
    RTC_WKUP_IRQHandler                      0x080001f7   Thumb Code     0  startup_stm32f746xx.o(.text)
    SAI1_IRQHandler                          0x080001f7   Thumb Code     0  startup_stm32f746xx.o(.text)
    SAI2_IRQHandler                          0x080001f7   Thumb Code     0  startup_stm32f746xx.o(.text)
    SDMMC1_IRQHandler                        0x080001f7   Thumb Code     0  startup_stm32f746xx.o(.text)
    SPDIF_RX_IRQHandler                      0x080001f7   Thumb Code     0  startup_stm32f746xx.o(.text)
    SPI1_IRQHandler                          0x080001f7   Thumb Code     0  startup_stm32f746xx.o(.text)
    SPI2_IRQHandler                          0x080001f7   Thumb Code     0  startup_stm32f746xx.o(.text)
    SPI3_IRQHandler                          0x080001f7   Thumb Code     0  startup_stm32f746xx.o(.text)
    SPI4_IRQHandler                          0x080001f7   Thumb Code     0  startup_stm32f746xx.o(.text)
    SPI5_IRQHandler                          0x080001f7   Thumb Code     0  startup_stm32f746xx.o(.text)
    SPI6_IRQHandler                          0x080001f7   Thumb Code     0  startup_stm32f746xx.o(.text)
    TAMP_STAMP_IRQHandler                    0x080001f7   Thumb Code     0  startup_stm32f746xx.o(.text)
    TIM1_BRK_TIM9_IRQHandler                 0x080001f7   Thumb Code     0  startup_stm32f746xx.o(.text)
    TIM1_CC_IRQHandler                       0x080001f7   Thumb Code     0  startup_stm32f746xx.o(.text)
    TIM1_TRG_COM_TIM11_IRQHandler            0x080001f7   Thumb Code     0  startup_stm32f746xx.o(.text)
    TIM1_UP_TIM10_IRQHandler                 0x080001f7   Thumb Code     0  startup_stm32f746xx.o(.text)
    TIM2_IRQHandler                          0x080001f7   Thumb Code     0  startup_stm32f746xx.o(.text)
    TIM3_IRQHandler                          0x080001f7   Thumb Code     0  startup_stm32f746xx.o(.text)
    TIM4_IRQHandler                          0x080001f7   Thumb Code     0  startup_stm32f746xx.o(.text)
    TIM5_IRQHandler                          0x080001f7   Thumb Code     0  startup_stm32f746xx.o(.text)
    TIM6_DAC_IRQHandler                      0x080001f7   Thumb Code     0  startup_stm32f746xx.o(.text)
    TIM7_IRQHandler                          0x080001f7   Thumb Code     0  startup_stm32f746xx.o(.text)
    TIM8_BRK_TIM12_IRQHandler                0x080001f7   Thumb Code     0  startup_stm32f746xx.o(.text)
    TIM8_CC_IRQHandler                       0x080001f7   Thumb Code     0  startup_stm32f746xx.o(.text)
    TIM8_TRG_COM_TIM14_IRQHandler            0x080001f7   Thumb Code     0  startup_stm32f746xx.o(.text)
    TIM8_UP_TIM13_IRQHandler                 0x080001f7   Thumb Code     0  startup_stm32f746xx.o(.text)
    UART4_IRQHandler                         0x080001f7   Thumb Code     0  startup_stm32f746xx.o(.text)
    UART5_IRQHandler                         0x080001f7   Thumb Code     0  startup_stm32f746xx.o(.text)
    UART7_IRQHandler                         0x080001f7   Thumb Code     0  startup_stm32f746xx.o(.text)
    UART8_IRQHandler                         0x080001f7   Thumb Code     0  startup_stm32f746xx.o(.text)
    USART1_IRQHandler                        0x080001f7   Thumb Code     0  startup_stm32f746xx.o(.text)
    USART2_IRQHandler                        0x080001f7   Thumb Code     0  startup_stm32f746xx.o(.text)
    USART3_IRQHandler                        0x080001f7   Thumb Code     0  startup_stm32f746xx.o(.text)
    USART6_IRQHandler                        0x080001f7   Thumb Code     0  startup_stm32f746xx.o(.text)
    WWDG_IRQHandler                          0x080001f7   Thumb Code     0  startup_stm32f746xx.o(.text)
    __aeabi_memcpy                           0x08000201   Thumb Code    36  memcpya.o(.text)
    __aeabi_memcpy4                          0x08000201   Thumb Code     0  memcpya.o(.text)
    __aeabi_memcpy8                          0x08000201   Thumb Code     0  memcpya.o(.text)
    __aeabi_memset                           0x08000225   Thumb Code    14  memseta.o(.text)
    __aeabi_memset4                          0x08000225   Thumb Code     0  memseta.o(.text)
    __aeabi_memset8                          0x08000225   Thumb Code     0  memseta.o(.text)
    __aeabi_memclr                           0x08000233   Thumb Code     4  memseta.o(.text)
    __aeabi_memclr4                          0x08000233   Thumb Code     0  memseta.o(.text)
    __aeabi_memclr8                          0x08000233   Thumb Code     0  memseta.o(.text)
    _memset$wrapper                          0x08000237   Thumb Code    18  memseta.o(.text)
    memcmp                                   0x08000249   Thumb Code    26  memcmp.o(.text)
    __scatterload                            0x08000265   Thumb Code    28  init.o(.text)
    __scatterload_rt2                        0x08000265   Thumb Code     0  init.o(.text)
    BusFault_Handler                         0x08000289   Thumb Code     8  stm32f7xx_it.o(i.BusFault_Handler)
    CPU_CACHE_Enable                         0x08000291   Thumb Code   294  main.o(i.CPU_CACHE_Enable)
    DebugMon_Handler                         0x080004c9   Thumb Code     2  stm32f7xx_it.o(i.DebugMon_Handler)
    FLASH2QSPI_Copy                          0x080004cb   Thumb Code   126  stm32746g_qspi.o(i.FLASH2QSPI_Copy)
    FLASH_Erase_Sector                       0x08000549   Thumb Code   102  stm32f7xx_hal_flash_ex.o(i.FLASH_Erase_Sector)
    FLASH_GetSector                          0x080005b5   Thumb Code   134  stm32746g_qspi.o(i.FLASH_GetSector)
    FLASH_WaitForLastOperation               0x080007f9   Thumb Code    90  stm32f7xx_hal_flash.o(i.FLASH_WaitForLastOperation)
    GetFwInfo                                0x0800085d   Thumb Code   240  common.o(i.GetFwInfo)
    HAL_CRCEx_Polynomial_Set                 0x08000951   Thumb Code    98  stm32f7xx_hal_crc_ex.o(i.HAL_CRCEx_Polynomial_Set)
    HAL_CRC_Accumulate                       0x080009b3   Thumb Code   126  stm32f7xx_hal_crc.o(i.HAL_CRC_Accumulate)
    HAL_CRC_Calculate                        0x08000a31   Thumb Code   138  stm32f7xx_hal_crc.o(i.HAL_CRC_Calculate)
    HAL_CRC_DeInit                           0x08000abb   Thumb Code    64  stm32f7xx_hal_crc.o(i.HAL_CRC_DeInit)
    HAL_CRC_Init                             0x08000afd   Thumb Code   128  stm32f7xx_hal_crc.o(i.HAL_CRC_Init)
    HAL_CRC_MspDeInit                        0x08000b81   Thumb Code     2  stm32f7xx_hal_crc.o(i.HAL_CRC_MspDeInit)
    HAL_CRC_MspInit                          0x08000b83   Thumb Code     2  stm32f7xx_hal_crc.o(i.HAL_CRC_MspInit)
    HAL_DMA_Abort                            0x08000b85   Thumb Code   170  stm32f7xx_hal_dma.o(i.HAL_DMA_Abort)
    HAL_DMA_Abort_IT                         0x08000c2f   Thumb Code    40  stm32f7xx_hal_dma.o(i.HAL_DMA_Abort_IT)
    HAL_DMA_DeInit                           0x08000c57   Thumb Code    98  stm32f7xx_hal_dma.o(i.HAL_DMA_DeInit)
    HAL_DeInit                               0x08000cb9   Thumb Code    64  stm32f7xx_hal.o(i.HAL_DeInit)
    HAL_Deinit                               0x08000cfd   Thumb Code   262  main.o(i.HAL_Deinit)
    HAL_FLASHEx_Erase                        0x08000e11   Thumb Code   158  stm32f7xx_hal_flash_ex.o(i.HAL_FLASHEx_Erase)
    HAL_FLASH_Lock                           0x08000eb9   Thumb Code    16  stm32f7xx_hal_flash.o(i.HAL_FLASH_Lock)
    HAL_FLASH_Program                        0x08000ecd   Thumb Code   154  stm32f7xx_hal_flash.o(i.HAL_FLASH_Program)
    HAL_FLASH_Unlock                         0x08000f71   Thumb Code    32  stm32f7xx_hal_flash.o(i.HAL_FLASH_Unlock)
    HAL_GPIO_DeInit                          0x08000f9d   Thumb Code   336  stm32f7xx_hal_gpio.o(i.HAL_GPIO_DeInit)
    HAL_GPIO_Init                            0x0800111d   Thumb Code   484  stm32f7xx_hal_gpio.o(i.HAL_GPIO_Init)
    HAL_GetTick                              0x08001335   Thumb Code     6  stm32f7xx_hal.o(i.HAL_GetTick)
    HAL_IWDG_Init                            0x08001341   Thumb Code    98  stm32f7xx_hal_iwdg.o(i.HAL_IWDG_Init)
    HAL_IWDG_Refresh                         0x080013a3   Thumb Code    14  stm32f7xx_hal_iwdg.o(i.HAL_IWDG_Refresh)
    HAL_IncTick                              0x080013b1   Thumb Code    12  stm32f7xx_hal.o(i.HAL_IncTick)
    HAL_Init                                 0x080013c1   Thumb Code    34  stm32f7xx_hal.o(i.HAL_Init)
    HAL_InitTick                             0x080013e9   Thumb Code    36  stm32f7xx_hal.o(i.HAL_InitTick)
    HAL_MspDeInit                            0x08001411   Thumb Code     2  stm32f7xx_hal.o(i.HAL_MspDeInit)
    HAL_MspInit                              0x08001413   Thumb Code     2  stm32f7xx_hal.o(i.HAL_MspInit)
    HAL_NVIC_DisableIRQ                      0x08001415   Thumb Code    62  stm32f7xx_hal_cortex.o(i.HAL_NVIC_DisableIRQ)
    HAL_NVIC_EnableIRQ                       0x08001459   Thumb Code    40  stm32f7xx_hal_cortex.o(i.HAL_NVIC_EnableIRQ)
    HAL_NVIC_SetPriority                     0x08001481   Thumb Code   124  stm32f7xx_hal_cortex.o(i.HAL_NVIC_SetPriority)
    HAL_NVIC_SetPriorityGrouping             0x080014fd   Thumb Code    32  stm32f7xx_hal_cortex.o(i.HAL_NVIC_SetPriorityGrouping)
    HAL_PWREx_EnableOverDrive                0x08001525   Thumb Code   136  stm32f7xx_hal_pwr_ex.o(i.HAL_PWREx_EnableOverDrive)
    HAL_QSPI_Abort                           0x080015b5   Thumb Code   142  stm32f7xx_hal_qspi.o(i.HAL_QSPI_Abort)
    HAL_QSPI_AbortCpltCallback               0x08001643   Thumb Code     2  stm32f7xx_hal_qspi.o(i.HAL_QSPI_AbortCpltCallback)
    HAL_QSPI_Abort_IT                        0x08001645   Thumb Code   114  stm32f7xx_hal_qspi.o(i.HAL_QSPI_Abort_IT)
    HAL_QSPI_AutoPolling                     0x080016bd   Thumb Code   212  stm32f7xx_hal_qspi.o(i.HAL_QSPI_AutoPolling)
    HAL_QSPI_CmdCpltCallback                 0x08001791   Thumb Code     2  stm32f7xx_hal_qspi.o(i.HAL_QSPI_CmdCpltCallback)
    HAL_QSPI_Command                         0x08001793   Thumb Code   166  stm32f7xx_hal_qspi.o(i.HAL_QSPI_Command)
    HAL_QSPI_DeInit                          0x08001839   Thumb Code    70  stm32f7xx_hal_qspi.o(i.HAL_QSPI_DeInit)
    HAL_QSPI_ErrorCallback                   0x0800187f   Thumb Code     2  stm32f7xx_hal_qspi.o(i.HAL_QSPI_ErrorCallback)
    HAL_QSPI_FifoThresholdCallback           0x08001881   Thumb Code     2  stm32f7xx_hal_qspi.o(i.HAL_QSPI_FifoThresholdCallback)
    HAL_QSPI_IRQHandler                      0x08001885   Thumb Code   606  stm32f7xx_hal_qspi.o(i.HAL_QSPI_IRQHandler)
    HAL_QSPI_Init                            0x08001ae9   Thumb Code   206  stm32f7xx_hal_qspi.o(i.HAL_QSPI_Init)
    HAL_QSPI_MemoryMapped                    0x08001bc1   Thumb Code   174  stm32f7xx_hal_qspi.o(i.HAL_QSPI_MemoryMapped)
    HAL_QSPI_MspDeInit                       0x08001c71   Thumb Code   118  stm32746g_qspi.o(i.HAL_QSPI_MspDeInit)
    HAL_QSPI_MspInit                         0x08001cfd   Thumb Code   356  stm32746g_qspi.o(i.HAL_QSPI_MspInit)
    HAL_QSPI_Receive                         0x08001e6d   Thumb Code   234  stm32f7xx_hal_qspi.o(i.HAL_QSPI_Receive)
    HAL_QSPI_RxCpltCallback                  0x08001f57   Thumb Code     2  stm32f7xx_hal_qspi.o(i.HAL_QSPI_RxCpltCallback)
    HAL_QSPI_SetTimeout                      0x08001f59   Thumb Code     4  stm32f7xx_hal_qspi.o(i.HAL_QSPI_SetTimeout)
    HAL_QSPI_StatusMatchCallback             0x08001f5d   Thumb Code     2  stm32f7xx_hal_qspi.o(i.HAL_QSPI_StatusMatchCallback)
    HAL_QSPI_TimeOutCallback                 0x08001f5f   Thumb Code     2  stm32f7xx_hal_qspi.o(i.HAL_QSPI_TimeOutCallback)
    HAL_QSPI_TxCpltCallback                  0x08001f61   Thumb Code     2  stm32f7xx_hal_qspi.o(i.HAL_QSPI_TxCpltCallback)
    HAL_RCC_DeInit                           0x08001f65   Thumb Code   102  stm32f7xx_hal_rcc.o(i.HAL_RCC_DeInit)
    HardFault_Handler                        0x08001fe5   Thumb Code     8  stm32f7xx_it.o(i.HardFault_Handler)
    MemManage_Handler                        0x08001fed   Thumb Code     8  stm32f7xx_it.o(i.MemManage_Handler)
    NMI_Handler                              0x08001ff5   Thumb Code     2  stm32f7xx_it.o(i.NMI_Handler)
    SysTick_Handler                          0x08001ff7   Thumb Code     8  stm32f7xx_it.o(i.SysTick_Handler)
    __scatterload_null                       0x08001fff   Thumb Code     2  handlers.o(i.__scatterload_null)
    size                                     0x08002000   Data           4  common.o(.ARM.__at_0x08002000)
    crc_32                                   0x08002004   Data           4  common.o(.ARM.__at_0x08002004)
    version                                  0x08002008   Data           4  common.o(.ARM.__at_0x08002008)
    address                                  0x0800200c   Data           4  common.o(.ARM.__at_0x0800200C)
    HAL_QSPI_Transmit                        0x08002011   Thumb Code   218  stm32f7xx_hal_qspi.o(i.HAL_QSPI_Transmit)
    HAL_RCC_ClockConfig                      0x080020ed   Thumb Code   338  stm32f7xx_hal_rcc.o(i.HAL_RCC_ClockConfig)
    HAL_RCC_GetSysClockFreq                  0x08002251   Thumb Code   130  stm32f7xx_hal_rcc.o(i.HAL_RCC_GetSysClockFreq)
    HAL_RCC_OscConfig                        0x080022e1   Thumb Code  1200  stm32f7xx_hal_rcc.o(i.HAL_RCC_OscConfig)
    HAL_SYSTICK_Config                       0x08002795   Thumb Code    52  stm32f7xx_hal_cortex.o(i.HAL_SYSTICK_Config)
    IsNewFwUpdate                            0x080027c9   Thumb Code    66  common.o(i.IsNewFwUpdate)
    MX_CRC_DeInit                            0x0800280d   Thumb Code    48  main.o(i.MX_CRC_DeInit)
    MX_CRC_Init                              0x08002845   Thumb Code    70  main.o(i.MX_CRC_Init)
    MX_IWDG_Init                             0x08002899   Thumb Code    26  main.o(i.MX_IWDG_Init)
    MX_QSPI_Init                             0x080028bd   Thumb Code   108  stm32746g_qspi.o(i.MX_QSPI_Init)
    QSPI2FLASH_Copy                          0x0800293d   Thumb Code   124  stm32746g_qspi.o(i.QSPI2FLASH_Copy)
    QSPI_AutoPollMemRdy                      0x080029b9   Thumb Code    84  stm32746g_qspi.o(i.QSPI_AutoPollMemRdy)
    QSPI_DummyCyclesCfg                      0x08002c45   Thumb Code   160  stm32746g_qspi.o(i.QSPI_DummyCyclesCfg)
    QSPI_Erase                               0x08002ced   Thumb Code    36  stm32746g_qspi.o(i.QSPI_Erase)
    QSPI_EraseSector                         0x08002d11   Thumb Code    94  stm32746g_qspi.o(i.QSPI_EraseSector)
    QSPI_MemMapMode                          0x08002d75   Thumb Code   102  stm32746g_qspi.o(i.QSPI_MemMapMode)
    QSPI_ResetMemory                         0x08002de9   Thumb Code   374  stm32746g_qspi.o(i.QSPI_ResetMemory)
    QSPI_Write                               0x08002fb1   Thumb Code   316  stm32746g_qspi.o(i.QSPI_Write)
    QSPI_WriteEnable                         0x080030ed   Thumb Code   108  stm32746g_qspi.o(i.QSPI_WriteEnable)
    QSPI_WritePage                           0x08003165   Thumb Code   126  stm32746g_qspi.o(i.QSPI_WritePage)
    QUADSPI_IRQHandler                       0x080031e9   Thumb Code    10  stm32f7xx_it.o(i.QUADSPI_IRQHandler)
    ResetFwInfo                              0x080031f9   Thumb Code    14  common.o(i.ResetFwInfo)
    Restart                                  0x08003209   Thumb Code    70  main.o(i.Restart)
    RunApplication                           0x0800325d   Thumb Code    48  main.o(i.RunApplication)
    SystemClock_Config                       0x08003295   Thumb Code   106  main.o(i.SystemClock_Config)
    SystemInit                               0x08003301   Thumb Code    82  system_stm32f7xx.o(i.SystemInit)
    UsageFault_Handler                       0x08003365   Thumb Code     8  stm32f7xx_it.o(i.UsageFault_Handler)
    __scatterload_copy                       0x080033a5   Thumb Code    14  handlers.o(i.__scatterload_copy)
    __scatterload_zeroinit                   0x080033b3   Thumb Code    14  handlers.o(i.__scatterload_zeroinit)
    main                                     0x080033c1   Thumb Code   252  main.o(i.main)
    AHBPrescTable                            0x080034e8   Data          16  system_stm32f7xx.o(.constdata)
    APBPrescTable                            0x080034f8   Data           8  system_stm32f7xx.o(.constdata)
    Region$$Table$$Base                      0x08003508   Number         0  anon$$obj.o(Region$$Table)
    Region$$Table$$Limit                     0x08003528   Number         0  anon$$obj.o(Region$$Table)
    SystemCoreClock                          0x20000000   Data           4  system_stm32f7xx.o(.data)
    MemMapModeState                          0x20000004   Data           1  stm32746g_qspi.o(.data)
    uwTick                                   0x20000008   Data           4  stm32f7xx_hal.o(.data)
    runfw                                    0x2000000c   Data           1  main.o(.data)
    newfw                                    0x2000000d   Data           1  main.o(.data)
    bkpfw                                    0x2000000e   Data           1  main.o(.data)
    updfw                                    0x2000000f   Data           1  main.o(.data)
    sCommand                                 0x20000014   Data          56  stm32746g_qspi.o(.bss)
    sConfig                                  0x2000004c   Data          24  stm32746g_qspi.o(.bss)
    pFlash                                   0x200000c4   Data          28  stm32f7xx_hal_flash.o(.bss)
    hcrc                                     0x200000e0   Data          36  main.o(.bss)
    hdma                                     0x20000104   Data          96  main.o(.bss)
    hqspi                                    0x20000164   Data          76  main.o(.bss)
    hiwdg                                    0x200001b0   Data          16  main.o(.bss)
    RunFwInfo                                0x200001c0   Data          20  main.o(.bss)
    NewFwInfo                                0x200001d4   Data          20  main.o(.bss)
    BkpFwInfo                                0x200001e8   Data          20  main.o(.bss)
    __initial_sp                             0x20002200   Data           0  startup_stm32f746xx.o(STACK)



==============================================================================

Memory Map of the image

  Image Entry point : 0x080001c9

  Load Region LR_IROM1 (Base: 0x08000000, Size: 0x0000353c, Max: 0x00010000, ABSOLUTE)

    Execution Region ER_IROM1 (Exec base: 0x08000000, Load base: 0x08000000, Size: 0x00003528, Max: 0x00010000, ABSOLUTE)

    Exec Addr    Load Addr    Size         Type   Attr      Idx    E Section Name        Object

    0x08000000   0x08000000   0x000001c8   Data   RO         1757    RESET               startup_stm32f746xx.o
    0x080001c8   0x080001c8   0x00000000   Code   RO         2084  * .ARM.Collect$$$$00000000  mc_w.l(entry.o)
    0x080001c8   0x080001c8   0x00000004   Code   RO         2095    .ARM.Collect$$$$00000001  mc_w.l(entry2.o)
    0x080001cc   0x080001cc   0x00000004   Code   RO         2098    .ARM.Collect$$$$00000004  mc_w.l(entry5.o)
    0x080001d0   0x080001d0   0x00000000   Code   RO         2100    .ARM.Collect$$$$00000008  mc_w.l(entry7b.o)
    0x080001d0   0x080001d0   0x00000000   Code   RO         2102    .ARM.Collect$$$$0000000A  mc_w.l(entry8b.o)
    0x080001d0   0x080001d0   0x00000008   Code   RO         2103    .ARM.Collect$$$$0000000B  mc_w.l(entry9a.o)
    0x080001d8   0x080001d8   0x00000000   Code   RO         2105    .ARM.Collect$$$$0000000D  mc_w.l(entry10a.o)
    0x080001d8   0x080001d8   0x00000000   Code   RO         2107    .ARM.Collect$$$$0000000F  mc_w.l(entry11a.o)
    0x080001d8   0x080001d8   0x00000004   Code   RO         2096    .ARM.Collect$$$$00002712  mc_w.l(entry2.o)
    0x080001dc   0x080001dc   0x00000024   Code   RO         1758    .text               startup_stm32f746xx.o
    0x08000200   0x08000200   0x00000024   Code   RO         2087    .text               mc_w.l(memcpya.o)
    0x08000224   0x08000224   0x00000024   Code   RO         2089    .text               mc_w.l(memseta.o)
    0x08000248   0x08000248   0x0000001a   Code   RO         2091    .text               mc_w.l(memcmp.o)
    0x08000262   0x08000262   0x00000002   PAD
    0x08000264   0x08000264   0x00000024   Code   RO         2109    .text               mc_w.l(init.o)
    0x08000288   0x08000288   0x00000008   Code   RO         1765    i.BusFault_Handler  stm32f7xx_it.o
    0x08000290   0x08000290   0x00000130   Code   RO         2001    i.CPU_CACHE_Enable  main.o
    0x080003c0   0x080003c0   0x00000040   Code   RO         1378    i.CRC_Handle_16     stm32f7xx_hal_crc.o
    0x08000400   0x08000400   0x00000094   Code   RO         1379    i.CRC_Handle_8      stm32f7xx_hal_crc.o
    0x08000494   0x08000494   0x00000034   Code   RO          607    i.DMA_CalcBaseAndBitshift  stm32f7xx_hal_dma.o
    0x080004c8   0x080004c8   0x00000002   Code   RO         1766    i.DebugMon_Handler  stm32f7xx_it.o
    0x080004ca   0x080004ca   0x0000007e   Code   RO          150    i.FLASH2QSPI_Copy   stm32746g_qspi.o
    0x08000548   0x08000548   0x0000006c   Code   RO          831    i.FLASH_Erase_Sector  stm32f7xx_hal_flash_ex.o
    0x080005b4   0x080005b4   0x000000a4   Code   RO          151    i.FLASH_GetSector   stm32746g_qspi.o
    0x08000658   0x08000658   0x00000040   Code   RO          832    i.FLASH_MassErase   stm32f7xx_hal_flash_ex.o
    0x08000698   0x08000698   0x00000034   Code   RO          713    i.FLASH_Program_Byte  stm32f7xx_hal_flash.o
    0x080006cc   0x080006cc   0x0000003c   Code   RO          714    i.FLASH_Program_DoubleWord  stm32f7xx_hal_flash.o
    0x08000708   0x08000708   0x00000038   Code   RO          715    i.FLASH_Program_HalfWord  stm32f7xx_hal_flash.o
    0x08000740   0x08000740   0x00000038   Code   RO          716    i.FLASH_Program_Word  stm32f7xx_hal_flash.o
    0x08000778   0x08000778   0x00000080   Code   RO          717    i.FLASH_SetErrorCode  stm32f7xx_hal_flash.o
    0x080007f8   0x080007f8   0x00000064   Code   RO          718    i.FLASH_WaitForLastOperation  stm32f7xx_hal_flash.o
    0x0800085c   0x0800085c   0x000000f4   Code   RO         1840    i.GetFwInfo         common.o
    0x08000950   0x08000950   0x00000062   Code   RO         1450    i.HAL_CRCEx_Polynomial_Set  stm32f7xx_hal_crc_ex.o
    0x080009b2   0x080009b2   0x0000007e   Code   RO         1380    i.HAL_CRC_Accumulate  stm32f7xx_hal_crc.o
    0x08000a30   0x08000a30   0x0000008a   Code   RO         1381    i.HAL_CRC_Calculate  stm32f7xx_hal_crc.o
    0x08000aba   0x08000aba   0x00000040   Code   RO         1382    i.HAL_CRC_DeInit    stm32f7xx_hal_crc.o
    0x08000afa   0x08000afa   0x00000002   PAD
    0x08000afc   0x08000afc   0x00000084   Code   RO         1384    i.HAL_CRC_Init      stm32f7xx_hal_crc.o
    0x08000b80   0x08000b80   0x00000002   Code   RO         1385    i.HAL_CRC_MspDeInit  stm32f7xx_hal_crc.o
    0x08000b82   0x08000b82   0x00000002   Code   RO         1386    i.HAL_CRC_MspInit   stm32f7xx_hal_crc.o
    0x08000b84   0x08000b84   0x000000aa   Code   RO          610    i.HAL_DMA_Abort     stm32f7xx_hal_dma.o
    0x08000c2e   0x08000c2e   0x00000028   Code   RO          611    i.HAL_DMA_Abort_IT  stm32f7xx_hal_dma.o
    0x08000c56   0x08000c56   0x00000062   Code   RO          612    i.HAL_DMA_DeInit    stm32f7xx_hal_dma.o
    0x08000cb8   0x08000cb8   0x00000044   Code   RO          296    i.HAL_DeInit        stm32f7xx_hal.o
    0x08000cfc   0x08000cfc   0x00000114   Code   RO         2002    i.HAL_Deinit        main.o
    0x08000e10   0x08000e10   0x000000a8   Code   RO          844    i.HAL_FLASHEx_Erase  stm32f7xx_hal_flash_ex.o
    0x08000eb8   0x08000eb8   0x00000014   Code   RO          722    i.HAL_FLASH_Lock    stm32f7xx_hal_flash.o
    0x08000ecc   0x08000ecc   0x000000a4   Code   RO          727    i.HAL_FLASH_Program  stm32f7xx_hal_flash.o
    0x08000f70   0x08000f70   0x0000002c   Code   RO          729    i.HAL_FLASH_Unlock  stm32f7xx_hal_flash.o
    0x08000f9c   0x08000f9c   0x00000180   Code   RO          940    i.HAL_GPIO_DeInit   stm32f7xx_hal_gpio.o
    0x0800111c   0x0800111c   0x00000218   Code   RO          943    i.HAL_GPIO_Init     stm32f7xx_hal_gpio.o
    0x08001334   0x08001334   0x0000000c   Code   RO          305    i.HAL_GetTick       stm32f7xx_hal.o
    0x08001340   0x08001340   0x00000062   Code   RO         1728    i.HAL_IWDG_Init     stm32f7xx_hal_iwdg.o
    0x080013a2   0x080013a2   0x0000000e   Code   RO         1729    i.HAL_IWDG_Refresh  stm32f7xx_hal_iwdg.o
    0x080013b0   0x080013b0   0x00000010   Code   RO          309    i.HAL_IncTick       stm32f7xx_hal.o
    0x080013c0   0x080013c0   0x00000028   Code   RO          310    i.HAL_Init          stm32f7xx_hal.o
    0x080013e8   0x080013e8   0x00000028   Code   RO          311    i.HAL_InitTick      stm32f7xx_hal.o
    0x08001410   0x08001410   0x00000002   Code   RO          312    i.HAL_MspDeInit     stm32f7xx_hal.o
    0x08001412   0x08001412   0x00000002   Code   RO          313    i.HAL_MspInit       stm32f7xx_hal.o
    0x08001414   0x08001414   0x00000044   Code   RO          471    i.HAL_NVIC_DisableIRQ  stm32f7xx_hal_cortex.o
    0x08001458   0x08001458   0x00000028   Code   RO          472    i.HAL_NVIC_EnableIRQ  stm32f7xx_hal_cortex.o
    0x08001480   0x08001480   0x0000007c   Code   RO          478    i.HAL_NVIC_SetPriority  stm32f7xx_hal_cortex.o
    0x080014fc   0x080014fc   0x00000028   Code   RO          479    i.HAL_NVIC_SetPriorityGrouping  stm32f7xx_hal_cortex.o
    0x08001524   0x08001524   0x00000090   Code   RO         1016    i.HAL_PWREx_EnableOverDrive  stm32f7xx_hal_pwr_ex.o
    0x080015b4   0x080015b4   0x0000008e   Code   RO         1484    i.HAL_QSPI_Abort    stm32f7xx_hal_qspi.o
    0x08001642   0x08001642   0x00000002   Code   RO         1485    i.HAL_QSPI_AbortCpltCallback  stm32f7xx_hal_qspi.o
    0x08001644   0x08001644   0x00000078   Code   RO         1486    i.HAL_QSPI_Abort_IT  stm32f7xx_hal_qspi.o
    0x080016bc   0x080016bc   0x000000d4   Code   RO         1487    i.HAL_QSPI_AutoPolling  stm32f7xx_hal_qspi.o
    0x08001790   0x08001790   0x00000002   Code   RO         1489    i.HAL_QSPI_CmdCpltCallback  stm32f7xx_hal_qspi.o
    0x08001792   0x08001792   0x000000a6   Code   RO         1490    i.HAL_QSPI_Command  stm32f7xx_hal_qspi.o
    0x08001838   0x08001838   0x00000046   Code   RO         1492    i.HAL_QSPI_DeInit   stm32f7xx_hal_qspi.o
    0x0800187e   0x0800187e   0x00000002   Code   RO         1493    i.HAL_QSPI_ErrorCallback  stm32f7xx_hal_qspi.o
    0x08001880   0x08001880   0x00000002   Code   RO         1494    i.HAL_QSPI_FifoThresholdCallback  stm32f7xx_hal_qspi.o
    0x08001882   0x08001882   0x00000002   PAD
    0x08001884   0x08001884   0x00000264   Code   RO         1498    i.HAL_QSPI_IRQHandler  stm32f7xx_hal_qspi.o
    0x08001ae8   0x08001ae8   0x000000d8   Code   RO         1499    i.HAL_QSPI_Init     stm32f7xx_hal_qspi.o
    0x08001bc0   0x08001bc0   0x000000ae   Code   RO         1500    i.HAL_QSPI_MemoryMapped  stm32f7xx_hal_qspi.o
    0x08001c6e   0x08001c6e   0x00000002   PAD
    0x08001c70   0x08001c70   0x0000008c   Code   RO          152    i.HAL_QSPI_MspDeInit  stm32746g_qspi.o
    0x08001cfc   0x08001cfc   0x00000170   Code   RO          153    i.HAL_QSPI_MspInit  stm32746g_qspi.o
    0x08001e6c   0x08001e6c   0x000000ea   Code   RO         1501    i.HAL_QSPI_Receive  stm32f7xx_hal_qspi.o
    0x08001f56   0x08001f56   0x00000002   Code   RO         1504    i.HAL_QSPI_RxCpltCallback  stm32f7xx_hal_qspi.o
    0x08001f58   0x08001f58   0x00000004   Code   RO         1507    i.HAL_QSPI_SetTimeout  stm32f7xx_hal_qspi.o
    0x08001f5c   0x08001f5c   0x00000002   Code   RO         1508    i.HAL_QSPI_StatusMatchCallback  stm32f7xx_hal_qspi.o
    0x08001f5e   0x08001f5e   0x00000002   Code   RO         1509    i.HAL_QSPI_TimeOutCallback  stm32f7xx_hal_qspi.o
    0x08001f60   0x08001f60   0x00000002   Code   RO         1513    i.HAL_QSPI_TxCpltCallback  stm32f7xx_hal_qspi.o
    0x08001f62   0x08001f62   0x00000002   PAD
    0x08001f64   0x08001f64   0x00000080   Code   RO         1104    i.HAL_RCC_DeInit    stm32f7xx_hal_rcc.o
    0x08001fe4   0x08001fe4   0x00000008   Code   RO         1767    i.HardFault_Handler  stm32f7xx_it.o
    0x08001fec   0x08001fec   0x00000008   Code   RO         1768    i.MemManage_Handler  stm32f7xx_it.o
    0x08001ff4   0x08001ff4   0x00000002   Code   RO         1769    i.NMI_Handler       stm32f7xx_it.o
    0x08001ff6   0x08001ff6   0x00000008   Code   RO         1771    i.SysTick_Handler   stm32f7xx_it.o
    0x08001ffe   0x08001ffe   0x00000002   Code   RO         2114    i.__scatterload_null  mc_w.l(handlers.o)
    0x08002000   0x08002000   0x00000004   Data   RO         1857    .ARM.__at_0x08002000  common.o
    0x08002004   0x08002004   0x00000004   Data   RO         1858    .ARM.__at_0x08002004  common.o
    0x08002008   0x08002008   0x00000004   Data   RO         1859    .ARM.__at_0x08002008  common.o
    0x0800200c   0x0800200c   0x00000004   Data   RO         1860    .ARM.__at_0x0800200C  common.o
    0x08002010   0x08002010   0x000000da   Code   RO         1510    i.HAL_QSPI_Transmit  stm32f7xx_hal_qspi.o
    0x080020ea   0x080020ea   0x00000002   PAD
    0x080020ec   0x080020ec   0x00000164   Code   RO         1103    i.HAL_RCC_ClockConfig  stm32f7xx_hal_rcc.o
    0x08002250   0x08002250   0x00000090   Code   RO         1112    i.HAL_RCC_GetSysClockFreq  stm32f7xx_hal_rcc.o
    0x080022e0   0x080022e0   0x000004b4   Code   RO         1115    i.HAL_RCC_OscConfig  stm32f7xx_hal_rcc.o
    0x08002794   0x08002794   0x00000034   Code   RO          483    i.HAL_SYSTICK_Config  stm32f7xx_hal_cortex.o
    0x080027c8   0x080027c8   0x00000042   Code   RO         1844    i.IsNewFwUpdate     common.o
    0x0800280a   0x0800280a   0x00000002   PAD
    0x0800280c   0x0800280c   0x00000038   Code   RO         2003    i.MX_CRC_DeInit     main.o
    0x08002844   0x08002844   0x00000054   Code   RO         2004    i.MX_CRC_Init       main.o
    0x08002898   0x08002898   0x00000024   Code   RO         2005    i.MX_IWDG_Init      main.o
    0x080028bc   0x080028bc   0x00000080   Code   RO          154    i.MX_QSPI_Init      stm32746g_qspi.o
    0x0800293c   0x0800293c   0x0000007c   Code   RO          155    i.QSPI2FLASH_Copy   stm32746g_qspi.o
    0x080029b8   0x080029b8   0x00000060   Code   RO          157    i.QSPI_AutoPollMemRdy  stm32746g_qspi.o
    0x08002a18   0x08002a18   0x000001e8   Code   RO         1515    i.QSPI_Config       stm32f7xx_hal_qspi.o
    0x08002c00   0x08002c00   0x00000042   Code   RO         1516    i.QSPI_DMAAbortCplt  stm32f7xx_hal_qspi.o
    0x08002c42   0x08002c42   0x00000002   PAD
    0x08002c44   0x08002c44   0x000000a8   Code   RO          158    i.QSPI_DummyCyclesCfg  stm32746g_qspi.o
    0x08002cec   0x08002cec   0x00000024   Code   RO          159    i.QSPI_Erase        stm32746g_qspi.o
    0x08002d10   0x08002d10   0x00000064   Code   RO          160    i.QSPI_EraseSector  stm32746g_qspi.o
    0x08002d74   0x08002d74   0x00000074   Code   RO          162    i.QSPI_MemMapMode   stm32746g_qspi.o
    0x08002de8   0x08002de8   0x0000017c   Code   RO          164    i.QSPI_ResetMemory  stm32746g_qspi.o
    0x08002f64   0x08002f64   0x0000004c   Code   RO         1522    i.QSPI_WaitFlagStateUntilTimeout  stm32f7xx_hal_qspi.o
    0x08002fb0   0x08002fb0   0x0000013c   Code   RO          165    i.QSPI_Write        stm32746g_qspi.o
    0x080030ec   0x080030ec   0x00000078   Code   RO          166    i.QSPI_WriteEnable  stm32746g_qspi.o
    0x08003164   0x08003164   0x00000084   Code   RO          167    i.QSPI_WritePage    stm32746g_qspi.o
    0x080031e8   0x080031e8   0x00000010   Code   RO         1770    i.QUADSPI_IRQHandler  stm32f7xx_it.o
    0x080031f8   0x080031f8   0x0000000e   Code   RO         1845    i.ResetFwInfo       common.o
    0x08003206   0x08003206   0x00000002   PAD
    0x08003208   0x08003208   0x00000054   Code   RO         2006    i.Restart           main.o
    0x0800325c   0x0800325c   0x00000038   Code   RO         2007    i.RunApplication    main.o
    0x08003294   0x08003294   0x0000006a   Code   RO         2008    i.SystemClock_Config  main.o
    0x080032fe   0x080032fe   0x00000002   PAD
    0x08003300   0x08003300   0x00000064   Code   RO            5    i.SystemInit        system_stm32f7xx.o
    0x08003364   0x08003364   0x00000008   Code   RO         1772    i.UsageFault_Handler  stm32f7xx_it.o
    0x0800336c   0x0800336c   0x00000010   Code   RO          485    i.__NVIC_GetPriorityGrouping  stm32f7xx_hal_cortex.o
    0x0800337c   0x0800337c   0x00000028   Code   RO          486    i.__NVIC_SetPriority  stm32f7xx_hal_cortex.o
    0x080033a4   0x080033a4   0x0000000e   Code   RO         2113    i.__scatterload_copy  mc_w.l(handlers.o)
    0x080033b2   0x080033b2   0x0000000e   Code   RO         2115    i.__scatterload_zeroinit  mc_w.l(handlers.o)
    0x080033c0   0x080033c0   0x00000128   Code   RO         2009    i.main              main.o
    0x080034e8   0x080034e8   0x00000018   Data   RO            6    .constdata          system_stm32f7xx.o
    0x08003500   0x08003500   0x00000008   Data   RO          622    .constdata          stm32f7xx_hal_dma.o
    0x08003508   0x08003508   0x00000020   Data   RO         2111    Region$$Table       anon$$obj.o


    Execution Region RW_IRAM1 (Exec base: 0x20000000, Load base: 0x08003528, Size: 0x00002200, Max: 0x00050000, ABSOLUTE)

    Exec Addr    Load Addr    Size         Type   Attr      Idx    E Section Name        Object

    0x20000000   0x08003528   0x00000004   Data   RW            7    .data               system_stm32f7xx.o
    0x20000004   0x0800352c   0x00000001   Data   RW          169    .data               stm32746g_qspi.o
    0x20000005   0x0800352d   0x00000003   PAD
    0x20000008   0x08003530   0x00000004   Data   RW          316    .data               stm32f7xx_hal.o
    0x2000000c   0x08003534   0x00000008   Data   RW         2011    .data               main.o
    0x20000014        -       0x000000b0   Zero   RW          168    .bss                stm32746g_qspi.o
    0x200000c4        -       0x0000001c   Zero   RW          730    .bss                stm32f7xx_hal_flash.o
    0x200000e0        -       0x0000011c   Zero   RW         2010    .bss                main.o
    0x200001fc   0x0800353c   0x00000004   PAD
    0x20000200        -       0x00002000   Zero   RW         1755    STACK               startup_stm32f746xx.o


==============================================================================

Image component sizes


      Code (inc. data)   RO Data    RW Data    ZI Data      Debug   Object Name

       324          4         16          0          0      19505   common.o
      1298        122          0          8        284      47881   main.o
        36          8        456          0       8192        824   startup_stm32f746xx.o
      2514        148          0          1        176      12710   stm32746g_qspi.o
       180         24          0          4          0       4882   stm32f7xx_hal.o
       380         28          0          0          0      41013   stm32f7xx_hal_cortex.o
       676          4          0          0          0       6295   stm32f7xx_hal_crc.o
        98          0          0          0          0       1259   stm32f7xx_hal_crc_ex.o
       360          6          8          0          0       3408   stm32f7xx_hal_dma.o
       680         62          0          0         28       6102   stm32f7xx_hal_flash.o
       340         22          0          0          0       2714   stm32f7xx_hal_flash_ex.o
       920        100          0          0          0       2690   stm32f7xx_hal_gpio.o
       112          0          0          0          0       1783   stm32f7xx_hal_iwdg.o
       144          8          0          0          0       1288   stm32f7xx_hal_pwr_ex.o
      2814         22          0          0          0      17696   stm32f7xx_hal_qspi.o
      1832         70          0          0          0       4345   stm32f7xx_hal_rcc.o
        60          6          0          0          0       3872   stm32f7xx_it.o
       100         18         24          4          0     803266   system_stm32f7xx.o

    ----------------------------------------------------------------------
     12886        652        536         20       8684     981533   Object Totals
         0          0         32          0          0          0   (incl. Generated)
        18          0          0          3          4          0   (incl. Padding)

    ----------------------------------------------------------------------

      Code (inc. data)   RO Data    RW Data    ZI Data      Debug   Library Member Name

         0          0          0          0          0          0   entry.o
         0          0          0          0          0          0   entry10a.o
         0          0          0          0          0          0   entry11a.o
         8          4          0          0          0          0   entry2.o
         4          0          0          0          0          0   entry5.o
         0          0          0          0          0          0   entry7b.o
         0          0          0          0          0          0   entry8b.o
         8          4          0          0          0          0   entry9a.o
        30          0          0          0          0          0   handlers.o
        36          8          0          0          0         68   init.o
        26          0          0          0          0         80   memcmp.o
        36          0          0          0          0         68   memcpya.o
        36          0          0          0          0        108   memseta.o

    ----------------------------------------------------------------------
       186         16          0          0          0        324   Library Totals
         2          0          0          0          0          0   (incl. Padding)

    ----------------------------------------------------------------------

      Code (inc. data)   RO Data    RW Data    ZI Data      Debug   Library Name

       184         16          0          0          0        324   mc_w.l

    ----------------------------------------------------------------------
       186         16          0          0          0        324   Library Totals

    ----------------------------------------------------------------------

==============================================================================


      Code (inc. data)   RO Data    RW Data    ZI Data      Debug   

     13072        668        536         20       8684     971857   Grand Totals
     13072        668        536         20       8684     971857   ELF Image Totals
     13072        668        536         20          0          0   ROM Totals

==============================================================================

    Total RO  Size (Code + RO Data)                13608 (  13.29kB)
    Total RW  Size (RW Data + ZI Data)              8704 (   8.50kB)
    Total ROM Size (Code + RO Data + RW Data)      13628 (  13.31kB)

==============================================================================

