stm32f0xx_hal_crc.c:450:17:CRC_Handle_8	16	static
stm32f0xx_hal_crc.c:501:17:CRC_Handle_16	16	static
stm32f0xx_hal_crc.c:96:10:CRC_Calculate8	0	static
stm32f0xx_hal_crc.c:108:6:CRC_ResetDR	0	static
stm32f0xx_hal_crc.c:241:13:HAL_CRC_MspInit	0	static
stm32f0xx_hal_crc.c:119:19:HAL_CRC_Init	8	static
stm32f0xx_hal_crc.c:256:13:HAL_CRC_MspDeInit	0	static
stm32f0xx_hal_crc.c:197:19:HAL_CRC_DeInit	16	static
stm32f0xx_hal_crc.c:305:10:HAL_CRC_Accumulate	16	static
stm32f0xx_hal_crc.c:357:10:HAL_CRC_Calculate	16	static
stm32f0xx_hal_crc.c:424:22:HAL_CRC_GetState	0	static
