<!doctype html public "-//w3c//dtd html 4.0 transitional//en">
<html><head>
<title>Static Call Graph - [.\Exe\ic.axf]</title></head>
<body><HR>
<H1>Static Call Graph for image .\Exe\ic.axf</H1><HR>
<BR><P>#&#060CALLGRAPH&#062# ARM Linker, 6130100: Last Updated: Sun Jan  3 19:39:15 2021
<BR><P>
<H3>Maximum Stack Usage =       3256 bytes + Unknown(Cycles, Untraceable Function Pointers)</H3><H3>
Call chain for Maximum Stack Depth:</H3>
main &rArr; DISPService &rArr; GUI_PNG_Draw &rArr; png_handle_iCCP &rArr; png_crc_finish &rArr; png_chunk_warning &rArr; png_format_buffer
<P>
<H3>
Mutually Recursive functions
</H3> <LI><a href="#[2c]">SVC_Handler</a>&nbsp;&nbsp;&nbsp;&rArr;&nbsp;&nbsp;&nbsp;<a href="#[2c]">SVC_Handler</a><BR>
 <LI><a href="#[2e]">PendSV_Handler</a>&nbsp;&nbsp;&nbsp;&rArr;&nbsp;&nbsp;&nbsp;<a href="#[2e]">PendSV_Handler</a><BR>
 <LI><a href="#[42]">ADC_IRQHandler</a>&nbsp;&nbsp;&nbsp;&rArr;&nbsp;&nbsp;&nbsp;<a href="#[42]">ADC_IRQHandler</a><BR>
 <LI><a href="#[1c8]">LOGGER_Write</a>&nbsp;&nbsp;&nbsp;&rArr;&nbsp;&nbsp;&nbsp;<a href="#[1c7]">ErrorHandler</a><BR>
 <LI><a href="#[4a7]">_Findy1</a>&nbsp;&nbsp;&nbsp;&rArr;&nbsp;&nbsp;&nbsp;<a href="#[4a7]">_Findy1</a><BR>
 <LI><a href="#[4a9]">_Findx1</a>&nbsp;&nbsp;&nbsp;&rArr;&nbsp;&nbsp;&nbsp;<a href="#[4a9]">_Findx1</a><BR>
 <LI><a href="#[4a8]">_Findx0</a>&nbsp;&nbsp;&nbsp;&rArr;&nbsp;&nbsp;&nbsp;<a href="#[4a8]">_Findx0</a><BR>
 <LI><a href="#[45d]">_PopFreeBlock</a>&nbsp;&nbsp;&nbsp;&rArr;&nbsp;&nbsp;&nbsp;<a href="#[4a2]">_EnlargeBlocks</a><BR>
 <LI><a href="#[328]">_Alloc</a>&nbsp;&nbsp;&nbsp;&rArr;&nbsp;&nbsp;&nbsp;<a href="#[32c]">_InitOnce</a><BR>
 <LI><a href="#[44a]">WM__InvalidateRect</a>&nbsp;&nbsp;&nbsp;&rArr;&nbsp;&nbsp;&nbsp;<a href="#[44a]">WM__InvalidateRect</a><BR>
 <LI><a href="#[431]">WM_InvalidateWindowAndDescsEx</a>&nbsp;&nbsp;&nbsp;&rArr;&nbsp;&nbsp;&nbsp;<a href="#[431]">WM_InvalidateWindowAndDescsEx</a><BR>
 <LI><a href="#[42b]">WM__InvalidateDrawAndDescs</a>&nbsp;&nbsp;&nbsp;&rArr;&nbsp;&nbsp;&nbsp;<a href="#[42b]">WM__InvalidateDrawAndDescs</a><BR>
 <LI><a href="#[412]">WM_SendToParent</a>&nbsp;&nbsp;&nbsp;&rArr;&nbsp;&nbsp;&nbsp;<a href="#[437]">WM__SendMessage</a><BR>
 <LI><a href="#[4ce]">_QR_INPUT_EncodeBitStream</a>&nbsp;&nbsp;&nbsp;&rArr;&nbsp;&nbsp;&nbsp;<a href="#[4ce]">_QR_INPUT_EncodeBitStream</a><BR>
 <LI><a href="#[4a3]">_FRAME_FILLER_Next</a>&nbsp;&nbsp;&nbsp;&rArr;&nbsp;&nbsp;&nbsp;<a href="#[4a3]">_FRAME_FILLER_Next</a><BR>
 <LI><a href="#[416]">_DeleteAllChildren</a>&nbsp;&nbsp;&nbsp;&rArr;&nbsp;&nbsp;&nbsp;<a href="#[9e]">WM_DeleteWindow</a><BR>
 <LI><a href="#[450]">_PaintTransChildren</a>&nbsp;&nbsp;&nbsp;&rArr;&nbsp;&nbsp;&nbsp;<a href="#[450]">_PaintTransChildren</a><BR>
 <LI><a href="#[c7]">mem_cpy</a>&nbsp;&nbsp;&nbsp;&rArr;&nbsp;&nbsp;&nbsp;<a href="#[c7]">mem_cpy</a><BR>
 <LI><a href="#[2a4]">mem_copy</a>&nbsp;&nbsp;&nbsp;&rArr;&nbsp;&nbsp;&nbsp;<a href="#[2a4]">mem_copy</a><BR>
 <LI><a href="#[439]">WM_ResizeWindow</a>&nbsp;&nbsp;&nbsp;&rArr;&nbsp;&nbsp;&nbsp;<a href="#[3ff]">WM__UpdateChildPositions</a><BR>
 <LI><a href="#[44c]">_MoveDescendents</a>&nbsp;&nbsp;&nbsp;&rArr;&nbsp;&nbsp;&nbsp;<a href="#[44c]">_MoveDescendents</a><BR>
 <LI><a href="#[41b]">WM__ForEachDesc</a>&nbsp;&nbsp;&nbsp;&rArr;&nbsp;&nbsp;&nbsp;<a href="#[41b]">WM__ForEachDesc</a><BR>
 <LI><a href="#[430]">WM_InvalidateWindowAndDescs</a>&nbsp;&nbsp;&nbsp;&rArr;&nbsp;&nbsp;&nbsp;<a href="#[430]">WM_InvalidateWindowAndDescs</a><BR>
 <LI><a href="#[4e0]">_Screen2hWin</a>&nbsp;&nbsp;&nbsp;&rArr;&nbsp;&nbsp;&nbsp;<a href="#[4e0]">_Screen2hWin</a><BR>
 <LI><a href="#[c8]">_InvertAlpha</a>&nbsp;&nbsp;&nbsp;&rArr;&nbsp;&nbsp;&nbsp;<a href="#[c8]">_InvertAlpha</a><BR>
</UL>
<P>
<H3>
Function Pointers
</H3><UL>
 <LI><a href="#[42]">ADC_IRQHandler</a> from startup_stm32f746xx.o(.text) referenced from startup_stm32f746xx.o(RESET)
 <LI><a href="#[d9]">BUTTON_Callback</a> from button.o(i.BUTTON_Callback) referenced from button.o(i.BUTTON_CreateUser)
 <LI><a href="#[94]">BUTTON_Create</a> from button.o(i.BUTTON_Create) referenced from lto-llvm-dbe362.o(.text.DISPCreateKeypad)
 <LI><a href="#[14]">BUTTON_DrawSkinFlex</a> from button_skinflex.o(i.BUTTON_DrawSkinFlex) referenced 2 times from button.o(.data)
 <LI><a href="#[95]">BUTTON_SetFont</a> from button.o(i.BUTTON_SetFont) referenced from lto-llvm-dbe362.o(.text.DISPCreateKeypad)
 <LI><a href="#[95]">BUTTON_SetFont</a> from button.o(i.BUTTON_SetFont) referenced from lto-llvm-dbe362.o(.text.DISPService)
 <LI><a href="#[96]">BUTTON_SetText</a> from button.o(i.BUTTON_SetText) referenced from lto-llvm-dbe362.o(.text.DISPCreateKeypad)
 <LI><a href="#[96]">BUTTON_SetText</a> from button.o(i.BUTTON_SetText) referenced from lto-llvm-dbe362.o(.text.DISPService)
 <LI><a href="#[2a]">BusFault_Handler</a> from lto-llvm-dbe362.o(.text.BusFault_Handler) referenced from startup_stm32f746xx.o(RESET)
 <LI><a href="#[44]">CAN1_RX0_IRQHandler</a> from startup_stm32f746xx.o(.text) referenced from startup_stm32f746xx.o(RESET)
 <LI><a href="#[45]">CAN1_RX1_IRQHandler</a> from startup_stm32f746xx.o(.text) referenced from startup_stm32f746xx.o(RESET)
 <LI><a href="#[46]">CAN1_SCE_IRQHandler</a> from startup_stm32f746xx.o(.text) referenced from startup_stm32f746xx.o(RESET)
 <LI><a href="#[43]">CAN1_TX_IRQHandler</a> from startup_stm32f746xx.o(.text) referenced from startup_stm32f746xx.o(RESET)
 <LI><a href="#[70]">CAN2_RX0_IRQHandler</a> from startup_stm32f746xx.o(.text) referenced from startup_stm32f746xx.o(RESET)
 <LI><a href="#[71]">CAN2_RX1_IRQHandler</a> from startup_stm32f746xx.o(.text) referenced from startup_stm32f746xx.o(RESET)
 <LI><a href="#[72]">CAN2_SCE_IRQHandler</a> from startup_stm32f746xx.o(.text) referenced from startup_stm32f746xx.o(RESET)
 <LI><a href="#[6f]">CAN2_TX_IRQHandler</a> from startup_stm32f746xx.o(.text) referenced from startup_stm32f746xx.o(RESET)
 <LI><a href="#[8d]">CEC_IRQHandler</a> from startup_stm32f746xx.o(.text) referenced from startup_stm32f746xx.o(RESET)
 <LI><a href="#[da]">CHECKBOX_Callback</a> from checkbox.o(i.CHECKBOX_Callback) referenced from checkbox.o(i.CHECKBOX_CreateUser)
 <LI><a href="#[16]">CHECKBOX_DrawSkinFlex</a> from checkbox_skinflex.o(i.CHECKBOX_DrawSkinFlex) referenced 2 times from checkbox.o(.data)
 <LI><a href="#[15]">CHECKBOX__GetButtonSize</a> from checkbox.o(i.CHECKBOX__GetButtonSize) referenced 2 times from checkbox.o(.data)
 <LI><a href="#[7e]">DCMI_IRQHandler</a> from startup_stm32f746xx.o(.text) referenced from startup_stm32f746xx.o(RESET)
 <LI><a href="#[3b]">DMA1_Stream0_IRQHandler</a> from startup_stm32f746xx.o(.text) referenced from startup_stm32f746xx.o(RESET)
 <LI><a href="#[3c]">DMA1_Stream1_IRQHandler</a> from startup_stm32f746xx.o(.text) referenced from startup_stm32f746xx.o(RESET)
 <LI><a href="#[3d]">DMA1_Stream2_IRQHandler</a> from startup_stm32f746xx.o(.text) referenced from startup_stm32f746xx.o(RESET)
 <LI><a href="#[3e]">DMA1_Stream3_IRQHandler</a> from startup_stm32f746xx.o(.text) referenced from startup_stm32f746xx.o(RESET)
 <LI><a href="#[3f]">DMA1_Stream4_IRQHandler</a> from startup_stm32f746xx.o(.text) referenced from startup_stm32f746xx.o(RESET)
 <LI><a href="#[40]">DMA1_Stream5_IRQHandler</a> from startup_stm32f746xx.o(.text) referenced from startup_stm32f746xx.o(RESET)
 <LI><a href="#[41]">DMA1_Stream6_IRQHandler</a> from startup_stm32f746xx.o(.text) referenced from startup_stm32f746xx.o(RESET)
 <LI><a href="#[5f]">DMA1_Stream7_IRQHandler</a> from startup_stm32f746xx.o(.text) referenced from startup_stm32f746xx.o(RESET)
 <LI><a href="#[89]">DMA2D_IRQHandler</a> from lto-llvm-dbe362.o(.text.DMA2D_IRQHandler) referenced from startup_stm32f746xx.o(RESET)
 <LI><a href="#[68]">DMA2_Stream0_IRQHandler</a> from startup_stm32f746xx.o(.text) referenced from startup_stm32f746xx.o(RESET)
 <LI><a href="#[69]">DMA2_Stream1_IRQHandler</a> from startup_stm32f746xx.o(.text) referenced from startup_stm32f746xx.o(RESET)
 <LI><a href="#[6a]">DMA2_Stream2_IRQHandler</a> from startup_stm32f746xx.o(.text) referenced from startup_stm32f746xx.o(RESET)
 <LI><a href="#[6b]">DMA2_Stream3_IRQHandler</a> from startup_stm32f746xx.o(.text) referenced from startup_stm32f746xx.o(RESET)
 <LI><a href="#[6c]">DMA2_Stream4_IRQHandler</a> from startup_stm32f746xx.o(.text) referenced from startup_stm32f746xx.o(RESET)
 <LI><a href="#[74]">DMA2_Stream5_IRQHandler</a> from startup_stm32f746xx.o(.text) referenced from startup_stm32f746xx.o(RESET)
 <LI><a href="#[75]">DMA2_Stream6_IRQHandler</a> from startup_stm32f746xx.o(.text) referenced from startup_stm32f746xx.o(RESET)
 <LI><a href="#[76]">DMA2_Stream7_IRQHandler</a> from startup_stm32f746xx.o(.text) referenced from startup_stm32f746xx.o(RESET)
 <LI><a href="#[2d]">DebugMon_Handler</a> from lto-llvm-dbe362.o(.text.DebugMon_Handler) referenced from startup_stm32f746xx.o(RESET)
 <LI><a href="#[db]">EDIT_Callback</a> from edit.o(i.EDIT_Callback) referenced from edit.o(i.EDIT_CreateUser)
 <LI><a href="#[a2]">EE_ReadBuffer</a> from lto-llvm-dbe362.o(.text.EE_ReadBuffer) referenced from lto-llvm-dbe362.o(.text.DISPService)
 <LI><a href="#[cc]">EE_WriteBuffer</a> from lto-llvm-dbe362.o(.text.EE_WriteBuffer) referenced from lto-llvm-dbe362.o(.text.main)
 <LI><a href="#[6d]">ETH_IRQHandler</a> from startup_stm32f746xx.o(.text) referenced from startup_stm32f746xx.o(RESET)
 <LI><a href="#[6e]">ETH_WKUP_IRQHandler</a> from startup_stm32f746xx.o(.text) referenced from startup_stm32f746xx.o(RESET)
 <LI><a href="#[36]">EXTI0_IRQHandler</a> from startup_stm32f746xx.o(.text) referenced from startup_stm32f746xx.o(RESET)
 <LI><a href="#[58]">EXTI15_10_IRQHandler</a> from startup_stm32f746xx.o(.text) referenced from startup_stm32f746xx.o(RESET)
 <LI><a href="#[37]">EXTI1_IRQHandler</a> from startup_stm32f746xx.o(.text) referenced from startup_stm32f746xx.o(RESET)
 <LI><a href="#[38]">EXTI2_IRQHandler</a> from startup_stm32f746xx.o(.text) referenced from startup_stm32f746xx.o(RESET)
 <LI><a href="#[39]">EXTI3_IRQHandler</a> from startup_stm32f746xx.o(.text) referenced from startup_stm32f746xx.o(RESET)
 <LI><a href="#[3a]">EXTI4_IRQHandler</a> from startup_stm32f746xx.o(.text) referenced from startup_stm32f746xx.o(RESET)
 <LI><a href="#[47]">EXTI9_5_IRQHandler</a> from startup_stm32f746xx.o(.text) referenced from startup_stm32f746xx.o(RESET)
 <LI><a href="#[34]">FLASH_IRQHandler</a> from startup_stm32f746xx.o(.text) referenced from startup_stm32f746xx.o(RESET)
 <LI><a href="#[60]">FMC_IRQHandler</a> from startup_stm32f746xx.o(.text) referenced from startup_stm32f746xx.o(RESET)
 <LI><a href="#[80]">FPU_IRQHandler</a> from startup_stm32f746xx.o(.text) referenced from startup_stm32f746xx.o(RESET)
 <LI><a href="#[155]">GUIMONO_DispChar</a> from gui_charm.o(i.GUIMONO_DispChar) referenced from f6x8.o(.constdata)
 <LI><a href="#[156]">GUIMONO_GetCharDistX</a> from gui_charm.o(i.GUIMONO_GetCharDistX) referenced from f6x8.o(.constdata)
 <LI><a href="#[157]">GUIMONO_GetFontInfo</a> from gui_charm.o(i.GUIMONO_GetFontInfo) referenced from f6x8.o(.constdata)
 <LI><a href="#[158]">GUIMONO_IsInFont</a> from gui_charm.o(i.GUIMONO_IsInFont) referenced from f6x8.o(.constdata)
 <LI><a href="#[144]">GUIPROP_DispChar</a> from gui_charp.o(i.GUIPROP_DispChar) referenced 14 times from f08_1.o(.constdata)
 <LI><a href="#[145]">GUIPROP_GetCharDistX</a> from gui_charp.o(i.GUIPROP_GetCharDistX) referenced 14 times from f08_1.o(.constdata)
 <LI><a href="#[146]">GUIPROP_GetFontInfo</a> from gui_charp.o(i.GUIPROP_GetFontInfo) referenced 14 times from f08_1.o(.constdata)
 <LI><a href="#[147]">GUIPROP_IsInFont</a> from gui_charp.o(i.GUIPROP_IsInFont) referenced 14 times from f08_1.o(.constdata)
 <LI><a href="#[de]">GUI_BMP__GetData</a> from gui_bmp.o(i.GUI_BMP__GetData) referenced from gui_bmp.o(i.GUI_BMP_Draw)
 <LI><a href="#[9d]">GUI_DispDecMin</a> from gui_val.o(i.GUI_DispDecMin) referenced from lto-llvm-dbe362.o(.text.DISPCreateSettings1Screen)
 <LI><a href="#[98]">GUI_DispString</a> from gui_dispstring.o(i.GUI_DispString) referenced from lto-llvm-dbe362.o(.text.DISPCreateSettings1Screen)
 <LI><a href="#[98]">GUI_DispString</a> from gui_dispstring.o(i.GUI_DispString) referenced 2 times from lto-llvm-dbe362.o(.text.DISPService)
 <LI><a href="#[99]">GUI_DrawHLine</a> from gui_drawlib.o(i.GUI_DrawHLine) referenced from lto-llvm-dbe362.o(.text.DISPCreateSettings1Screen)
 <LI><a href="#[99]">GUI_DrawHLine</a> from gui_drawlib.o(i.GUI_DrawHLine) referenced from lto-llvm-dbe362.o(.text.DISPService)
 <LI><a href="#[97]">GUI_GotoXY</a> from gui_common.o(i.GUI_GotoXY) referenced from lto-llvm-dbe362.o(.text.DISPCreateSettings1Screen)
 <LI><a href="#[97]">GUI_GotoXY</a> from gui_common.o(i.GUI_GotoXY) referenced 2 times from lto-llvm-dbe362.o(.text.DISPService)
 <LI><a href="#[116]">GUI_MEMDEV_Paint1Static</a> from guidev_staticdevices.o(i.GUI_MEMDEV_Paint1Static) referenced from wm.o(i._Paint1)
 <LI><a href="#[115]">GUI_MEMDEV__WriteToActiveAlpha</a> from guidev_writetoactivealpha.o(i.GUI_MEMDEV__WriteToActiveAlpha) referenced from guidev_32.o(i._GetDevFunc)
 <LI><a href="#[114]">GUI_MEMDEV__WriteToActiveOpaque</a> from guidev_writetoactiveopaque.o(i.GUI_MEMDEV__WriteToActiveOpaque) referenced from guidev_16.o(i._GetDevFunc)
 <LI><a href="#[a3]">GUI_PNG__GetData</a> from lto-llvm-dbe362.o(.text.GUI_PNG__GetData) referenced from lto-llvm-dbe362.o(.text.GUI_PNG_Draw)
 <LI><a href="#[a1]">GUI_SetColor</a> from gui_common.o(i.GUI_SetColor) referenced from lto-llvm-dbe362.o(.text.DISPService)
 <LI><a href="#[9f]">GUI_SetFont</a> from gui_common.o(i.GUI_SetFont) referenced from lto-llvm-dbe362.o(.text.DISPService)
 <LI><a href="#[e3]">GUI_TIMER_Exec</a> from gui_timer.o(i.GUI_TIMER_Exec) referenced from gui_timer.o(i.GUI_TIMER_Create)
 <LI><a href="#[177]">GUI_USAGE_BM_AddHLine</a> from guidev_usagebm.o(i.GUI_USAGE_BM_AddHLine) referenced from guidev_usagebm.o(.constdata)
 <LI><a href="#[176]">GUI_USAGE_BM_AddPixel</a> from guidev_usagebm.o(i.GUI_USAGE_BM_AddPixel) referenced from guidev_usagebm.o(.constdata)
 <LI><a href="#[178]">GUI_USAGE_BM_Clear</a> from guidev_usagebm.o(i.GUI_USAGE_BM_Clear) referenced from guidev_usagebm.o(.constdata)
 <LI><a href="#[17a]">GUI_USAGE_BM_GetNextDirty</a> from guidev_usagebm.o(i.GUI_USAGE_BM_GetNextDirty) referenced from guidev_usagebm.o(.constdata)
 <LI><a href="#[1b]">GUI_X_ExecIdle</a> from lto-llvm-dbe362.o(.text.GUI_X_ExecIdle) referenced 2 times from gui_waitevent.o(.data)
 <LI><a href="#[0]">GUI__MixColors</a> from gui__alpha.o(i.GUI__MixColors) referenced 2 times from gui__alpha.o(.data)
 <LI><a href="#[1]">GUI__MixColorsBulk</a> from gui__alpha.o(i.GUI__MixColorsBulk) referenced 2 times from gui__alpha.o(.data)
 <LI><a href="#[ab]">HAL_GPIO_DeInit</a> from lto-llvm-dbe362.o(.text.HAL_GPIO_DeInit) referenced from lto-llvm-dbe362.o(.text.HAL_QSPI_DeInit)
 <LI><a href="#[ab]">HAL_GPIO_DeInit</a> from lto-llvm-dbe362.o(.text.HAL_GPIO_DeInit) referenced from lto-llvm-dbe362.o(.text.Restart)
 <LI><a href="#[ad]">HAL_GPIO_Init</a> from lto-llvm-dbe362.o(.text.HAL_GPIO_Init) referenced from lto-llvm-dbe362.o(.text.LCD_X_Config)
 <LI><a href="#[ad]">HAL_GPIO_Init</a> from lto-llvm-dbe362.o(.text.HAL_GPIO_Init) referenced from lto-llvm-dbe362.o(.text.MX_QSPI_Init)
 <LI><a href="#[ad]">HAL_GPIO_Init</a> from lto-llvm-dbe362.o(.text.HAL_GPIO_Init) referenced from lto-llvm-dbe362.o(.text.main)
 <LI><a href="#[c9]">HAL_MPU_ConfigRegion</a> from lto-llvm-dbe362.o(.text.HAL_MPU_ConfigRegion) referenced from lto-llvm-dbe362.o(.text.main)
 <LI><a href="#[ca]">HAL_SDRAM_SendCommand</a> from lto-llvm-dbe362.o(.text.HAL_SDRAM_SendCommand) referenced from lto-llvm-dbe362.o(.text.main)
 <LI><a href="#[c5]">HAL_UART_DeInit</a> from lto-llvm-dbe362.o(.text.HAL_UART_DeInit) referenced from lto-llvm-dbe362.o(.text.Restart)
 <LI><a href="#[28]">HardFault_Handler</a> from lto-llvm-dbe362.o(.text.HardFault_Handler) referenced from startup_stm32f746xx.o(RESET)
 <LI><a href="#[50]">I2C1_ER_IRQHandler</a> from startup_stm32f746xx.o(.text) referenced from startup_stm32f746xx.o(RESET)
 <LI><a href="#[4f]">I2C1_EV_IRQHandler</a> from startup_stm32f746xx.o(.text) referenced from startup_stm32f746xx.o(RESET)
 <LI><a href="#[52]">I2C2_ER_IRQHandler</a> from startup_stm32f746xx.o(.text) referenced from startup_stm32f746xx.o(RESET)
 <LI><a href="#[51]">I2C2_EV_IRQHandler</a> from startup_stm32f746xx.o(.text) referenced from startup_stm32f746xx.o(RESET)
 <LI><a href="#[79]">I2C3_ER_IRQHandler</a> from startup_stm32f746xx.o(.text) referenced from startup_stm32f746xx.o(RESET)
 <LI><a href="#[78]">I2C3_EV_IRQHandler</a> from startup_stm32f746xx.o(.text) referenced from startup_stm32f746xx.o(RESET)
 <LI><a href="#[8f]">I2C4_ER_IRQHandler</a> from startup_stm32f746xx.o(.text) referenced from startup_stm32f746xx.o(RESET)
 <LI><a href="#[8e]">I2C4_EV_IRQHandler</a> from startup_stm32f746xx.o(.text) referenced from startup_stm32f746xx.o(RESET)
 <LI><a href="#[c3]">Int2Str</a> from lto-llvm-dbe362.o(.text.Int2Str) referenced from lto-llvm-dbe362.o(.text.OW_Service)
 <LI><a href="#[c3]">Int2Str</a> from lto-llvm-dbe362.o(.text.Int2Str) referenced from lto-llvm-dbe362.o(.text.UART_Receive_IT)
 <LI><a href="#[1c]">LCD_AA_MixColors16</a> from lcd_aa.o(i.LCD_AA_MixColors16) referenced 2 times from lcd_aa.o(.data)
 <LI><a href="#[df]">LCD_DrawHLine</a> from lcd.o(i.LCD_DrawHLine) referenced from gui_core.o(.constdata)
 <LI><a href="#[df]">LCD_DrawHLine</a> from lcd.o(i.LCD_DrawHLine) referenced from gui_drawgradient.o(i.GUI_DrawGradientV)
 <LI><a href="#[11d]">LCD_DrawPixel</a> from lcd.o(i.LCD_DrawPixel) referenced from gui_core.o(.constdata)
 <LI><a href="#[9]">LCD_GetpPalConvTableBM</a> from lcd_color.o(i.LCD_GetpPalConvTableBM) referenced 2 times from gui_core.o(.data)
 <LI><a href="#[e7]">LCD_Index2Color_888</a> from guicc_888_index2color.o(i.LCD_Index2Color_888) referenced from gui__alpha.o(i.GUI__DoAlphaBlending)
 <LI><a href="#[e6]">LCD_Index2Color_8888</a> from guicc_8888_index2color.o(i.LCD_Index2Color_8888) referenced 2 times from gui_drawbitmap_8888.o(.constdata)
 <LI><a href="#[e6]">LCD_Index2Color_8888</a> from guicc_8888_index2color.o(i.LCD_Index2Color_8888) referenced from gui__alpha.o(i.GUI__DoAlphaBlending)
 <LI><a href="#[e6]">LCD_Index2Color_8888</a> from guicc_8888_index2color.o(i.LCD_Index2Color_8888) referenced from gui_drawbitmap_8888.o(i._DrawBitmap_8888)
 <LI><a href="#[e6]">LCD_Index2Color_8888</a> from guicc_8888_index2color.o(i.LCD_Index2Color_8888) referenced from guidev_writetoactivealpha.o(i._WriteToActiveAlpha)
 <LI><a href="#[f0]">LCD_Index2Color_M555</a> from guicc_m555_index2color.o(i.LCD_Index2Color_M555) referenced from gui_bmp.o(i._Draw)
 <LI><a href="#[125]">LCD_Index2Color_M565</a> from guicc_m565.o(i.LCD_Index2Color_M565) referenced from guicc_m565.o(.constdata)
 <LI><a href="#[119]">LCD_Index2Color_M8888I</a> from guicc_m8888i_index2color.o(i.LCD_Index2Color_M8888I) referenced from guicc_m8888i.o(.constdata)
 <LI><a href="#[af]">LCD_SetDevFunc</a> from lcd_set.o(i.LCD_SetDevFunc) referenced from lto-llvm-dbe362.o(.text.LCD_X_Config)
 <LI><a href="#[8c]">LPTIM1_IRQHandler</a> from startup_stm32f746xx.o(.text) referenced from startup_stm32f746xx.o(RESET)
 <LI><a href="#[88]">LTDC_ER_IRQHandler</a> from startup_stm32f746xx.o(.text) referenced from startup_stm32f746xx.o(RESET)
 <LI><a href="#[87]">LTDC_IRQHandler</a> from lto-llvm-dbe362.o(.text.LTDC_IRQHandler) referenced from startup_stm32f746xx.o(RESET)
 <LI><a href="#[29]">MemManage_Handler</a> from lto-llvm-dbe362.o(.text.MemManage_Handler) referenced from startup_stm32f746xx.o(RESET)
 <LI><a href="#[27]">NMI_Handler</a> from lto-llvm-dbe362.o(.text.NMI_Handler) referenced from startup_stm32f746xx.o(RESET)
 <LI><a href="#[73]">OTG_FS_IRQHandler</a> from startup_stm32f746xx.o(.text) referenced from startup_stm32f746xx.o(RESET)
 <LI><a href="#[5a]">OTG_FS_WKUP_IRQHandler</a> from startup_stm32f746xx.o(.text) referenced from startup_stm32f746xx.o(RESET)
 <LI><a href="#[7b]">OTG_HS_EP1_IN_IRQHandler</a> from startup_stm32f746xx.o(.text) referenced from startup_stm32f746xx.o(RESET)
 <LI><a href="#[7a]">OTG_HS_EP1_OUT_IRQHandler</a> from startup_stm32f746xx.o(.text) referenced from startup_stm32f746xx.o(RESET)
 <LI><a href="#[7d]">OTG_HS_IRQHandler</a> from startup_stm32f746xx.o(.text) referenced from startup_stm32f746xx.o(RESET)
 <LI><a href="#[7c]">OTG_HS_WKUP_IRQHandler</a> from startup_stm32f746xx.o(.text) referenced from startup_stm32f746xx.o(RESET)
 <LI><a href="#[cb]">PID_Hook</a> from lto-llvm-dbe362.o(.text.PID_Hook) referenced from lto-llvm-dbe362.o(.text.main)
 <LI><a href="#[31]">PVD_IRQHandler</a> from startup_stm32f746xx.o(.text) referenced from startup_stm32f746xx.o(RESET)
 <LI><a href="#[2e]">PendSV_Handler</a> from startup_stm32f746xx.o(.text) referenced from startup_stm32f746xx.o(RESET)
 <LI><a href="#[aa]">QSPI_DMAAbortCplt</a> from lto-llvm-dbe362.o(.text.QSPI_DMAAbortCplt) referenced from lto-llvm-dbe362.o(.text.HAL_QSPI_Abort_IT)
 <LI><a href="#[aa]">QSPI_DMAAbortCplt</a> from lto-llvm-dbe362.o(.text.QSPI_DMAAbortCplt) referenced from lto-llvm-dbe362.o(.text.QUADSPI_IRQHandler)
 <LI><a href="#[8b]">QUADSPI_IRQHandler</a> from lto-llvm-dbe362.o(.text.QUADSPI_IRQHandler) referenced from startup_stm32f746xx.o(RESET)
 <LI><a href="#[35]">RCC_IRQHandler</a> from startup_stm32f746xx.o(.text) referenced from startup_stm32f746xx.o(RESET)
 <LI><a href="#[7f]">RNG_IRQHandler</a> from startup_stm32f746xx.o(.text) referenced from startup_stm32f746xx.o(RESET)
 <LI><a href="#[59]">RTC_Alarm_IRQHandler</a> from startup_stm32f746xx.o(.text) referenced from startup_stm32f746xx.o(RESET)
 <LI><a href="#[33]">RTC_WKUP_IRQHandler</a> from startup_stm32f746xx.o(.text) referenced from startup_stm32f746xx.o(RESET)
 <LI><a href="#[26]">Reset_Handler</a> from startup_stm32f746xx.o(.text) referenced from startup_stm32f746xx.o(RESET)
 <LI><a href="#[86]">SAI1_IRQHandler</a> from startup_stm32f746xx.o(.text) referenced from startup_stm32f746xx.o(RESET)
 <LI><a href="#[8a]">SAI2_IRQHandler</a> from startup_stm32f746xx.o(.text) referenced from startup_stm32f746xx.o(RESET)
 <LI><a href="#[61]">SDMMC1_IRQHandler</a> from startup_stm32f746xx.o(.text) referenced from startup_stm32f746xx.o(RESET)
 <LI><a href="#[90]">SPDIF_RX_IRQHandler</a> from startup_stm32f746xx.o(.text) referenced from startup_stm32f746xx.o(RESET)
 <LI><a href="#[53]">SPI1_IRQHandler</a> from startup_stm32f746xx.o(.text) referenced from startup_stm32f746xx.o(RESET)
 <LI><a href="#[54]">SPI2_IRQHandler</a> from startup_stm32f746xx.o(.text) referenced from startup_stm32f746xx.o(RESET)
 <LI><a href="#[63]">SPI3_IRQHandler</a> from startup_stm32f746xx.o(.text) referenced from startup_stm32f746xx.o(RESET)
 <LI><a href="#[83]">SPI4_IRQHandler</a> from startup_stm32f746xx.o(.text) referenced from startup_stm32f746xx.o(RESET)
 <LI><a href="#[84]">SPI5_IRQHandler</a> from startup_stm32f746xx.o(.text) referenced from startup_stm32f746xx.o(RESET)
 <LI><a href="#[85]">SPI6_IRQHandler</a> from startup_stm32f746xx.o(.text) referenced from startup_stm32f746xx.o(RESET)
 <LI><a href="#[ea]">SPINBOX_Callback</a> from spinbox.o(i.SPINBOX_Callback) referenced from spinbox.o(i.SPINBOX_CreateUser)
 <LI><a href="#[9a]">SPINBOX_CreateEx</a> from spinbox.o(i.SPINBOX_CreateEx) referenced from lto-llvm-dbe362.o(.text.DISPCreateSettings1Screen)
 <LI><a href="#[9a]">SPINBOX_CreateEx</a> from spinbox.o(i.SPINBOX_CreateEx) referenced from lto-llvm-dbe362.o(.text.DISPService)
 <LI><a href="#[17]">SPINBOX_DrawSkinFlex</a> from spinbox_skinflex.o(i.SPINBOX_DrawSkinFlex) referenced 2 times from spinbox.o(.data)
 <LI><a href="#[a0]">SPINBOX_GetValue</a> from spinbox.o(i.SPINBOX_GetValue) referenced from lto-llvm-dbe362.o(.text.DISPService)
 <LI><a href="#[9b]">SPINBOX_SetEdge</a> from spinbox.o(i.SPINBOX_SetEdge) referenced from lto-llvm-dbe362.o(.text.DISPCreateSettings1Screen)
 <LI><a href="#[9b]">SPINBOX_SetEdge</a> from spinbox.o(i.SPINBOX_SetEdge) referenced from lto-llvm-dbe362.o(.text.DISPService)
 <LI><a href="#[9c]">SPINBOX_SetValue</a> from spinbox.o(i.SPINBOX_SetValue) referenced from lto-llvm-dbe362.o(.text.DISPCreateSettings1Screen)
 <LI><a href="#[9c]">SPINBOX_SetValue</a> from spinbox.o(i.SPINBOX_SetValue) referenced from lto-llvm-dbe362.o(.text.DISPService)
 <LI><a href="#[2c]">SVC_Handler</a> from startup_stm32f746xx.o(.text) referenced from startup_stm32f746xx.o(RESET)
 <LI><a href="#[c4]">Str2Hex</a> from lto-llvm-dbe362.o(.text.Str2Hex) referenced from lto-llvm-dbe362.o(.text.RS485_Service)
 <LI><a href="#[2f]">SysTick_Handler</a> from lto-llvm-dbe362.o(.text.SysTick_Handler) referenced from startup_stm32f746xx.o(RESET)
 <LI><a href="#[92]">SystemInit</a> from lto-llvm-dbe362.o(.text.SystemInit) referenced from startup_stm32f746xx.o(.text)
 <LI><a href="#[32]">TAMP_STAMP_IRQHandler</a> from startup_stm32f746xx.o(.text) referenced from startup_stm32f746xx.o(RESET)
 <LI><a href="#[48]">TIM1_BRK_TIM9_IRQHandler</a> from startup_stm32f746xx.o(.text) referenced from startup_stm32f746xx.o(RESET)
 <LI><a href="#[4b]">TIM1_CC_IRQHandler</a> from startup_stm32f746xx.o(.text) referenced from startup_stm32f746xx.o(RESET)
 <LI><a href="#[4a]">TIM1_TRG_COM_TIM11_IRQHandler</a> from startup_stm32f746xx.o(.text) referenced from startup_stm32f746xx.o(RESET)
 <LI><a href="#[49]">TIM1_UP_TIM10_IRQHandler</a> from startup_stm32f746xx.o(.text) referenced from startup_stm32f746xx.o(RESET)
 <LI><a href="#[4c]">TIM2_IRQHandler</a> from startup_stm32f746xx.o(.text) referenced from startup_stm32f746xx.o(RESET)
 <LI><a href="#[4d]">TIM3_IRQHandler</a> from startup_stm32f746xx.o(.text) referenced from startup_stm32f746xx.o(RESET)
 <LI><a href="#[4e]">TIM4_IRQHandler</a> from startup_stm32f746xx.o(.text) referenced from startup_stm32f746xx.o(RESET)
 <LI><a href="#[62]">TIM5_IRQHandler</a> from startup_stm32f746xx.o(.text) referenced from startup_stm32f746xx.o(RESET)
 <LI><a href="#[66]">TIM6_DAC_IRQHandler</a> from startup_stm32f746xx.o(.text) referenced from startup_stm32f746xx.o(RESET)
 <LI><a href="#[67]">TIM7_IRQHandler</a> from startup_stm32f746xx.o(.text) referenced from startup_stm32f746xx.o(RESET)
 <LI><a href="#[5b]">TIM8_BRK_TIM12_IRQHandler</a> from startup_stm32f746xx.o(.text) referenced from startup_stm32f746xx.o(RESET)
 <LI><a href="#[5e]">TIM8_CC_IRQHandler</a> from startup_stm32f746xx.o(.text) referenced from startup_stm32f746xx.o(RESET)
 <LI><a href="#[5d]">TIM8_TRG_COM_TIM14_IRQHandler</a> from startup_stm32f746xx.o(.text) referenced from startup_stm32f746xx.o(RESET)
 <LI><a href="#[5c]">TIM8_UP_TIM13_IRQHandler</a> from startup_stm32f746xx.o(.text) referenced from startup_stm32f746xx.o(RESET)
 <LI><a href="#[c6]">TS_IO_Read</a> from lto-llvm-dbe362.o(.text.TS_IO_Read) referenced from lto-llvm-dbe362.o(.text.TS_Service)
 <LI><a href="#[64]">UART4_IRQHandler</a> from lto-llvm-dbe362.o(.text.UART4_IRQHandler) referenced from startup_stm32f746xx.o(RESET)
 <LI><a href="#[65]">UART5_IRQHandler</a> from startup_stm32f746xx.o(.text) referenced from startup_stm32f746xx.o(RESET)
 <LI><a href="#[81]">UART7_IRQHandler</a> from startup_stm32f746xx.o(.text) referenced from startup_stm32f746xx.o(RESET)
 <LI><a href="#[82]">UART8_IRQHandler</a> from startup_stm32f746xx.o(.text) referenced from startup_stm32f746xx.o(RESET)
 <LI><a href="#[ac]">UART_DMAAbortOnError</a> from lto-llvm-dbe362.o(.text.UART_DMAAbortOnError) referenced from lto-llvm-dbe362.o(.text.HAL_UART_IRQHandler)
 <LI><a href="#[55]">USART1_IRQHandler</a> from lto-llvm-dbe362.o(.text.USART1_IRQHandler) referenced from startup_stm32f746xx.o(RESET)
 <LI><a href="#[56]">USART2_IRQHandler</a> from lto-llvm-dbe362.o(.text.USART2_IRQHandler) referenced from startup_stm32f746xx.o(RESET)
 <LI><a href="#[57]">USART3_IRQHandler</a> from startup_stm32f746xx.o(.text) referenced from startup_stm32f746xx.o(RESET)
 <LI><a href="#[77]">USART6_IRQHandler</a> from startup_stm32f746xx.o(.text) referenced from startup_stm32f746xx.o(RESET)
 <LI><a href="#[2b]">UsageFault_Handler</a> from lto-llvm-dbe362.o(.text.UsageFault_Handler) referenced from startup_stm32f746xx.o(RESET)
 <LI><a href="#[17b]">WIDGET_EFFECT_3D_DrawUp</a> from widget_effect_3d.o(i.WIDGET_EFFECT_3D_DrawUp) referenced from widget_effect_3d.o(.constdata)
 <LI><a href="#[9e]">WM_DeleteWindow</a> from wm.o(i.WM_DeleteWindow) referenced from lto-llvm-dbe362.o(.text.DISPDeleteSettings2Screen)
 <LI><a href="#[9e]">WM_DeleteWindow</a> from wm.o(i.WM_DeleteWindow) referenced 2 times from lto-llvm-dbe362.o(.text.DISPService)
 <LI><a href="#[e2]">WM_HandlePID</a> from wm_touch.o(i.WM_HandlePID) referenced from gui_pid.o(i.GUI_PID_StoreState)
 <LI><a href="#[117]">WM__Paint1</a> from wm.o(i.WM__Paint1) referenced from wm.o(i._Paint1)
 <LI><a href="#[30]">WWDG_IRQHandler</a> from startup_stm32f746xx.o(.text) referenced from startup_stm32f746xx.o(RESET)
 <LI><a href="#[dc]">_AddKeyDec</a> from editdec.o(i._AddKeyDec) referenced from editdec.o(i.EDIT_SetDecMode)
 <LI><a href="#[122]">_CalcSizeOfChar</a> from gui_uc_encodeutf8.o(i._CalcSizeOfChar) referenced 2 times from gui_uc_encodeutf8.o(.constdata)
 <LI><a href="#[127]">_Color2IndexBulk</a> from guicc_m565.o(i._Color2IndexBulk) referenced 2 times from guicc_m565.o(.constdata)
 <LI><a href="#[b5]">_Color2IndexBulk_M1555I_DMA2D</a> from lto-llvm-dbe362.o(.text._Color2IndexBulk_M1555I_DMA2D) referenced from lto-llvm-dbe362.o(.text.LCD_X_Config)
 <LI><a href="#[b9]">_Color2IndexBulk_M4444I_DMA2D</a> from lto-llvm-dbe362.o(.text._Color2IndexBulk_M4444I_DMA2D) referenced from lto-llvm-dbe362.o(.text.LCD_X_Config)
 <LI><a href="#[b7]">_Color2IndexBulk_M565_DMA2D</a> from lto-llvm-dbe362.o(.text._Color2IndexBulk_M565_DMA2D) referenced from lto-llvm-dbe362.o(.text.LCD_X_Config)
 <LI><a href="#[11b]">_Color2IndexBulk_M8888I</a> from guicc_m8888i.o(i._Color2IndexBulk_M8888I) referenced from guicc_m8888i.o(.constdata)
 <LI><a href="#[bd]">_Color2IndexBulk_M8888I_DMA2D</a> from lto-llvm-dbe362.o(.text._Color2IndexBulk_M8888I_DMA2D) referenced from lto-llvm-dbe362.o(.text.LCD_X_Config)
 <LI><a href="#[bb]">_Color2IndexBulk_M888_DMA2D</a> from lto-llvm-dbe362.o(.text._Color2IndexBulk_M888_DMA2D) referenced from lto-llvm-dbe362.o(.text.LCD_X_Config)
 <LI><a href="#[14e]">_Color2Index_0</a> from guicc_0.o(i._Color2Index_0) referenced from guicc_0.o(.constdata)
 <LI><a href="#[151]">_Color2Index_8888</a> from guicc_8888.o(i._Color2Index_8888) referenced from guicc_8888.o(.constdata)
 <LI><a href="#[124]">_Color2Index_M565</a> from guicc_m565.o(i._Color2Index_M565) referenced from guicc_m565.o(.constdata)
 <LI><a href="#[118]">_Color2Index_M8888I</a> from guicc_m8888i.o(i._Color2Index_M8888I) referenced from guicc_m8888i.o(.constdata)
 <LI><a href="#[ff]">_CopyBuffer</a> from guidrv_lin_16.o(i._CopyBuffer) referenced 2 times from guidrv_lin_16.o(i._GetDevFunc)
 <LI><a href="#[1e]">_Create</a> from button_skin.o(i._Create) referenced 6 times from button_skin.o(.data)
 <LI><a href="#[bf]">_DMA_AlphaBlending</a> from lto-llvm-dbe362.o(.text._DMA_AlphaBlending) referenced from lto-llvm-dbe362.o(.text.LCD_X_Config)
 <LI><a href="#[c1]">_DMA_MixColors</a> from lto-llvm-dbe362.o(.text._DMA_MixColors) referenced from lto-llvm-dbe362.o(.text.LCD_X_Config)
 <LI><a href="#[12c]">_DrawBitmap</a> from guidrv_lin_16.o(i._DrawBitmap) referenced 4 times from guidrv_lin_16.o(.constdata)
 <LI><a href="#[11f]">_DrawBitmapHW_8888</a> from gui_drawbitmap_8888.o(i._DrawBitmapHW_8888) referenced from gui_drawbitmap_8888.o(.constdata)
 <LI><a href="#[11e]">_DrawBitmap_8888</a> from gui_drawbitmap_8888.o(i._DrawBitmap_8888) referenced from gui_drawbitmap_8888.o(.constdata)
 <LI><a href="#[173]">_DrawDown</a> from widget_effect_none.o(i._DrawDown) referenced 3 times from widget_effect_none.o(.constdata)
 <LI><a href="#[174]">_DrawDownRect</a> from widget_effect_none.o(i._DrawDownRect) referenced 3 times from widget_effect_none.o(.constdata)
 <LI><a href="#[175]">_DrawFlat</a> from widget_effect_none.o(i._DrawFlat) referenced from widget_effect_none.o(.constdata)
 <LI><a href="#[12d]">_DrawHLine</a> from guidrv_lin_16.o(i._DrawHLine) referenced 4 times from guidrv_lin_16.o(.constdata)
 <LI><a href="#[4]">_DrawLine_RGB</a> from gui_bmp.o(i._DrawLine_RGB) referenced 2 times from gui_bmp.o(.data)
 <LI><a href="#[4]">_DrawLine_RGB</a> from gui_bmp.o(i._DrawLine_RGB) referenced from gui_bmp.o(i._Draw)
 <LI><a href="#[4]">_DrawLine_RGB</a> from gui_bmp.o(i._DrawLine_RGB) referenced from gui_bmp.o(i._DrawBitmap_RGB)
 <LI><a href="#[171]">_DrawUp</a> from widget_effect_none.o(i._DrawUp) referenced 2 times from widget_effect_none.o(.constdata)
 <LI><a href="#[172]">_DrawUpRect</a> from widget_effect_none.o(i._DrawUpRect) referenced 3 times from widget_effect_none.o(.constdata)
 <LI><a href="#[12e]">_DrawVLine</a> from guidrv_lin_16.o(i._DrawVLine) referenced 4 times from guidrv_lin_16.o(.constdata)
 <LI><a href="#[123]">_Encode</a> from gui_uc_encodeutf8.o(i._Encode) referenced 2 times from gui_uc_encodeutf8.o(.constdata)
 <LI><a href="#[12f]">_FillRect</a> from guidrv_lin_16.o(i._FillRect) referenced 4 times from guidrv_lin_16.o(.constdata)
 <LI><a href="#[179]">_GUI_USAGE_BM_Delete</a> from guidev_usagebm.o(i._GUI_USAGE_BM_Delete) referenced from guidev_usagebm.o(.constdata)
 <LI><a href="#[120]">_GetCharCode</a> from gui_uc_encodeutf8.o(i._GetCharCode) referenced 2 times from gui_uc_encodeutf8.o(.constdata)
 <LI><a href="#[121]">_GetCharSize</a> from gui_uc_encodeutf8.o(i._GetCharSize) referenced 2 times from gui_uc_encodeutf8.o(.constdata)
 <LI><a href="#[19]">_GetCharWrap</a> from gui__wrap.o(i._GetCharWrap) referenced 2 times from gui__wrap.o(.data)
 <LI><a href="#[25]">_GetCursorCharacter</a> from gui__getcursorpos.o(i._GetCursorCharacter) referenced 2 times from gui__getcursorpos.o(.data)
 <LI><a href="#[24]">_GetCursorPosChar</a> from gui__getcursorpos.o(i._GetCursorPosChar) referenced 2 times from gui__getcursorpos.o(.data)
 <LI><a href="#[23]">_GetCursorPosX</a> from gui__getcursorpos.o(i._GetCursorPosX) referenced 2 times from gui__getcursorpos.o(.data)
 <LI><a href="#[136]">_GetDevData</a> from guidrv_lin_16.o(i._GetDevData) referenced 4 times from guidrv_lin_16.o(.constdata)
 <LI><a href="#[134]">_GetDevFunc</a> from guidrv_lin_16.o(i._GetDevFunc) referenced 4 times from guidrv_lin_16.o(.constdata)
 <LI><a href="#[135]">_GetDevProp</a> from guidrv_lin_16.o(i._GetDevProp) referenced 4 times from guidrv_lin_16.o(.constdata)
 <LI><a href="#[150]">_GetIndexMask_0</a> from guicc_0.o(i._GetIndexMask_0) referenced from guicc_0.o(.constdata)
 <LI><a href="#[152]">_GetIndexMask_8888</a> from guicc_8888.o(i._GetIndexMask_8888) referenced from guicc_8888.o(.constdata)
 <LI><a href="#[126]">_GetIndexMask_M565</a> from guicc_m565.o(i._GetIndexMask_M565) referenced from guicc_m565.o(.constdata)
 <LI><a href="#[11a]">_GetIndexMask_M8888I</a> from guicc_m8888i.o(i._GetIndexMask_M8888I) referenced from guicc_m8888i.o(.constdata)
 <LI><a href="#[130]">_GetPixelIndex</a> from guidrv_lin_16.o(i._GetPixelIndex) referenced 4 times from guidrv_lin_16.o(.constdata)
 <LI><a href="#[f6]">_GetPos</a> from guidrv_lin_16.o(i._GetPos) referenced 2 times from guidrv_lin_16.o(i._GetDevFunc)
 <LI><a href="#[137]">_GetRect</a> from guidrv_lin_16.o(i._GetRect) referenced 4 times from guidrv_lin_16.o(.constdata)
 <LI><a href="#[18]">_GetWordWrap</a> from gui__wrap.o(i._GetWordWrap) referenced 2 times from gui__wrap.o(.data)
 <LI><a href="#[f1]">_Index2ColorBitfields</a> from gui_bmp.o(i._Index2ColorBitfields) referenced from gui_bmp.o(i._Draw)
 <LI><a href="#[128]">_Index2ColorBulk</a> from guicc_m565.o(i._Index2ColorBulk) referenced 2 times from guicc_m565.o(.constdata)
 <LI><a href="#[b6]">_Index2ColorBulk_M1555I_DMA2D</a> from lto-llvm-dbe362.o(.text._Index2ColorBulk_M1555I_DMA2D) referenced from lto-llvm-dbe362.o(.text.LCD_X_Config)
 <LI><a href="#[ba]">_Index2ColorBulk_M4444I_DMA2D</a> from lto-llvm-dbe362.o(.text._Index2ColorBulk_M4444I_DMA2D) referenced from lto-llvm-dbe362.o(.text.LCD_X_Config)
 <LI><a href="#[b8]">_Index2ColorBulk_M565_DMA2D</a> from lto-llvm-dbe362.o(.text._Index2ColorBulk_M565_DMA2D) referenced from lto-llvm-dbe362.o(.text.LCD_X_Config)
 <LI><a href="#[11c]">_Index2ColorBulk_M8888I</a> from guicc_m8888i.o(i._Index2ColorBulk_M8888I) referenced from guicc_m8888i.o(.constdata)
 <LI><a href="#[be]">_Index2ColorBulk_M8888I_DMA2D</a> from lto-llvm-dbe362.o(.text._Index2ColorBulk_M8888I_DMA2D) referenced from lto-llvm-dbe362.o(.text.LCD_X_Config)
 <LI><a href="#[bc]">_Index2ColorBulk_M888_DMA2D</a> from lto-llvm-dbe362.o(.text._Index2ColorBulk_M888_DMA2D) referenced from lto-llvm-dbe362.o(.text.LCD_X_Config)
 <LI><a href="#[14f]">_Index2Color_0</a> from guicc_0.o(i._Index2Color_0) referenced from guicc_0.o(.constdata)
 <LI><a href="#[f9]">_Init</a> from guidrv_lin_16.o(i._Init) referenced 2 times from guidrv_lin_16.o(i._GetDevFunc)
 <LI><a href="#[c8]">_InvertAlpha</a> from lto-llvm-dbe362.o(.text._InvertAlpha) referenced from lto-llvm-dbe362.o(.text._LCD_MixColorsBulk)
 <LI><a href="#[ae]">_LCD_CopyBuffer</a> from lto-llvm-dbe362.o(.text._LCD_CopyBuffer) referenced from lto-llvm-dbe362.o(.text.LCD_X_Config)
 <LI><a href="#[b0]">_LCD_CopyRect</a> from lto-llvm-dbe362.o(.text._LCD_CopyRect) referenced from lto-llvm-dbe362.o(.text.LCD_X_Config)
 <LI><a href="#[b3]">_LCD_DrawBitmap16bpp</a> from lto-llvm-dbe362.o(.text._LCD_DrawBitmap16bpp) referenced from lto-llvm-dbe362.o(.text.LCD_X_Config)
 <LI><a href="#[b2]">_LCD_DrawBitmap32bpp</a> from lto-llvm-dbe362.o(.text._LCD_DrawBitmap32bpp) referenced from lto-llvm-dbe362.o(.text.LCD_X_Config)
 <LI><a href="#[b4]">_LCD_DrawBitmap8bpp</a> from lto-llvm-dbe362.o(.text._LCD_DrawBitmap8bpp) referenced from lto-llvm-dbe362.o(.text.LCD_X_Config)
 <LI><a href="#[b1]">_LCD_FillRect</a> from lto-llvm-dbe362.o(.text._LCD_FillRect) referenced from lto-llvm-dbe362.o(.text.LCD_X_Config)
 <LI><a href="#[b1]">_LCD_FillRect</a> from lto-llvm-dbe362.o(.text._LCD_FillRect) referenced from lto-llvm-dbe362.o(.text._LCD_FillRect)
 <LI><a href="#[c0]">_LCD_GetpPalConvTable</a> from lto-llvm-dbe362.o(.text._LCD_GetpPalConvTable) referenced from lto-llvm-dbe362.o(.text.LCD_X_Config)
 <LI><a href="#[c2]">_LCD_MixColorsBulk</a> from lto-llvm-dbe362.o(.text._LCD_MixColorsBulk) referenced from lto-llvm-dbe362.o(.text.LCD_X_Config)
 <LI><a href="#[1a]">_Log2VisBuffered</a> from gui_charline.o(i._Log2VisBuffered) referenced 2 times from gui_charline.o(.data)
 <LI><a href="#[148]">_MULTIBUF_Begin</a> from wm_multibuf.o(i._MULTIBUF_Begin) referenced from wm_multibuf.o(.constdata)
 <LI><a href="#[149]">_MULTIBUF_End</a> from wm_multibuf.o(i._MULTIBUF_End) referenced from wm_multibuf.o(.constdata)
 <LI><a href="#[8]">_NextPixel_End</a> from gui_bmp.o(i._NextPixel_End) referenced 2 times from gui_bmp.o(.data)
 <LI><a href="#[7]">_NextPixel_NextLine</a> from gui_bmp.o(i._NextPixel_NextLine) referenced 2 times from gui_bmp.o(.data)
 <LI><a href="#[6]">_NextPixel_SetPixel</a> from gui_bmp.o(i._NextPixel_SetPixel) referenced 2 times from gui_bmp.o(.data)
 <LI><a href="#[5]">_NextPixel_Start</a> from gui_bmp.o(i._NextPixel_Start) referenced 2 times from gui_bmp.o(.data)
 <LI><a href="#[fb]">_Off</a> from guidrv_lin_16.o(i._Off) referenced 2 times from guidrv_lin_16.o(i._GetDevFunc)
 <LI><a href="#[fa]">_On</a> from guidrv_lin_16.o(i._On) referenced 2 times from guidrv_lin_16.o(i._GetDevFunc)
 <LI><a href="#[e0]">_OnExit</a> from gui_multibuf.o(i._OnExit) referenced from gui_multibuf.o(i.GUI_MULTIBUF_ConfigEx)
 <LI><a href="#[e1]">_OnExit</a> from gui_pid.o(i._OnExit) referenced from gui_pid.o(i.GUI_PID_StoreState)
 <LI><a href="#[e4]">_OnExit</a> from gui_timer.o(i._OnExit) referenced from gui_timer.o(i.GUI_TIMER_Create)
 <LI><a href="#[e5]">_OnExit</a> from gui_core.o(i._OnExit) referenced from gui_core.o(i.GUI__Config)
 <LI><a href="#[e8]">_OnExit</a> from gui__alpha.o(i._OnExit) referenced from gui__alpha.o(i.GUI__GetAlphaBuffer)
 <LI><a href="#[e9]">_OnExit</a> from lcd_color.o(i._OnExit) referenced from lcd_color.o(i.LCD_InitColors)
 <LI><a href="#[ed]">_OnExit</a> from wm.o(i._OnExit) referenced from wm.o(i.WM_Init)
 <LI><a href="#[13]">_OnTouchDefault</a> from button.o(i._OnTouchDefault) referenced 2 times from button.o(.data)
 <LI><a href="#[1d]">_Paint</a> from button_skin.o(i._Paint) referenced 6 times from button_skin.o(.data)
 <LI><a href="#[b]">_QR_Mask0</a> from gui_qr.o(i._QR_Mask0) referenced 2 times from gui_qr.o(.data)
 <LI><a href="#[c]">_QR_Mask1</a> from gui_qr.o(i._QR_Mask1) referenced 2 times from gui_qr.o(.data)
 <LI><a href="#[d]">_QR_Mask2</a> from gui_qr.o(i._QR_Mask2) referenced 2 times from gui_qr.o(.data)
 <LI><a href="#[e]">_QR_Mask3</a> from gui_qr.o(i._QR_Mask3) referenced 2 times from gui_qr.o(.data)
 <LI><a href="#[f]">_QR_Mask4</a> from gui_qr.o(i._QR_Mask4) referenced 2 times from gui_qr.o(.data)
 <LI><a href="#[10]">_QR_Mask5</a> from gui_qr.o(i._QR_Mask5) referenced 2 times from gui_qr.o(.data)
 <LI><a href="#[11]">_QR_Mask6</a> from gui_qr.o(i._QR_Mask6) referenced 2 times from gui_qr.o(.data)
 <LI><a href="#[12]">_QR_Mask7</a> from gui_qr.o(i._QR_Mask7) referenced 2 times from gui_qr.o(.data)
 <LI><a href="#[102]">_ReadRect</a> from guidrv_lin_16.o(i._ReadRect) referenced 2 times from guidrv_lin_16.o(i._GetDevFunc)
 <LI><a href="#[f7]">_SetAlpha</a> from guidrv_lin_16.o(i._SetAlpha) referenced 2 times from guidrv_lin_16.o(i._GetDevFunc)
 <LI><a href="#[fc]">_SetAlphaMode</a> from guidrv_lin_16.o(i._SetAlphaMode) referenced 2 times from guidrv_lin_16.o(i._GetDevFunc)
 <LI><a href="#[12a]">_SetBkColor</a> from lcd.o(i._SetBkColor) referenced from lcd.o(.constdata)
 <LI><a href="#[fe]">_SetChroma</a> from guidrv_lin_16.o(i._SetChroma) referenced 2 times from guidrv_lin_16.o(i._GetDevFunc)
 <LI><a href="#[fd]">_SetChromaMode</a> from guidrv_lin_16.o(i._SetChromaMode) referenced 2 times from guidrv_lin_16.o(i._GetDevFunc)
 <LI><a href="#[129]">_SetColor</a> from lcd.o(i._SetColor) referenced from lcd.o(.constdata)
 <LI><a href="#[101]">_SetDevFunc</a> from guidrv_lin_16.o(i._SetDevFunc) referenced 2 times from guidrv_lin_16.o(i._GetDevFunc)
 <LI><a href="#[12b]">_SetDrawMode</a> from lcd.o(i._SetDrawMode) referenced from lcd.o(.constdata)
 <LI><a href="#[133]">_SetOrg</a> from guidrv_lin_16.o(i._SetOrg) referenced 4 times from guidrv_lin_16.o(.constdata)
 <LI><a href="#[a]">_SetPixelAlpha</a> from gui_drawbitmap_8888.o(i._SetPixelAlpha) referenced 2 times from gui_drawbitmap_8888.o(.data)
 <LI><a href="#[131]">_SetPixelIndex</a> from guidrv_lin_16.o(i._SetPixelIndex) referenced 4 times from guidrv_lin_16.o(.constdata)
 <LI><a href="#[f5]">_SetPos</a> from guidrv_lin_16.o(i._SetPos) referenced 2 times from guidrv_lin_16.o(i._GetDevFunc)
 <LI><a href="#[f4]">_SetSize</a> from guidrv_lin_16.o(i._SetSize) referenced 2 times from guidrv_lin_16.o(i._GetDevFunc)
 <LI><a href="#[f2]">_SetVRAMAddr</a> from guidrv_lin_16.o(i._SetVRAMAddr) referenced 2 times from guidrv_lin_16.o(i._GetDevFunc)
 <LI><a href="#[f3]">_SetVSize</a> from guidrv_lin_16.o(i._SetVSize) referenced 2 times from guidrv_lin_16.o(i._GetDevFunc)
 <LI><a href="#[f8]">_SetVis</a> from guidrv_lin_16.o(i._SetVis) referenced 2 times from guidrv_lin_16.o(i._GetDevFunc)
 <LI><a href="#[100]">_ShowBuffer</a> from guidrv_lin_16.o(i._ShowBuffer) referenced 2 times from guidrv_lin_16.o(i._GetDevFunc)
 <LI><a href="#[dd]">_UpdateBuffer</a> from editdec.o(i._UpdateBuffer) referenced from editdec.o(i.EDIT_SetDecMode)
 <LI><a href="#[132]">_XorPixel</a> from guidrv_lin_16.o(i._XorPixel) referenced 4 times from guidrv_lin_16.o(.constdata)
 <LI><a href="#[93]">__main</a> from entry.o(.ARM.Collect$$$$00000000) referenced from startup_stm32f746xx.o(.text)
 <LI><a href="#[ec]">_cbBackWin</a> from wm.o(i._cbBackWin) referenced from wm.o(i.WM_Init)
 <LI><a href="#[ef]">_cbInvalidateOne</a> from wm_bringtotop.o(i._cbInvalidateOne) referenced from wm_bringtotop.o(i._BringToTop)
 <LI><a href="#[ee]">_cbPaintMemDev</a> from wm.o(i._cbPaintMemDev) referenced from wm.o(i.WM__Paint)
 <LI><a href="#[eb]">_cbTimer</a> from wm_timer.o(i._cbTimer) referenced from wm_timer.o(i.WM_CreateTimer)
 <LI><a href="#[cd]">_free_fn</a> from lto-llvm-dbe362.o(.text._free_fn) referenced from lto-llvm-dbe362.o(.text.png_create_png_struct)
 <LI><a href="#[ce]">_malloc_fn</a> from lto-llvm-dbe362.o(.text._malloc_fn) referenced from lto-llvm-dbe362.o(.text.png_create_png_struct)
 <LI><a href="#[cf]">_png_cexcept_error</a> from lto-llvm-dbe362.o(.text._png_cexcept_error) referenced from lto-llvm-dbe362.o(.text.png_create_png_struct)
 <LI><a href="#[a4]">_png_read_data</a> from lto-llvm-dbe362.o(.text._png_read_data) referenced from lto-llvm-dbe362.o(.text.GUI_PNG_Draw)
 <LI><a href="#[d0]">longjmp</a> from setjmp.o(.text) referenced from lto-llvm-dbe362.o(.text.png_create_png_struct)
 <LI><a href="#[d0]">longjmp</a> from setjmp.o(.text) referenced from lto-llvm-dbe362.o(.text.png_free_jmpbuf)
 <LI><a href="#[91]">main</a> from lto-llvm-dbe362.o(.text.main) referenced from entry9a.o(.ARM.Collect$$$$0000000B)
 <LI><a href="#[c7]">mem_cpy</a> from lto-llvm-dbe362.o(.text.mem_cpy) referenced from lto-llvm-dbe362.o(.text.UART_Receive_IT)
 <LI><a href="#[c7]">mem_cpy</a> from lto-llvm-dbe362.o(.text.mem_cpy) referenced from lto-llvm-dbe362.o(.text.main)
 <LI><a href="#[3]">memcpy</a> from memmove.o(.text) referenced 2 times from gui__private.o(.data)
 <LI><a href="#[2]">memset</a> from memseta.o(.text) referenced 2 times from gui__private.o(.data)
 <LI><a href="#[d3]">png_free</a> from lto-llvm-dbe362.o(.text.png_free) referenced from lto-llvm-dbe362.o(.text.png_destroy_read_struct)
 <LI><a href="#[d8]">png_gamma_8bit_correct</a> from lto-llvm-dbe362.o(.text.png_gamma_8bit_correct) referenced from lto-llvm-dbe362.o(.text.png_read_start_row)
 <LI><a href="#[d7]">png_gamma_correct</a> from lto-llvm-dbe362.o(.text.png_gamma_correct) referenced from lto-llvm-dbe362.o(.text.png_read_start_row)
 <LI><a href="#[d4]">png_get_fixed_point</a> from lto-llvm-dbe362.o(.text.png_get_fixed_point) referenced from lto-llvm-dbe362.o(.text.png_handle_cHRM)
 <LI><a href="#[a5]">png_read_filter_row_avg</a> from lto-llvm-dbe362.o(.text.png_read_filter_row_avg) referenced from lto-llvm-dbe362.o(.text.GUI_PNG_Draw)
 <LI><a href="#[a8]">png_read_filter_row_paeth_1byte_pixel</a> from lto-llvm-dbe362.o(.text.png_read_filter_row_paeth_1byte_pixel) referenced from lto-llvm-dbe362.o(.text.GUI_PNG_Draw)
 <LI><a href="#[a9]">png_read_filter_row_paeth_multibyte_pixel</a> from lto-llvm-dbe362.o(.text.png_read_filter_row_paeth_multibyte_pixel) referenced from lto-llvm-dbe362.o(.text.GUI_PNG_Draw)
 <LI><a href="#[a7]">png_read_filter_row_sub</a> from lto-llvm-dbe362.o(.text.png_read_filter_row_sub) referenced from lto-llvm-dbe362.o(.text.GUI_PNG_Draw)
 <LI><a href="#[a6]">png_read_filter_row_up</a> from lto-llvm-dbe362.o(.text.png_read_filter_row_up) referenced from lto-llvm-dbe362.o(.text.GUI_PNG_Draw)
 <LI><a href="#[d5]">png_reciprocal</a> from lto-llvm-dbe362.o(.text.png_reciprocal) referenced from lto-llvm-dbe362.o(.text.png_handle_cHRM)
 <LI><a href="#[d6]">png_safecat</a> from lto-llvm-dbe362.o(.text.png_safecat) referenced from lto-llvm-dbe362.o(.text.png_icc_profile_error)
 <LI><a href="#[d2]">png_zalloc</a> from lto-llvm-dbe362.o(.text.png_zalloc) referenced from lto-llvm-dbe362.o(.text.png_create_png_struct)
 <LI><a href="#[d1]">png_zfree</a> from lto-llvm-dbe362.o(.text.png_zfree) referenced from lto-llvm-dbe362.o(.text.png_create_png_struct)
</UL>
<P>
<H3>
Global Symbols
</H3>
<P><STRONG><a name="[93]"></a>__main</STRONG> (Thumb, 0 bytes, Stack size unknown bytes, entry.o(.ARM.Collect$$$$00000000))
<BR>[Address Reference Count : 1]<UL><LI> startup_stm32f746xx.o(.text)
</UL>
<P><STRONG><a name="[4f4]"></a>_main_stk</STRONG> (Thumb, 0 bytes, Stack size unknown bytes, entry2.o(.ARM.Collect$$$$00000001))

<P><STRONG><a name="[183]"></a>_main_scatterload</STRONG> (Thumb, 0 bytes, Stack size unknown bytes, entry5.o(.ARM.Collect$$$$00000004))
<BR><BR>[Calls]<UL><LI><a href="#[184]">&gt;&gt;</a>&nbsp;&nbsp;&nbsp;__scatterload
</UL>

<P><STRONG><a name="[198]"></a>__main_after_scatterload</STRONG> (Thumb, 0 bytes, Stack size unknown bytes, entry5.o(.ARM.Collect$$$$00000004))
<BR><BR>[Called By]<UL><LI><a href="#[184]">&gt;&gt;</a>&nbsp;&nbsp;&nbsp;__scatterload
</UL>

<P><STRONG><a name="[4f5]"></a>_main_clock</STRONG> (Thumb, 0 bytes, Stack size unknown bytes, entry7b.o(.ARM.Collect$$$$00000008))

<P><STRONG><a name="[4f6]"></a>_main_cpp_init</STRONG> (Thumb, 0 bytes, Stack size unknown bytes, entry8b.o(.ARM.Collect$$$$0000000A))

<P><STRONG><a name="[4f7]"></a>_main_init</STRONG> (Thumb, 0 bytes, Stack size unknown bytes, entry9a.o(.ARM.Collect$$$$0000000B))

<P><STRONG><a name="[4f8]"></a>__rt_final_cpp</STRONG> (Thumb, 0 bytes, Stack size unknown bytes, entry10a.o(.ARM.Collect$$$$0000000D))

<P><STRONG><a name="[4f9]"></a>__rt_final_exit</STRONG> (Thumb, 0 bytes, Stack size unknown bytes, entry11a.o(.ARM.Collect$$$$0000000F))

<P><STRONG><a name="[26]"></a>Reset_Handler</STRONG> (Thumb, 8 bytes, Stack size 0 bytes, startup_stm32f746xx.o(.text))
<BR>[Address Reference Count : 1]<UL><LI> startup_stm32f746xx.o(RESET)
</UL>
<P><STRONG><a name="[2c]"></a>SVC_Handler</STRONG> (Thumb, 2 bytes, Stack size 0 bytes, startup_stm32f746xx.o(.text))
<BR><BR>[Calls]<UL><LI><a href="#[2c]">&gt;&gt;</a>&nbsp;&nbsp;&nbsp;SVC_Handler
</UL>
<BR>[Called By]<UL><LI><a href="#[2c]">&gt;&gt;</a>&nbsp;&nbsp;&nbsp;SVC_Handler
</UL>
<BR>[Address Reference Count : 1]<UL><LI> startup_stm32f746xx.o(RESET)
</UL>
<P><STRONG><a name="[2e]"></a>PendSV_Handler</STRONG> (Thumb, 2 bytes, Stack size 0 bytes, startup_stm32f746xx.o(.text))
<BR><BR>[Calls]<UL><LI><a href="#[2e]">&gt;&gt;</a>&nbsp;&nbsp;&nbsp;PendSV_Handler
</UL>
<BR>[Called By]<UL><LI><a href="#[2e]">&gt;&gt;</a>&nbsp;&nbsp;&nbsp;PendSV_Handler
</UL>
<BR>[Address Reference Count : 1]<UL><LI> startup_stm32f746xx.o(RESET)
</UL>
<P><STRONG><a name="[42]"></a>ADC_IRQHandler</STRONG> (Thumb, 0 bytes, Stack size 0 bytes, startup_stm32f746xx.o(.text))
<BR><BR>[Calls]<UL><LI><a href="#[42]">&gt;&gt;</a>&nbsp;&nbsp;&nbsp;ADC_IRQHandler
</UL>
<BR>[Called By]<UL><LI><a href="#[42]">&gt;&gt;</a>&nbsp;&nbsp;&nbsp;ADC_IRQHandler
</UL>
<BR>[Address Reference Count : 1]<UL><LI> startup_stm32f746xx.o(RESET)
</UL>
<P><STRONG><a name="[44]"></a>CAN1_RX0_IRQHandler</STRONG> (Thumb, 0 bytes, Stack size 0 bytes, startup_stm32f746xx.o(.text))
<BR>[Address Reference Count : 1]<UL><LI> startup_stm32f746xx.o(RESET)
</UL>
<P><STRONG><a name="[45]"></a>CAN1_RX1_IRQHandler</STRONG> (Thumb, 0 bytes, Stack size 0 bytes, startup_stm32f746xx.o(.text))
<BR>[Address Reference Count : 1]<UL><LI> startup_stm32f746xx.o(RESET)
</UL>
<P><STRONG><a name="[46]"></a>CAN1_SCE_IRQHandler</STRONG> (Thumb, 0 bytes, Stack size 0 bytes, startup_stm32f746xx.o(.text))
<BR>[Address Reference Count : 1]<UL><LI> startup_stm32f746xx.o(RESET)
</UL>
<P><STRONG><a name="[43]"></a>CAN1_TX_IRQHandler</STRONG> (Thumb, 0 bytes, Stack size 0 bytes, startup_stm32f746xx.o(.text))
<BR>[Address Reference Count : 1]<UL><LI> startup_stm32f746xx.o(RESET)
</UL>
<P><STRONG><a name="[70]"></a>CAN2_RX0_IRQHandler</STRONG> (Thumb, 0 bytes, Stack size 0 bytes, startup_stm32f746xx.o(.text))
<BR>[Address Reference Count : 1]<UL><LI> startup_stm32f746xx.o(RESET)
</UL>
<P><STRONG><a name="[71]"></a>CAN2_RX1_IRQHandler</STRONG> (Thumb, 0 bytes, Stack size 0 bytes, startup_stm32f746xx.o(.text))
<BR>[Address Reference Count : 1]<UL><LI> startup_stm32f746xx.o(RESET)
</UL>
<P><STRONG><a name="[72]"></a>CAN2_SCE_IRQHandler</STRONG> (Thumb, 0 bytes, Stack size 0 bytes, startup_stm32f746xx.o(.text))
<BR>[Address Reference Count : 1]<UL><LI> startup_stm32f746xx.o(RESET)
</UL>
<P><STRONG><a name="[6f]"></a>CAN2_TX_IRQHandler</STRONG> (Thumb, 0 bytes, Stack size 0 bytes, startup_stm32f746xx.o(.text))
<BR>[Address Reference Count : 1]<UL><LI> startup_stm32f746xx.o(RESET)
</UL>
<P><STRONG><a name="[8d]"></a>CEC_IRQHandler</STRONG> (Thumb, 0 bytes, Stack size 0 bytes, startup_stm32f746xx.o(.text))
<BR>[Address Reference Count : 1]<UL><LI> startup_stm32f746xx.o(RESET)
</UL>
<P><STRONG><a name="[7e]"></a>DCMI_IRQHandler</STRONG> (Thumb, 0 bytes, Stack size 0 bytes, startup_stm32f746xx.o(.text))
<BR>[Address Reference Count : 1]<UL><LI> startup_stm32f746xx.o(RESET)
</UL>
<P><STRONG><a name="[3b]"></a>DMA1_Stream0_IRQHandler</STRONG> (Thumb, 0 bytes, Stack size 0 bytes, startup_stm32f746xx.o(.text))
<BR>[Address Reference Count : 1]<UL><LI> startup_stm32f746xx.o(RESET)
</UL>
<P><STRONG><a name="[3c]"></a>DMA1_Stream1_IRQHandler</STRONG> (Thumb, 0 bytes, Stack size 0 bytes, startup_stm32f746xx.o(.text))
<BR>[Address Reference Count : 1]<UL><LI> startup_stm32f746xx.o(RESET)
</UL>
<P><STRONG><a name="[3d]"></a>DMA1_Stream2_IRQHandler</STRONG> (Thumb, 0 bytes, Stack size 0 bytes, startup_stm32f746xx.o(.text))
<BR>[Address Reference Count : 1]<UL><LI> startup_stm32f746xx.o(RESET)
</UL>
<P><STRONG><a name="[3e]"></a>DMA1_Stream3_IRQHandler</STRONG> (Thumb, 0 bytes, Stack size 0 bytes, startup_stm32f746xx.o(.text))
<BR>[Address Reference Count : 1]<UL><LI> startup_stm32f746xx.o(RESET)
</UL>
<P><STRONG><a name="[3f]"></a>DMA1_Stream4_IRQHandler</STRONG> (Thumb, 0 bytes, Stack size 0 bytes, startup_stm32f746xx.o(.text))
<BR>[Address Reference Count : 1]<UL><LI> startup_stm32f746xx.o(RESET)
</UL>
<P><STRONG><a name="[40]"></a>DMA1_Stream5_IRQHandler</STRONG> (Thumb, 0 bytes, Stack size 0 bytes, startup_stm32f746xx.o(.text))
<BR>[Address Reference Count : 1]<UL><LI> startup_stm32f746xx.o(RESET)
</UL>
<P><STRONG><a name="[41]"></a>DMA1_Stream6_IRQHandler</STRONG> (Thumb, 0 bytes, Stack size 0 bytes, startup_stm32f746xx.o(.text))
<BR>[Address Reference Count : 1]<UL><LI> startup_stm32f746xx.o(RESET)
</UL>
<P><STRONG><a name="[5f]"></a>DMA1_Stream7_IRQHandler</STRONG> (Thumb, 0 bytes, Stack size 0 bytes, startup_stm32f746xx.o(.text))
<BR>[Address Reference Count : 1]<UL><LI> startup_stm32f746xx.o(RESET)
</UL>
<P><STRONG><a name="[68]"></a>DMA2_Stream0_IRQHandler</STRONG> (Thumb, 0 bytes, Stack size 0 bytes, startup_stm32f746xx.o(.text))
<BR>[Address Reference Count : 1]<UL><LI> startup_stm32f746xx.o(RESET)
</UL>
<P><STRONG><a name="[69]"></a>DMA2_Stream1_IRQHandler</STRONG> (Thumb, 0 bytes, Stack size 0 bytes, startup_stm32f746xx.o(.text))
<BR>[Address Reference Count : 1]<UL><LI> startup_stm32f746xx.o(RESET)
</UL>
<P><STRONG><a name="[6a]"></a>DMA2_Stream2_IRQHandler</STRONG> (Thumb, 0 bytes, Stack size 0 bytes, startup_stm32f746xx.o(.text))
<BR>[Address Reference Count : 1]<UL><LI> startup_stm32f746xx.o(RESET)
</UL>
<P><STRONG><a name="[6b]"></a>DMA2_Stream3_IRQHandler</STRONG> (Thumb, 0 bytes, Stack size 0 bytes, startup_stm32f746xx.o(.text))
<BR>[Address Reference Count : 1]<UL><LI> startup_stm32f746xx.o(RESET)
</UL>
<P><STRONG><a name="[6c]"></a>DMA2_Stream4_IRQHandler</STRONG> (Thumb, 0 bytes, Stack size 0 bytes, startup_stm32f746xx.o(.text))
<BR>[Address Reference Count : 1]<UL><LI> startup_stm32f746xx.o(RESET)
</UL>
<P><STRONG><a name="[74]"></a>DMA2_Stream5_IRQHandler</STRONG> (Thumb, 0 bytes, Stack size 0 bytes, startup_stm32f746xx.o(.text))
<BR>[Address Reference Count : 1]<UL><LI> startup_stm32f746xx.o(RESET)
</UL>
<P><STRONG><a name="[75]"></a>DMA2_Stream6_IRQHandler</STRONG> (Thumb, 0 bytes, Stack size 0 bytes, startup_stm32f746xx.o(.text))
<BR>[Address Reference Count : 1]<UL><LI> startup_stm32f746xx.o(RESET)
</UL>
<P><STRONG><a name="[76]"></a>DMA2_Stream7_IRQHandler</STRONG> (Thumb, 0 bytes, Stack size 0 bytes, startup_stm32f746xx.o(.text))
<BR>[Address Reference Count : 1]<UL><LI> startup_stm32f746xx.o(RESET)
</UL>
<P><STRONG><a name="[6d]"></a>ETH_IRQHandler</STRONG> (Thumb, 0 bytes, Stack size 0 bytes, startup_stm32f746xx.o(.text))
<BR>[Address Reference Count : 1]<UL><LI> startup_stm32f746xx.o(RESET)
</UL>
<P><STRONG><a name="[6e]"></a>ETH_WKUP_IRQHandler</STRONG> (Thumb, 0 bytes, Stack size 0 bytes, startup_stm32f746xx.o(.text))
<BR>[Address Reference Count : 1]<UL><LI> startup_stm32f746xx.o(RESET)
</UL>
<P><STRONG><a name="[36]"></a>EXTI0_IRQHandler</STRONG> (Thumb, 0 bytes, Stack size 0 bytes, startup_stm32f746xx.o(.text))
<BR>[Address Reference Count : 1]<UL><LI> startup_stm32f746xx.o(RESET)
</UL>
<P><STRONG><a name="[58]"></a>EXTI15_10_IRQHandler</STRONG> (Thumb, 0 bytes, Stack size 0 bytes, startup_stm32f746xx.o(.text))
<BR>[Address Reference Count : 1]<UL><LI> startup_stm32f746xx.o(RESET)
</UL>
<P><STRONG><a name="[37]"></a>EXTI1_IRQHandler</STRONG> (Thumb, 0 bytes, Stack size 0 bytes, startup_stm32f746xx.o(.text))
<BR>[Address Reference Count : 1]<UL><LI> startup_stm32f746xx.o(RESET)
</UL>
<P><STRONG><a name="[38]"></a>EXTI2_IRQHandler</STRONG> (Thumb, 0 bytes, Stack size 0 bytes, startup_stm32f746xx.o(.text))
<BR>[Address Reference Count : 1]<UL><LI> startup_stm32f746xx.o(RESET)
</UL>
<P><STRONG><a name="[39]"></a>EXTI3_IRQHandler</STRONG> (Thumb, 0 bytes, Stack size 0 bytes, startup_stm32f746xx.o(.text))
<BR>[Address Reference Count : 1]<UL><LI> startup_stm32f746xx.o(RESET)
</UL>
<P><STRONG><a name="[3a]"></a>EXTI4_IRQHandler</STRONG> (Thumb, 0 bytes, Stack size 0 bytes, startup_stm32f746xx.o(.text))
<BR>[Address Reference Count : 1]<UL><LI> startup_stm32f746xx.o(RESET)
</UL>
<P><STRONG><a name="[47]"></a>EXTI9_5_IRQHandler</STRONG> (Thumb, 0 bytes, Stack size 0 bytes, startup_stm32f746xx.o(.text))
<BR>[Address Reference Count : 1]<UL><LI> startup_stm32f746xx.o(RESET)
</UL>
<P><STRONG><a name="[34]"></a>FLASH_IRQHandler</STRONG> (Thumb, 0 bytes, Stack size 0 bytes, startup_stm32f746xx.o(.text))
<BR>[Address Reference Count : 1]<UL><LI> startup_stm32f746xx.o(RESET)
</UL>
<P><STRONG><a name="[60]"></a>FMC_IRQHandler</STRONG> (Thumb, 0 bytes, Stack size 0 bytes, startup_stm32f746xx.o(.text))
<BR>[Address Reference Count : 1]<UL><LI> startup_stm32f746xx.o(RESET)
</UL>
<P><STRONG><a name="[80]"></a>FPU_IRQHandler</STRONG> (Thumb, 0 bytes, Stack size 0 bytes, startup_stm32f746xx.o(.text))
<BR>[Address Reference Count : 1]<UL><LI> startup_stm32f746xx.o(RESET)
</UL>
<P><STRONG><a name="[50]"></a>I2C1_ER_IRQHandler</STRONG> (Thumb, 0 bytes, Stack size 0 bytes, startup_stm32f746xx.o(.text))
<BR>[Address Reference Count : 1]<UL><LI> startup_stm32f746xx.o(RESET)
</UL>
<P><STRONG><a name="[4f]"></a>I2C1_EV_IRQHandler</STRONG> (Thumb, 0 bytes, Stack size 0 bytes, startup_stm32f746xx.o(.text))
<BR>[Address Reference Count : 1]<UL><LI> startup_stm32f746xx.o(RESET)
</UL>
<P><STRONG><a name="[52]"></a>I2C2_ER_IRQHandler</STRONG> (Thumb, 0 bytes, Stack size 0 bytes, startup_stm32f746xx.o(.text))
<BR>[Address Reference Count : 1]<UL><LI> startup_stm32f746xx.o(RESET)
</UL>
<P><STRONG><a name="[51]"></a>I2C2_EV_IRQHandler</STRONG> (Thumb, 0 bytes, Stack size 0 bytes, startup_stm32f746xx.o(.text))
<BR>[Address Reference Count : 1]<UL><LI> startup_stm32f746xx.o(RESET)
</UL>
<P><STRONG><a name="[79]"></a>I2C3_ER_IRQHandler</STRONG> (Thumb, 0 bytes, Stack size 0 bytes, startup_stm32f746xx.o(.text))
<BR>[Address Reference Count : 1]<UL><LI> startup_stm32f746xx.o(RESET)
</UL>
<P><STRONG><a name="[78]"></a>I2C3_EV_IRQHandler</STRONG> (Thumb, 0 bytes, Stack size 0 bytes, startup_stm32f746xx.o(.text))
<BR>[Address Reference Count : 1]<UL><LI> startup_stm32f746xx.o(RESET)
</UL>
<P><STRONG><a name="[8f]"></a>I2C4_ER_IRQHandler</STRONG> (Thumb, 0 bytes, Stack size 0 bytes, startup_stm32f746xx.o(.text))
<BR>[Address Reference Count : 1]<UL><LI> startup_stm32f746xx.o(RESET)
</UL>
<P><STRONG><a name="[8e]"></a>I2C4_EV_IRQHandler</STRONG> (Thumb, 0 bytes, Stack size 0 bytes, startup_stm32f746xx.o(.text))
<BR>[Address Reference Count : 1]<UL><LI> startup_stm32f746xx.o(RESET)
</UL>
<P><STRONG><a name="[8c]"></a>LPTIM1_IRQHandler</STRONG> (Thumb, 0 bytes, Stack size 0 bytes, startup_stm32f746xx.o(.text))
<BR>[Address Reference Count : 1]<UL><LI> startup_stm32f746xx.o(RESET)
</UL>
<P><STRONG><a name="[88]"></a>LTDC_ER_IRQHandler</STRONG> (Thumb, 0 bytes, Stack size 0 bytes, startup_stm32f746xx.o(.text))
<BR>[Address Reference Count : 1]<UL><LI> startup_stm32f746xx.o(RESET)
</UL>
<P><STRONG><a name="[73]"></a>OTG_FS_IRQHandler</STRONG> (Thumb, 0 bytes, Stack size 0 bytes, startup_stm32f746xx.o(.text))
<BR>[Address Reference Count : 1]<UL><LI> startup_stm32f746xx.o(RESET)
</UL>
<P><STRONG><a name="[5a]"></a>OTG_FS_WKUP_IRQHandler</STRONG> (Thumb, 0 bytes, Stack size 0 bytes, startup_stm32f746xx.o(.text))
<BR>[Address Reference Count : 1]<UL><LI> startup_stm32f746xx.o(RESET)
</UL>
<P><STRONG><a name="[7b]"></a>OTG_HS_EP1_IN_IRQHandler</STRONG> (Thumb, 0 bytes, Stack size 0 bytes, startup_stm32f746xx.o(.text))
<BR>[Address Reference Count : 1]<UL><LI> startup_stm32f746xx.o(RESET)
</UL>
<P><STRONG><a name="[7a]"></a>OTG_HS_EP1_OUT_IRQHandler</STRONG> (Thumb, 0 bytes, Stack size 0 bytes, startup_stm32f746xx.o(.text))
<BR>[Address Reference Count : 1]<UL><LI> startup_stm32f746xx.o(RESET)
</UL>
<P><STRONG><a name="[7d]"></a>OTG_HS_IRQHandler</STRONG> (Thumb, 0 bytes, Stack size 0 bytes, startup_stm32f746xx.o(.text))
<BR>[Address Reference Count : 1]<UL><LI> startup_stm32f746xx.o(RESET)
</UL>
<P><STRONG><a name="[7c]"></a>OTG_HS_WKUP_IRQHandler</STRONG> (Thumb, 0 bytes, Stack size 0 bytes, startup_stm32f746xx.o(.text))
<BR>[Address Reference Count : 1]<UL><LI> startup_stm32f746xx.o(RESET)
</UL>
<P><STRONG><a name="[31]"></a>PVD_IRQHandler</STRONG> (Thumb, 0 bytes, Stack size 0 bytes, startup_stm32f746xx.o(.text))
<BR>[Address Reference Count : 1]<UL><LI> startup_stm32f746xx.o(RESET)
</UL>
<P><STRONG><a name="[35]"></a>RCC_IRQHandler</STRONG> (Thumb, 0 bytes, Stack size 0 bytes, startup_stm32f746xx.o(.text))
<BR>[Address Reference Count : 1]<UL><LI> startup_stm32f746xx.o(RESET)
</UL>
<P><STRONG><a name="[7f]"></a>RNG_IRQHandler</STRONG> (Thumb, 0 bytes, Stack size 0 bytes, startup_stm32f746xx.o(.text))
<BR>[Address Reference Count : 1]<UL><LI> startup_stm32f746xx.o(RESET)
</UL>
<P><STRONG><a name="[59]"></a>RTC_Alarm_IRQHandler</STRONG> (Thumb, 0 bytes, Stack size 0 bytes, startup_stm32f746xx.o(.text))
<BR>[Address Reference Count : 1]<UL><LI> startup_stm32f746xx.o(RESET)
</UL>
<P><STRONG><a name="[33]"></a>RTC_WKUP_IRQHandler</STRONG> (Thumb, 0 bytes, Stack size 0 bytes, startup_stm32f746xx.o(.text))
<BR>[Address Reference Count : 1]<UL><LI> startup_stm32f746xx.o(RESET)
</UL>
<P><STRONG><a name="[86]"></a>SAI1_IRQHandler</STRONG> (Thumb, 0 bytes, Stack size 0 bytes, startup_stm32f746xx.o(.text))
<BR>[Address Reference Count : 1]<UL><LI> startup_stm32f746xx.o(RESET)
</UL>
<P><STRONG><a name="[8a]"></a>SAI2_IRQHandler</STRONG> (Thumb, 0 bytes, Stack size 0 bytes, startup_stm32f746xx.o(.text))
<BR>[Address Reference Count : 1]<UL><LI> startup_stm32f746xx.o(RESET)
</UL>
<P><STRONG><a name="[61]"></a>SDMMC1_IRQHandler</STRONG> (Thumb, 0 bytes, Stack size 0 bytes, startup_stm32f746xx.o(.text))
<BR>[Address Reference Count : 1]<UL><LI> startup_stm32f746xx.o(RESET)
</UL>
<P><STRONG><a name="[90]"></a>SPDIF_RX_IRQHandler</STRONG> (Thumb, 0 bytes, Stack size 0 bytes, startup_stm32f746xx.o(.text))
<BR>[Address Reference Count : 1]<UL><LI> startup_stm32f746xx.o(RESET)
</UL>
<P><STRONG><a name="[53]"></a>SPI1_IRQHandler</STRONG> (Thumb, 0 bytes, Stack size 0 bytes, startup_stm32f746xx.o(.text))
<BR>[Address Reference Count : 1]<UL><LI> startup_stm32f746xx.o(RESET)
</UL>
<P><STRONG><a name="[54]"></a>SPI2_IRQHandler</STRONG> (Thumb, 0 bytes, Stack size 0 bytes, startup_stm32f746xx.o(.text))
<BR>[Address Reference Count : 1]<UL><LI> startup_stm32f746xx.o(RESET)
</UL>
<P><STRONG><a name="[63]"></a>SPI3_IRQHandler</STRONG> (Thumb, 0 bytes, Stack size 0 bytes, startup_stm32f746xx.o(.text))
<BR>[Address Reference Count : 1]<UL><LI> startup_stm32f746xx.o(RESET)
</UL>
<P><STRONG><a name="[83]"></a>SPI4_IRQHandler</STRONG> (Thumb, 0 bytes, Stack size 0 bytes, startup_stm32f746xx.o(.text))
<BR>[Address Reference Count : 1]<UL><LI> startup_stm32f746xx.o(RESET)
</UL>
<P><STRONG><a name="[84]"></a>SPI5_IRQHandler</STRONG> (Thumb, 0 bytes, Stack size 0 bytes, startup_stm32f746xx.o(.text))
<BR>[Address Reference Count : 1]<UL><LI> startup_stm32f746xx.o(RESET)
</UL>
<P><STRONG><a name="[85]"></a>SPI6_IRQHandler</STRONG> (Thumb, 0 bytes, Stack size 0 bytes, startup_stm32f746xx.o(.text))
<BR>[Address Reference Count : 1]<UL><LI> startup_stm32f746xx.o(RESET)
</UL>
<P><STRONG><a name="[32]"></a>TAMP_STAMP_IRQHandler</STRONG> (Thumb, 0 bytes, Stack size 0 bytes, startup_stm32f746xx.o(.text))
<BR>[Address Reference Count : 1]<UL><LI> startup_stm32f746xx.o(RESET)
</UL>
<P><STRONG><a name="[48]"></a>TIM1_BRK_TIM9_IRQHandler</STRONG> (Thumb, 0 bytes, Stack size 0 bytes, startup_stm32f746xx.o(.text))
<BR>[Address Reference Count : 1]<UL><LI> startup_stm32f746xx.o(RESET)
</UL>
<P><STRONG><a name="[4b]"></a>TIM1_CC_IRQHandler</STRONG> (Thumb, 0 bytes, Stack size 0 bytes, startup_stm32f746xx.o(.text))
<BR>[Address Reference Count : 1]<UL><LI> startup_stm32f746xx.o(RESET)
</UL>
<P><STRONG><a name="[4a]"></a>TIM1_TRG_COM_TIM11_IRQHandler</STRONG> (Thumb, 0 bytes, Stack size 0 bytes, startup_stm32f746xx.o(.text))
<BR>[Address Reference Count : 1]<UL><LI> startup_stm32f746xx.o(RESET)
</UL>
<P><STRONG><a name="[49]"></a>TIM1_UP_TIM10_IRQHandler</STRONG> (Thumb, 0 bytes, Stack size 0 bytes, startup_stm32f746xx.o(.text))
<BR>[Address Reference Count : 1]<UL><LI> startup_stm32f746xx.o(RESET)
</UL>
<P><STRONG><a name="[4c]"></a>TIM2_IRQHandler</STRONG> (Thumb, 0 bytes, Stack size 0 bytes, startup_stm32f746xx.o(.text))
<BR>[Address Reference Count : 1]<UL><LI> startup_stm32f746xx.o(RESET)
</UL>
<P><STRONG><a name="[4d]"></a>TIM3_IRQHandler</STRONG> (Thumb, 0 bytes, Stack size 0 bytes, startup_stm32f746xx.o(.text))
<BR>[Address Reference Count : 1]<UL><LI> startup_stm32f746xx.o(RESET)
</UL>
<P><STRONG><a name="[4e]"></a>TIM4_IRQHandler</STRONG> (Thumb, 0 bytes, Stack size 0 bytes, startup_stm32f746xx.o(.text))
<BR>[Address Reference Count : 1]<UL><LI> startup_stm32f746xx.o(RESET)
</UL>
<P><STRONG><a name="[62]"></a>TIM5_IRQHandler</STRONG> (Thumb, 0 bytes, Stack size 0 bytes, startup_stm32f746xx.o(.text))
<BR>[Address Reference Count : 1]<UL><LI> startup_stm32f746xx.o(RESET)
</UL>
<P><STRONG><a name="[66]"></a>TIM6_DAC_IRQHandler</STRONG> (Thumb, 0 bytes, Stack size 0 bytes, startup_stm32f746xx.o(.text))
<BR>[Address Reference Count : 1]<UL><LI> startup_stm32f746xx.o(RESET)
</UL>
<P><STRONG><a name="[67]"></a>TIM7_IRQHandler</STRONG> (Thumb, 0 bytes, Stack size 0 bytes, startup_stm32f746xx.o(.text))
<BR>[Address Reference Count : 1]<UL><LI> startup_stm32f746xx.o(RESET)
</UL>
<P><STRONG><a name="[5b]"></a>TIM8_BRK_TIM12_IRQHandler</STRONG> (Thumb, 0 bytes, Stack size 0 bytes, startup_stm32f746xx.o(.text))
<BR>[Address Reference Count : 1]<UL><LI> startup_stm32f746xx.o(RESET)
</UL>
<P><STRONG><a name="[5e]"></a>TIM8_CC_IRQHandler</STRONG> (Thumb, 0 bytes, Stack size 0 bytes, startup_stm32f746xx.o(.text))
<BR>[Address Reference Count : 1]<UL><LI> startup_stm32f746xx.o(RESET)
</UL>
<P><STRONG><a name="[5d]"></a>TIM8_TRG_COM_TIM14_IRQHandler</STRONG> (Thumb, 0 bytes, Stack size 0 bytes, startup_stm32f746xx.o(.text))
<BR>[Address Reference Count : 1]<UL><LI> startup_stm32f746xx.o(RESET)
</UL>
<P><STRONG><a name="[5c]"></a>TIM8_UP_TIM13_IRQHandler</STRONG> (Thumb, 0 bytes, Stack size 0 bytes, startup_stm32f746xx.o(.text))
<BR>[Address Reference Count : 1]<UL><LI> startup_stm32f746xx.o(RESET)
</UL>
<P><STRONG><a name="[65]"></a>UART5_IRQHandler</STRONG> (Thumb, 0 bytes, Stack size 0 bytes, startup_stm32f746xx.o(.text))
<BR>[Address Reference Count : 1]<UL><LI> startup_stm32f746xx.o(RESET)
</UL>
<P><STRONG><a name="[81]"></a>UART7_IRQHandler</STRONG> (Thumb, 0 bytes, Stack size 0 bytes, startup_stm32f746xx.o(.text))
<BR>[Address Reference Count : 1]<UL><LI> startup_stm32f746xx.o(RESET)
</UL>
<P><STRONG><a name="[82]"></a>UART8_IRQHandler</STRONG> (Thumb, 0 bytes, Stack size 0 bytes, startup_stm32f746xx.o(.text))
<BR>[Address Reference Count : 1]<UL><LI> startup_stm32f746xx.o(RESET)
</UL>
<P><STRONG><a name="[57]"></a>USART3_IRQHandler</STRONG> (Thumb, 0 bytes, Stack size 0 bytes, startup_stm32f746xx.o(.text))
<BR>[Address Reference Count : 1]<UL><LI> startup_stm32f746xx.o(RESET)
</UL>
<P><STRONG><a name="[77]"></a>USART6_IRQHandler</STRONG> (Thumb, 0 bytes, Stack size 0 bytes, startup_stm32f746xx.o(.text))
<BR>[Address Reference Count : 1]<UL><LI> startup_stm32f746xx.o(RESET)
</UL>
<P><STRONG><a name="[30]"></a>WWDG_IRQHandler</STRONG> (Thumb, 0 bytes, Stack size 0 bytes, startup_stm32f746xx.o(.text))
<BR>[Address Reference Count : 1]<UL><LI> startup_stm32f746xx.o(RESET)
</UL>
<P><STRONG><a name="[4fa]"></a>___aeabi_memmove4$ret</STRONG> (Thumb, 0 bytes, Stack size 8 bytes, memmove.o(.text), UNUSED)

<P><STRONG><a name="[4fb]"></a>___aeabi_memmove8$ret</STRONG> (Thumb, 0 bytes, Stack size 8 bytes, memmove.o(.text), UNUSED)

<P><STRONG><a name="[1d2]"></a>__aeabi_memcpy</STRONG> (Thumb, 66 bytes, Stack size 8 bytes, memmove.o(.text))
<BR><BR>[Stack]<UL><LI>Max Depth = 8<LI>Call Chain = __aeabi_memcpy
</UL>
<BR>[Called By]<UL><LI><a href="#[1bb]">&gt;&gt;</a>&nbsp;&nbsp;&nbsp;GUI_QR_Create
<LI><a href="#[304]">&gt;&gt;</a>&nbsp;&nbsp;&nbsp;_ChangeCharacter
<LI><a href="#[243]">&gt;&gt;</a>&nbsp;&nbsp;&nbsp;UART_Receive_IT
<LI><a href="#[270]">&gt;&gt;</a>&nbsp;&nbsp;&nbsp;RS485_Service
<LI><a href="#[1d9]">&gt;&gt;</a>&nbsp;&nbsp;&nbsp;OW_Service
<LI><a href="#[1d6]">&gt;&gt;</a>&nbsp;&nbsp;&nbsp;GUI_PNG_Draw
<LI><a href="#[1ce]">&gt;&gt;</a>&nbsp;&nbsp;&nbsp;DISPService
<LI><a href="#[261]">&gt;&gt;</a>&nbsp;&nbsp;&nbsp;LCD_X_DisplayDriver
<LI><a href="#[2d2]">&gt;&gt;</a>&nbsp;&nbsp;&nbsp;png_set_text_2
<LI><a href="#[2d3]">&gt;&gt;</a>&nbsp;&nbsp;&nbsp;png_realloc_array
<LI><a href="#[20e]">&gt;&gt;</a>&nbsp;&nbsp;&nbsp;png_read_start_row
<LI><a href="#[1f4]">&gt;&gt;</a>&nbsp;&nbsp;&nbsp;png_handle_unknown
<LI><a href="#[1fe]">&gt;&gt;</a>&nbsp;&nbsp;&nbsp;png_handle_tRNS
<LI><a href="#[205]">&gt;&gt;</a>&nbsp;&nbsp;&nbsp;png_handle_sPLT
<LI><a href="#[201]">&gt;&gt;</a>&nbsp;&nbsp;&nbsp;png_handle_sCAL
<LI><a href="#[206]">&gt;&gt;</a>&nbsp;&nbsp;&nbsp;png_handle_pCAL
<LI><a href="#[204]">&gt;&gt;</a>&nbsp;&nbsp;&nbsp;png_handle_iCCP
<LI><a href="#[1f8]">&gt;&gt;</a>&nbsp;&nbsp;&nbsp;png_handle_cHRM
<LI><a href="#[1f5]">&gt;&gt;</a>&nbsp;&nbsp;&nbsp;png_handle_PLTE
<LI><a href="#[2c1]">&gt;&gt;</a>&nbsp;&nbsp;&nbsp;png_decompress_chunk
<LI><a href="#[214]">&gt;&gt;</a>&nbsp;&nbsp;&nbsp;png_combine_row
<LI><a href="#[2b8]">&gt;&gt;</a>&nbsp;&nbsp;&nbsp;png_colorspace_set_sRGB
</UL>

<P><STRONG><a name="[2bc]"></a>__aeabi_memcpy4</STRONG> (Thumb, 0 bytes, Stack size 8 bytes, memmove.o(.text))
<BR><BR>[Stack]<UL><LI>Max Depth = 8<LI>Call Chain = __aeabi_memcpy4
</UL>
<BR>[Called By]<UL><LI><a href="#[3a5]">&gt;&gt;</a>&nbsp;&nbsp;&nbsp;GUI_SaveContext_W
<LI><a href="#[3a3]">&gt;&gt;</a>&nbsp;&nbsp;&nbsp;GUI_RestoreContext
<LI><a href="#[3ef]">&gt;&gt;</a>&nbsp;&nbsp;&nbsp;SPINBOX_CreateUser
<LI><a href="#[2f3]">&gt;&gt;</a>&nbsp;&nbsp;&nbsp;CHECKBOX_CreateUser
<LI><a href="#[2e2]">&gt;&gt;</a>&nbsp;&nbsp;&nbsp;BUTTON_CreateUser
<LI><a href="#[30b]">&gt;&gt;</a>&nbsp;&nbsp;&nbsp;EDIT_CreateUser
<LI><a href="#[2bb]">&gt;&gt;</a>&nbsp;&nbsp;&nbsp;png_colorspace_sync
</UL>

<P><STRONG><a name="[2c0]"></a>__aeabi_memcpy8</STRONG> (Thumb, 0 bytes, Stack size 8 bytes, memmove.o(.text))
<BR><BR>[Stack]<UL><LI>Max Depth = 8<LI>Call Chain = __aeabi_memcpy8
</UL>
<BR>[Called By]<UL><LI><a href="#[2c7]">&gt;&gt;</a>&nbsp;&nbsp;&nbsp;png_destroy_png_struct
<LI><a href="#[1ec]">&gt;&gt;</a>&nbsp;&nbsp;&nbsp;png_create_png_struct
</UL>

<P><STRONG><a name="[49e]"></a>__aeabi_memmove</STRONG> (Thumb, 0 bytes, Stack size 8 bytes, memmove.o(.text))
<BR><BR>[Stack]<UL><LI>Max Depth = 8<LI>Call Chain = __aeabi_memmove
</UL>
<BR>[Called By]<UL><LI><a href="#[32d]">&gt;&gt;</a>&nbsp;&nbsp;&nbsp;_RemoveHoles
<LI><a href="#[49c]">&gt;&gt;</a>&nbsp;&nbsp;&nbsp;_EncodeRSChar
<LI><a href="#[301]">&gt;&gt;</a>&nbsp;&nbsp;&nbsp;_InsertChar
</UL>

<P><STRONG><a name="[3]"></a>memcpy</STRONG> (Thumb, 0 bytes, Stack size 8 bytes, memmove.o(.text))
<BR><BR>[Stack]<UL><LI>Max Depth = 8<LI>Call Chain = memcpy
</UL>
<BR>[Address Reference Count : 1]<UL><LI> gui__private.o(.data)
</UL>
<P><STRONG><a name="[4fc]"></a>memmove</STRONG> (Thumb, 0 bytes, Stack size 8 bytes, memmove.o(.text), UNUSED)

<P><STRONG><a name="[186]"></a>__aeabi_memset</STRONG> (Thumb, 14 bytes, Stack size 0 bytes, memseta.o(.text))
<BR><BR>[Called By]<UL><LI><a href="#[2]">&gt;&gt;</a>&nbsp;&nbsp;&nbsp;memset
<LI><a href="#[185]">&gt;&gt;</a>&nbsp;&nbsp;&nbsp;__aeabi_memclr
<LI><a href="#[177]">&gt;&gt;</a>&nbsp;&nbsp;&nbsp;GUI_USAGE_BM_AddHLine
</UL>

<P><STRONG><a name="[4fd]"></a>__aeabi_memset4</STRONG> (Thumb, 0 bytes, Stack size 0 bytes, memseta.o(.text), UNUSED)

<P><STRONG><a name="[4fe]"></a>__aeabi_memset8</STRONG> (Thumb, 0 bytes, Stack size 0 bytes, memseta.o(.text), UNUSED)

<P><STRONG><a name="[185]"></a>__aeabi_memclr</STRONG> (Thumb, 4 bytes, Stack size 0 bytes, memseta.o(.text))
<BR><BR>[Calls]<UL><LI><a href="#[186]">&gt;&gt;</a>&nbsp;&nbsp;&nbsp;__aeabi_memset
</UL>
<BR>[Called By]<UL><LI><a href="#[19d]">&gt;&gt;</a>&nbsp;&nbsp;&nbsp;CARD_Clear
<LI><a href="#[2d3]">&gt;&gt;</a>&nbsp;&nbsp;&nbsp;png_realloc_array
<LI><a href="#[20e]">&gt;&gt;</a>&nbsp;&nbsp;&nbsp;png_read_start_row
<LI><a href="#[212]">&gt;&gt;</a>&nbsp;&nbsp;&nbsp;png_read_finish_row
<LI><a href="#[2a8]">&gt;&gt;</a>&nbsp;&nbsp;&nbsp;png_calloc
<LI><a href="#[91]">&gt;&gt;</a>&nbsp;&nbsp;&nbsp;main
</UL>

<P><STRONG><a name="[19e]"></a>__aeabi_memclr4</STRONG> (Thumb, 0 bytes, Stack size 0 bytes, memseta.o(.text))
<BR><BR>[Called By]<UL><LI><a href="#[475]">&gt;&gt;</a>&nbsp;&nbsp;&nbsp;_DrawBitmap_RGB
<LI><a href="#[474]">&gt;&gt;</a>&nbsp;&nbsp;&nbsp;_DrawBitmap_Pal
<LI><a href="#[478]">&gt;&gt;</a>&nbsp;&nbsp;&nbsp;_DrawBitmap_16bpp
<LI><a href="#[106]">&gt;&gt;</a>&nbsp;&nbsp;&nbsp;_SetPos
<LI><a href="#[f5]">&gt;&gt;</a>&nbsp;&nbsp;&nbsp;_SetPos
<LI><a href="#[15]">&gt;&gt;</a>&nbsp;&nbsp;&nbsp;CHECKBOX__GetButtonSize
<LI><a href="#[22]">&gt;&gt;</a>&nbsp;&nbsp;&nbsp;_Create
<LI><a href="#[1e]">&gt;&gt;</a>&nbsp;&nbsp;&nbsp;_Create
<LI><a href="#[178]">&gt;&gt;</a>&nbsp;&nbsp;&nbsp;GUI_USAGE_BM_Clear
<LI><a href="#[243]">&gt;&gt;</a>&nbsp;&nbsp;&nbsp;UART_Receive_IT
<LI><a href="#[270]">&gt;&gt;</a>&nbsp;&nbsp;&nbsp;RS485_Service
<LI><a href="#[241]">&gt;&gt;</a>&nbsp;&nbsp;&nbsp;RS485_Init
<LI><a href="#[1d9]">&gt;&gt;</a>&nbsp;&nbsp;&nbsp;OW_Service
<LI><a href="#[269]">&gt;&gt;</a>&nbsp;&nbsp;&nbsp;MX_QSPI_Init
<LI><a href="#[1d6]">&gt;&gt;</a>&nbsp;&nbsp;&nbsp;GUI_PNG_Draw
<LI><a href="#[1ba]">&gt;&gt;</a>&nbsp;&nbsp;&nbsp;DISPQRCode
<LI><a href="#[19d]">&gt;&gt;</a>&nbsp;&nbsp;&nbsp;CARD_Clear
<LI><a href="#[206]">&gt;&gt;</a>&nbsp;&nbsp;&nbsp;png_handle_pCAL
<LI><a href="#[208]">&gt;&gt;</a>&nbsp;&nbsp;&nbsp;png_destroy_read_struct
<LI><a href="#[91]">&gt;&gt;</a>&nbsp;&nbsp;&nbsp;main
</UL>

<P><STRONG><a name="[2be]"></a>__aeabi_memclr8</STRONG> (Thumb, 0 bytes, Stack size 0 bytes, memseta.o(.text))
<BR><BR>[Called By]<UL><LI><a href="#[2c7]">&gt;&gt;</a>&nbsp;&nbsp;&nbsp;png_destroy_png_struct
<LI><a href="#[1ec]">&gt;&gt;</a>&nbsp;&nbsp;&nbsp;png_create_png_struct
</UL>

<P><STRONG><a name="[2]"></a>memset</STRONG> (Thumb, 18 bytes, Stack size 8 bytes, memseta.o(.text))
<BR><BR>[Stack]<UL><LI>Max Depth = 8<LI>Call Chain = memset
</UL>
<BR>[Calls]<UL><LI><a href="#[186]">&gt;&gt;</a>&nbsp;&nbsp;&nbsp;__aeabi_memset
</UL>
<BR>[Address Reference Count : 1]<UL><LI> gui__private.o(.data)
</UL>
<P><STRONG><a name="[27d]"></a>strchr</STRONG> (Thumb, 20 bytes, Stack size 0 bytes, strchr.o(.text))
<BR><BR>[Called By]<UL><LI><a href="#[270]">&gt;&gt;</a>&nbsp;&nbsp;&nbsp;RS485_Service
</UL>

<P><STRONG><a name="[1d3]"></a>strlen</STRONG> (Thumb, 14 bytes, Stack size 0 bytes, strlen.o(.text))
<BR><BR>[Called By]<UL><LI><a href="#[49f]">&gt;&gt;</a>&nbsp;&nbsp;&nbsp;_SplitStringToQRinput
<LI><a href="#[4b7]">&gt;&gt;</a>&nbsp;&nbsp;&nbsp;_IsSpaceInBuffer
<LI><a href="#[301]">&gt;&gt;</a>&nbsp;&nbsp;&nbsp;_InsertChar
<LI><a href="#[300]">&gt;&gt;</a>&nbsp;&nbsp;&nbsp;_DeleteChar
<LI><a href="#[1ce]">&gt;&gt;</a>&nbsp;&nbsp;&nbsp;DISPService
<LI><a href="#[2d2]">&gt;&gt;</a>&nbsp;&nbsp;&nbsp;png_set_text_2
<LI><a href="#[1fb]">&gt;&gt;</a>&nbsp;&nbsp;&nbsp;png_handle_tEXt
<LI><a href="#[205]">&gt;&gt;</a>&nbsp;&nbsp;&nbsp;png_handle_sPLT
<LI><a href="#[201]">&gt;&gt;</a>&nbsp;&nbsp;&nbsp;png_handle_sCAL
<LI><a href="#[206]">&gt;&gt;</a>&nbsp;&nbsp;&nbsp;png_handle_pCAL
</UL>

<P><STRONG><a name="[278]"></a>memcmp</STRONG> (Thumb, 26 bytes, Stack size 12 bytes, memcmp.o(.text))
<BR><BR>[Stack]<UL><LI>Max Depth = 12<LI>Call Chain = memcmp
</UL>
<BR>[Called By]<UL><LI><a href="#[280]">&gt;&gt;</a>&nbsp;&nbsp;&nbsp;GUI_TOUCH_StoreStateEx
<LI><a href="#[270]">&gt;&gt;</a>&nbsp;&nbsp;&nbsp;RS485_Service
<LI><a href="#[274]">&gt;&gt;</a>&nbsp;&nbsp;&nbsp;QSPI2QSPI_Copy
<LI><a href="#[275]">&gt;&gt;</a>&nbsp;&nbsp;&nbsp;QSPI2FLASH_Copy
<LI><a href="#[1ee]">&gt;&gt;</a>&nbsp;&nbsp;&nbsp;png_sig_cmp
<LI><a href="#[204]">&gt;&gt;</a>&nbsp;&nbsp;&nbsp;png_handle_iCCP
</UL>

<P><STRONG><a name="[3cb]"></a>strcpy</STRONG> (Thumb, 18 bytes, Stack size 0 bytes, strcpy.o(.text))
<BR><BR>[Called By]<UL><LI><a href="#[2f1]">&gt;&gt;</a>&nbsp;&nbsp;&nbsp;GUI__SetText
<LI><a href="#[300]">&gt;&gt;</a>&nbsp;&nbsp;&nbsp;_DeleteChar
</UL>

<P><STRONG><a name="[187]"></a>atoi</STRONG> (Thumb, 26 bytes, Stack size 16 bytes, atoi.o(.text))
<BR><BR>[Stack]<UL><LI>Max Depth = 88<LI>Call Chain = atoi &rArr; strtol &rArr; _strtoul
</UL>
<BR>[Calls]<UL><LI><a href="#[189]">&gt;&gt;</a>&nbsp;&nbsp;&nbsp;strtol
<LI><a href="#[188]">&gt;&gt;</a>&nbsp;&nbsp;&nbsp;__aeabi_errno_addr
</UL>
<BR>[Called By]<UL><LI><a href="#[270]">&gt;&gt;</a>&nbsp;&nbsp;&nbsp;RS485_Service
</UL>

<P><STRONG><a name="[18a]"></a>__aeabi_d2iz</STRONG> (Thumb, 62 bytes, Stack size 16 bytes, dfixi.o(.text))
<BR><BR>[Stack]<UL><LI>Max Depth = 16<LI>Call Chain = __aeabi_d2iz
</UL>
<BR>[Calls]<UL><LI><a href="#[18b]">&gt;&gt;</a>&nbsp;&nbsp;&nbsp;__aeabi_llsr
</UL>
<BR>[Called By]<UL><LI><a href="#[2d9]">&gt;&gt;</a>&nbsp;&nbsp;&nbsp;png_reciprocal2
<LI><a href="#[d5]">&gt;&gt;</a>&nbsp;&nbsp;&nbsp;png_reciprocal
<LI><a href="#[20e]">&gt;&gt;</a>&nbsp;&nbsp;&nbsp;png_read_start_row
<LI><a href="#[2b7]">&gt;&gt;</a>&nbsp;&nbsp;&nbsp;png_muldiv
<LI><a href="#[d8]">&gt;&gt;</a>&nbsp;&nbsp;&nbsp;png_gamma_8bit_correct
<LI><a href="#[2ce]">&gt;&gt;</a>&nbsp;&nbsp;&nbsp;png_gamma_16bit_correct
<LI><a href="#[2a7]">&gt;&gt;</a>&nbsp;&nbsp;&nbsp;png_build_16bit_table
<LI><a href="#[20c]">&gt;&gt;</a>&nbsp;&nbsp;&nbsp;convert_gamma_value
</UL>

<P><STRONG><a name="[2a2]"></a>__aeabi_f2d</STRONG> (Thumb, 38 bytes, Stack size 0 bytes, f2d.o(.text))
<BR><BR>[Called By]<UL><LI><a href="#[91]">&gt;&gt;</a>&nbsp;&nbsp;&nbsp;main
</UL>

<P><STRONG><a name="[2bf]"></a>setjmp</STRONG> (Thumb, 26 bytes, Stack size 8 bytes, setjmp.o(.text))
<BR><BR>[Stack]<UL><LI>Max Depth = 8<LI>Call Chain = setjmp
</UL>
<BR>[Called By]<UL><LI><a href="#[2c8]">&gt;&gt;</a>&nbsp;&nbsp;&nbsp;png_free_jmpbuf
<LI><a href="#[1ec]">&gt;&gt;</a>&nbsp;&nbsp;&nbsp;png_create_png_struct
</UL>

<P><STRONG><a name="[d0]"></a>longjmp</STRONG> (Thumb, 36 bytes, Stack size 0 bytes, setjmp.o(.text))
<BR>[Address Reference Count : 2]<UL><LI> lto-llvm-dbe362.o(.text.png_create_png_struct)
<LI> lto-llvm-dbe362.o(.text.png_free_jmpbuf)
</UL>
<P><STRONG><a name="[18b]"></a>__aeabi_llsr</STRONG> (Thumb, 32 bytes, Stack size 0 bytes, llushr.o(.text))
<BR><BR>[Called By]<UL><LI><a href="#[18a]">&gt;&gt;</a>&nbsp;&nbsp;&nbsp;__aeabi_d2iz
<LI><a href="#[191]">&gt;&gt;</a>&nbsp;&nbsp;&nbsp;_double_epilogue
<LI><a href="#[19a]">&gt;&gt;</a>&nbsp;&nbsp;&nbsp;_dsqrt
</UL>

<P><STRONG><a name="[4ff]"></a>_ll_ushift_r</STRONG> (Thumb, 0 bytes, Stack size 0 bytes, llushr.o(.text), UNUSED)

[...]
</UL>
<BR>[Called By]<UL><LI><a href="#[1d6]">&gt;&gt;</a>&nbsp;&nbsp;&nbsp;GUI_PNG_Draw
<LI><a href="#[2d2]">&gt;&gt;</a>&nbsp;&nbsp;&nbsp;png_set_text_2
<LI><a href="#[2d1]">&gt;&gt;</a>&nbsp;&nbsp;&nbsp;png_read_buffer
<LI><a href="#[2ad]">&gt;&gt;</a>&nbsp;&nbsp;&nbsp;png_malloc_warn
<LI><a href="#[2a9]">&gt;&gt;</a>&nbsp;&nbsp;&nbsp;png_malloc
<LI><a href="#[1f4]">&gt;&gt;</a>&nbsp;&nbsp;&nbsp;png_handle_unknown
<LI><a href="#[205]">&gt;&gt;</a>&nbsp;&nbsp;&nbsp;png_handle_sPLT
<LI><a href="#[204]">&gt;&gt;</a>&nbsp;&nbsp;&nbsp;png_handle_iCCP
<LI><a href="#[2c1]">&gt;&gt;</a>&nbsp;&nbsp;&nbsp;png_decompress_chunk
</UL>

<P><STRONG><a name="[2ad]"></a>png_malloc_warn</STRONG> (Thumb, 32 bytes, Stack size 8 bytes, lto-llvm-dbe362.o(.text.png_malloc_warn))
<BR><BR>[Stack]<UL><LI>Max Depth = 28<LI>Call Chain = png_malloc_warn &rArr; png_malloc_base &rArr; malloc
</UL>
<BR>[Calls]<UL><LI><a href="#[210]">&gt;&gt;</a>&nbsp;&nbsp;&nbsp;png_warning
<LI><a href="#[1ed]">&gt;&gt;</a>&nbsp;&nbsp;&nbsp;png_malloc_base
</UL>
<BR>[Called By]<UL><LI><a href="#[d2]">&gt;&gt;</a>&nbsp;&nbsp;&nbsp;png_zalloc
<LI><a href="#[205]">&gt;&gt;</a>&nbsp;&nbsp;&nbsp;png_handle_sPLT
<LI><a href="#[201]">&gt;&gt;</a>&nbsp;&nbsp;&nbsp;png_handle_sCAL
<LI><a href="#[206]">&gt;&gt;</a>&nbsp;&nbsp;&nbsp;png_handle_pCAL
<LI><a href="#[1f9]">&gt;&gt;</a>&nbsp;&nbsp;&nbsp;png_handle_hIST
<LI><a href="#[1ec]">&gt;&gt;</a>&nbsp;&nbsp;&nbsp;png_create_png_struct
<LI><a href="#[2ac]">&gt;&gt;</a>&nbsp;&nbsp;&nbsp;png_cache_unknown_chunk
</UL>

<P><STRONG><a name="[2b7]"></a>png_muldiv</STRONG> (Thumb, 176 bytes, Stack size 24 bytes, lto-llvm-dbe362.o(.text.png_muldiv))
<BR><BR>[Stack]<UL><LI>Max Depth = 160<LI>Call Chain = png_muldiv &rArr; floor &rArr; __hardfp_floor &rArr; __aeabi_drsub &rArr; __aeabi_dadd &rArr; _double_epilogue &rArr; _double_round
</UL>
<BR>[Calls]<UL><LI><a href="#[18a]">&gt;&gt;</a>&nbsp;&nbsp;&nbsp;__aeabi_d2iz
<LI><a href="#[197]">&gt;&gt;</a>&nbsp;&nbsp;&nbsp;__aeabi_i2d
<LI><a href="#[196]">&gt;&gt;</a>&nbsp;&nbsp;&nbsp;__aeabi_ddiv
<LI><a href="#[195]">&gt;&gt;</a>&nbsp;&nbsp;&nbsp;__aeabi_dmul
<LI><a href="#[292]">&gt;&gt;</a>&nbsp;&nbsp;&nbsp;floor
<LI><a href="#[18e]">&gt;&gt;</a>&nbsp;&nbsp;&nbsp;__aeabi_dadd
<LI><a href="#[290]">&gt;&gt;</a>&nbsp;&nbsp;&nbsp;__aeabi_dcmplt
<LI><a href="#[291]">&gt;&gt;</a>&nbsp;&nbsp;&nbsp;__aeabi_dcmpgt
</UL>
<BR>[Called By]<UL><LI><a href="#[20e]">&gt;&gt;</a>&nbsp;&nbsp;&nbsp;png_read_start_row
<LI><a href="#[1f8]">&gt;&gt;</a>&nbsp;&nbsp;&nbsp;png_handle_cHRM
<LI><a href="#[2b6]">&gt;&gt;</a>&nbsp;&nbsp;&nbsp;png_colorspace_check_gamma
</UL>

<P><STRONG><a name="[211]"></a>png_read_IDAT_data</STRONG> (Thumb, 352 bytes, Stack size 1064 bytes, lto-llvm-dbe362.o(.text.png_read_IDAT_data))
<BR><BR>[Stack]<UL><LI>Max Depth = 2376<LI>Call Chain = png_read_IDAT_data &rArr; png_crc_finish &rArr; png_chunk_warning &rArr; png_format_buffer
</UL>
<BR>[Calls]<UL><LI><a href="#[2d6]">&gt;&gt;</a>&nbsp;&nbsp;&nbsp;png_zstream_error
<LI><a href="#[1f0]">&gt;&gt;</a>&nbsp;&nbsp;&nbsp;png_read_chunk_header
<LI><a href="#[2d1]">&gt;&gt;</a>&nbsp;&nbsp;&nbsp;png_read_buffer
<LI><a href="#[228]">&gt;&gt;</a>&nbsp;&nbsp;&nbsp;png_error
<LI><a href="#[2ae]">&gt;&gt;</a>&nbsp;&nbsp;&nbsp;png_crc_read
<LI><a href="#[217]">&gt;&gt;</a>&nbsp;&nbsp;&nbsp;png_crc_finish
<LI><a href="#[229]">&gt;&gt;</a>&nbsp;&nbsp;&nbsp;png_chunk_error
<LI><a href="#[1f1]">&gt;&gt;</a>&nbsp;&nbsp;&nbsp;png_chunk_benign_error
<LI><a href="#[296]">&gt;&gt;</a>&nbsp;&nbsp;&nbsp;inflate
</UL>
<BR>[Called By]<UL><LI><a href="#[1d6]">&gt;&gt;</a>&nbsp;&nbsp;&nbsp;GUI_PNG_Draw
<LI><a href="#[215]">&gt;&gt;</a>&nbsp;&nbsp;&nbsp;png_read_finish_IDAT
</UL>

<P><STRONG><a name="[2d1]"></a>png_read_buffer</STRONG> (Thumb, 80 bytes, Stack size 16 bytes, lto-llvm-dbe362.o(.text.png_read_buffer))
<BR><BR>[Stack]<UL><LI>Max Depth = 280<LI>Call Chain = png_read_buffer &rArr; png_chunk_warning &rArr; png_format_buffer
</UL>
<BR>[Calls]<UL><LI><a href="#[1ed]">&gt;&gt;</a>&nbsp;&nbsp;&nbsp;png_malloc_base
<LI><a href="#[d3]">&gt;&gt;</a>&nbsp;&nbsp;&nbsp;png_free
<LI><a href="#[2a6]">&gt;&gt;</a>&nbsp;&nbsp;&nbsp;png_chunk_warning
<LI><a href="#[229]">&gt;&gt;</a>&nbsp;&nbsp;&nbsp;png_chunk_error
</UL>
<BR>[Called By]<UL><LI><a href="#[211]">&gt;&gt;</a>&nbsp;&nbsp;&nbsp;png_read_IDAT_data
<LI><a href="#[202]">&gt;&gt;</a>&nbsp;&nbsp;&nbsp;png_handle_zTXt
<LI><a href="#[1fb]">&gt;&gt;</a>&nbsp;&nbsp;&nbsp;png_handle_tEXt
<LI><a href="#[205]">&gt;&gt;</a>&nbsp;&nbsp;&nbsp;png_handle_sPLT
<LI><a href="#[201]">&gt;&gt;</a>&nbsp;&nbsp;&nbsp;png_handle_sCAL
<LI><a href="#[206]">&gt;&gt;</a>&nbsp;&nbsp;&nbsp;png_handle_pCAL
<LI><a href="#[1fc]">&gt;&gt;</a>&nbsp;&nbsp;&nbsp;png_handle_iTXt
<LI><a href="#[204]">&gt;&gt;</a>&nbsp;&nbsp;&nbsp;png_handle_iCCP
</UL>

<P><STRONG><a name="[1f0]"></a>png_read_chunk_header</STRONG> (Thumb, 140 bytes, Stack size 24 bytes, lto-llvm-dbe362.o(.text.png_read_chunk_header))
<BR><BR>[Stack]<UL><LI>Max Depth = 272<LI>Call Chain = png_read_chunk_header &rArr; png_chunk_error &rArr; png_format_buffer
</UL>
<BR>[Calls]<UL><LI><a href="#[1ef]">&gt;&gt;</a>&nbsp;&nbsp;&nbsp;png_read_data
<LI><a href="#[2cf]">&gt;&gt;</a>&nbsp;&nbsp;&nbsp;png_get_uint_31
<LI><a href="#[229]">&gt;&gt;</a>&nbsp;&nbsp;&nbsp;png_chunk_error
<LI><a href="#[2af]">&gt;&gt;</a>&nbsp;&nbsp;&nbsp;png_calculate_crc
<LI><a href="#[299]">&gt;&gt;</a>&nbsp;&nbsp;&nbsp;crc32
</UL>
<BR>[Called By]<UL><LI><a href="#[1d6]">&gt;&gt;</a>&nbsp;&nbsp;&nbsp;GUI_PNG_Draw
<LI><a href="#[211]">&gt;&gt;</a>&nbsp;&nbsp;&nbsp;png_read_IDAT_data
</UL>

<P><STRONG><a name="[1ef]"></a>png_read_data</STRONG> (Thumb, 44 bytes, Stack size 0 bytes, lto-llvm-dbe362.o(.text.png_read_data))
<BR><BR>[Calls]<UL><LI><a href="#[228]">&gt;&gt;</a>&nbsp;&nbsp;&nbsp;png_error
</UL>
<BR>[Called By]<UL><LI><a href="#[1d6]">&gt;&gt;</a>&nbsp;&nbsp;&nbsp;GUI_PNG_Draw
<LI><a href="#[1f0]">&gt;&gt;</a>&nbsp;&nbsp;&nbsp;png_read_chunk_header
<LI><a href="#[2ae]">&gt;&gt;</a>&nbsp;&nbsp;&nbsp;png_crc_read
<LI><a href="#[217]">&gt;&gt;</a>&nbsp;&nbsp;&nbsp;png_crc_finish
</UL>

<P><STRONG><a name="[a5]"></a>png_read_filter_row_avg</STRONG> (Thumb, 74 bytes, Stack size 20 bytes, lto-llvm-dbe362.o(.text.png_read_filter_row_avg))
<BR><BR>[Stack]<UL><LI>Max Depth = 20<LI>Call Chain = png_read_filter_row_avg
</UL>
<BR>[Address Reference Count : 1]<UL><LI> lto-llvm-dbe362.o(.text.GUI_PNG_Draw)
</UL>
<P><STRONG><a name="[a8]"></a>png_read_filter_row_paeth_1byte_pixel</STRONG> (Thumb, 84 bytes, Stack size 20 bytes, lto-llvm-dbe362.o(.text.png_read_filter_row_paeth_1byte_pixel))
<BR><BR>[Stack]<UL><LI>Max Depth = 20<LI>Call Chain = png_read_filter_row_paeth_1byte_pixel
</UL>
<BR>[Address Reference Count : 1]<UL><LI> lto-llvm-dbe362.o(.text.GUI_PNG_Draw)
</UL>
<P><STRONG><a name="[a9]"></a>png_read_filter_row_paeth_multibyte_pixel</STRONG> (Thumb, 120 bytes, Stack size 28 bytes, lto-llvm-dbe362.o(.text.png_read_filter_row_paeth_multibyte_pixel))
<BR><BR>[Stack]<UL><LI>Max Depth = 28<LI>Call Chain = png_read_filter_row_paeth_multibyte_pixel
</UL>
<BR>[Address Reference Count : 1]<UL><LI> lto-llvm-dbe362.o(.text.GUI_PNG_Draw)
</UL>
<P><STRONG><a name="[a7]"></a>png_read_filter_row_sub</STRONG> (Thumb, 36 bytes, Stack size 16 bytes, lto-llvm-dbe362.o(.text.png_read_filter_row_sub))
<BR><BR>[Stack]<UL><LI>Max Depth = 16<LI>Call Chain = png_read_filter_row_sub
</UL>
<BR>[Address Reference Count : 1]<UL><LI> lto-llvm-dbe362.o(.text.GUI_PNG_Draw)
</UL>
<P><STRONG><a name="[a6]"></a>png_read_filter_row_up</STRONG> (Thumb, 24 bytes, Stack size 8 bytes, lto-llvm-dbe362.o(.text.png_read_filter_row_up))
<BR><BR>[Stack]<UL><LI>Max Depth = 8<LI>Call Chain = png_read_filter_row_up
</UL>
<BR>[Address Reference Count : 1]<UL><LI> lto-llvm-dbe362.o(.text.GUI_PNG_Draw)
</UL>
<P><STRONG><a name="[215]"></a>png_read_finish_IDAT</STRONG> (Thumb, 96 bytes, Stack size 16 bytes, lto-llvm-dbe362.o(.text.png_read_finish_IDAT))
<BR><BR>[Stack]<UL><LI>Max Depth = 2392<LI>Call Chain = png_read_finish_IDAT &rArr; png_read_IDAT_data &rArr; png_crc_finish &rArr; png_chunk_warning &rArr; png_format_buffer
</UL>
<BR>[Calls]<UL><LI><a href="#[211]">&gt;&gt;</a>&nbsp;&nbsp;&nbsp;png_read_IDAT_data
<LI><a href="#[217]">&gt;&gt;</a>&nbsp;&nbsp;&nbsp;png_crc_finish
</UL>
<BR>[Called By]<UL><LI><a href="#[1d6]">&gt;&gt;</a>&nbsp;&nbsp;&nbsp;GUI_PNG_Draw
<LI><a href="#[212]">&gt;&gt;</a>&nbsp;&nbsp;&nbsp;png_read_finish_row
</UL>

<P><STRONG><a name="[212]"></a>png_read_finish_row</STRONG> (Thumb, 192 bytes, Stack size 24 bytes, lto-llvm-dbe362.o(.text.png_read_finish_row))
<BR><BR>[Stack]<UL><LI>Max Depth = 2416<LI>Call Chain = png_read_finish_row &rArr; png_read_finish_IDAT &rArr; png_read_IDAT_data &rArr; png_crc_finish &rArr; png_chunk_warning &rArr; png_format_buffer
</UL>
<BR>[Calls]<UL><LI><a href="#[185]">&gt;&gt;</a>&nbsp;&nbsp;&nbsp;__aeabi_memclr
<LI><a href="#[215]">&gt;&gt;</a>&nbsp;&nbsp;&nbsp;png_read_finish_IDAT
</UL>
<BR>[Called By]<UL><LI><a href="#[1d6]">&gt;&gt;</a>&nbsp;&nbsp;&nbsp;GUI_PNG_Draw
</UL>

<P><STRONG><a name="[20e]"></a>png_read_start_row</STRONG> (Thumb, 3748 bytes, Stack size 80 bytes, lto-llvm-dbe362.o(.text.png_read_start_row))
<BR><BR>[Stack]<UL><LI>Max Depth = 472<LI>Call Chain = png_read_start_row &rArr; png_build_16bit_table &rArr; __hardfp_pow &rArr; __kernel_poly &rArr; __aeabi_dmul &rArr; _double_epilogue &rArr; _double_round
</UL>
<BR>[Calls]<UL><LI><a href="#[18a]">&gt;&gt;</a>&nbsp;&nbsp;&nbsp;__aeabi_d2iz
<LI><a href="#[185]">&gt;&gt;</a>&nbsp;&nbsp;&nbsp;__aeabi_memclr
<LI><a href="#[1d2]">&gt;&gt;</a>&nbsp;&nbsp;&nbsp;__aeabi_memcpy
<LI><a href="#[197]">&gt;&gt;</a>&nbsp;&nbsp;&nbsp;__aeabi_i2d
<LI><a href="#[195]">&gt;&gt;</a>&nbsp;&nbsp;&nbsp;__aeabi_dmul
<LI><a href="#[292]">&gt;&gt;</a>&nbsp;&nbsp;&nbsp;floor
<LI><a href="#[18e]">&gt;&gt;</a>&nbsp;&nbsp;&nbsp;__aeabi_dadd
<LI><a href="#[210]">&gt;&gt;</a>&nbsp;&nbsp;&nbsp;png_warning
<LI><a href="#[2d9]">&gt;&gt;</a>&nbsp;&nbsp;&nbsp;png_reciprocal2
<LI><a href="#[d5]">&gt;&gt;</a>&nbsp;&nbsp;&nbsp;png_reciprocal
<LI><a href="#[2b7]">&gt;&gt;</a>&nbsp;&nbsp;&nbsp;png_muldiv
<LI><a href="#[2a9]">&gt;&gt;</a>&nbsp;&nbsp;&nbsp;png_malloc
<LI><a href="#[2c2]">&gt;&gt;</a>&nbsp;&nbsp;&nbsp;png_inflate_claim
<LI><a href="#[d7]">&gt;&gt;</a>&nbsp;&nbsp;&nbsp;png_gamma_correct
<LI><a href="#[2ce]">&gt;&gt;</a>&nbsp;&nbsp;&nbsp;png_gamma_16bit_correct
<LI><a href="#[d3]">&gt;&gt;</a>&nbsp;&nbsp;&nbsp;png_free
<LI><a href="#[228]">&gt;&gt;</a>&nbsp;&nbsp;&nbsp;png_error
<LI><a href="#[2c6]">&gt;&gt;</a>&nbsp;&nbsp;&nbsp;png_destroy_gamma_table
<LI><a href="#[2a8]">&gt;&gt;</a>&nbsp;&nbsp;&nbsp;png_calloc
<LI><a href="#[2ab]">&gt;&gt;</a>&nbsp;&nbsp;&nbsp;png_build_8bit_table
<LI><a href="#[2a7]">&gt;&gt;</a>&nbsp;&nbsp;&nbsp;png_build_16bit_table
<LI><a href="#[2da]">&gt;&gt;</a>&nbsp;&nbsp;&nbsp;__aeabi_dcmple
<LI><a href="#[293]">&gt;&gt;</a>&nbsp;&nbsp;&nbsp;__aeabi_dcmpge
</UL>
<BR>[Called By]<UL><LI><a href="#[1d6]">&gt;&gt;</a>&nbsp;&nbsp;&nbsp;GUI_PNG_Draw
</UL>

<P><STRONG><a name="[2d3]"></a>png_realloc_array</STRONG> (Thumb, 136 bytes, Stack size 24 bytes, lto-llvm-dbe362.o(.text.png_realloc_array))
<BR><BR>[Stack]<UL><LI>Max Depth = 32<LI>Call Chain = png_realloc_array &rArr; __aeabi_memcpy
</UL>
<BR>[Calls]<UL><LI><a href="#[185]">&gt;&gt;</a>&nbsp;&nbsp;&nbsp;__aeabi_memclr
<LI><a href="#[1d2]">&gt;&gt;</a>&nbsp;&nbsp;&nbsp;__aeabi_memcpy
<LI><a href="#[2d7]">&gt;&gt;</a>&nbsp;&nbsp;&nbsp;png_malloc_array_checked
<LI><a href="#[228]">&gt;&gt;</a>&nbsp;&nbsp;&nbsp;png_error
</UL>
<BR>[Called By]<UL><LI><a href="#[2d2]">&gt;&gt;</a>&nbsp;&nbsp;&nbsp;png_set_text_2
<LI><a href="#[1f4]">&gt;&gt;</a>&nbsp;&nbsp;&nbsp;png_handle_unknown
<LI><a href="#[205]">&gt;&gt;</a>&nbsp;&nbsp;&nbsp;png_handle_sPLT
</UL>

<P><STRONG><a name="[d5]"></a>png_reciprocal</STRONG> (Thumb, 128 bytes, Stack size 16 bytes, lto-llvm-dbe362.o(.text.png_reciprocal))
<BR><BR>[Stack]<UL><LI>Max Depth = 152<LI>Call Chain = png_reciprocal &rArr; floor &rArr; __hardfp_floor &rArr; __aeabi_drsub &rArr; __aeabi_dadd &rArr; _double_epilogue &rArr; _double_round
</UL>
<BR>[Calls]<UL><LI><a href="#[18a]">&gt;&gt;</a>&nbsp;&nbsp;&nbsp;__aeabi_d2iz
<LI><a href="#[197]">&gt;&gt;</a>&nbsp;&nbsp;&nbsp;__aeabi_i2d
<LI><a href="#[196]">&gt;&gt;</a>&nbsp;&nbsp;&nbsp;__aeabi_ddiv
<LI><a href="#[292]">&gt;&gt;</a>&nbsp;&nbsp;&nbsp;floor
<LI><a href="#[18e]">&gt;&gt;</a>&nbsp;&nbsp;&nbsp;__aeabi_dadd
<LI><a href="#[2da]">&gt;&gt;</a>&nbsp;&nbsp;&nbsp;__aeabi_dcmple
<LI><a href="#[293]">&gt;&gt;</a>&nbsp;&nbsp;&nbsp;__aeabi_dcmpge
</UL>
<BR>[Called By]<UL><LI><a href="#[20e]">&gt;&gt;</a>&nbsp;&nbsp;&nbsp;png_read_start_row
</UL>
<BR>[Address Reference Count : 1]<UL><LI> lto-llvm-dbe362.o(.text.png_handle_cHRM)
</UL>
<P><STRONG><a name="[2d9]"></a>png_reciprocal2</STRONG> (Thumb, 152 bytes, Stack size 16 bytes, lto-llvm-dbe362.o(.text.png_reciprocal2))
<BR><BR>[Stack]<UL><LI>Max Depth = 152<LI>Call Chain = png_reciprocal2 &rArr; floor &rArr; __hardfp_floor &rArr; __aeabi_drsub &rArr; __aeabi_dadd &rArr; _double_epilogue &rArr; _double_round
</UL>
<BR>[Calls]<UL><LI><a href="#[18a]">&gt;&gt;</a>&nbsp;&nbsp;&nbsp;__aeabi_d2iz
<LI><a href="#[197]">&gt;&gt;</a>&nbsp;&nbsp;&nbsp;__aeabi_i2d
<LI><a href="#[196]">&gt;&gt;</a>&nbsp;&nbsp;&nbsp;__aeabi_ddiv
<LI><a href="#[292]">&gt;&gt;</a>&nbsp;&nbsp;&nbsp;floor
<LI><a href="#[18e]">&gt;&gt;</a>&nbsp;&nbsp;&nbsp;__aeabi_dadd
<LI><a href="#[2da]">&gt;&gt;</a>&nbsp;&nbsp;&nbsp;__aeabi_dcmple
<LI><a href="#[293]">&gt;&gt;</a>&nbsp;&nbsp;&nbsp;__aeabi_dcmpge
</UL>
<BR>[Called By]<UL><LI><a href="#[20e]">&gt;&gt;</a>&nbsp;&nbsp;&nbsp;png_read_start_row
</UL>

<P><STRONG><a name="[20a]"></a>png_rtran_ok</STRONG> (Thumb, 96 bytes, Stack size 8 bytes, lto-llvm-dbe362.o(.text.png_rtran_ok))
<BR><BR>[Stack]<UL><LI>Max Depth = 8<LI>Call Chain = png_rtran_ok
</UL>
<BR>[Calls]<UL><LI><a href="#[20f]">&gt;&gt;</a>&nbsp;&nbsp;&nbsp;png_app_error
</UL>
<BR>[Called By]<UL><LI><a href="#[1d6]">&gt;&gt;</a>&nbsp;&nbsp;&nbsp;GUI_PNG_Draw
<LI><a href="#[20b]">&gt;&gt;</a>&nbsp;&nbsp;&nbsp;png_set_expand
</UL>

<P><STRONG><a name="[d6]"></a>png_safecat</STRONG> (Thumb, 36 bytes, Stack size 8 bytes, lto-llvm-dbe362.o(.text.png_safecat))
<BR><BR>[Stack]<UL><LI>Max Depth = 8<LI>Call Chain = png_safecat
</UL>
<BR>[Called By]<UL><LI><a href="#[2c2]">&gt;&gt;</a>&nbsp;&nbsp;&nbsp;png_inflate_claim
<LI><a href="#[2ba]">&gt;&gt;</a>&nbsp;&nbsp;&nbsp;png_icc_profile_error
</UL>
<BR>[Address Reference Count : 1]<UL><LI> lto-llvm-dbe362.o(.text.png_icc_profile_error)
</UL>
<P><STRONG><a name="[20b]"></a>png_set_expand</STRONG> (Thumb, 28 bytes, Stack size 8 bytes, lto-llvm-dbe362.o(.text.png_set_expand))
<BR><BR>[Stack]<UL><LI>Max Depth = 16<LI>Call Chain = png_set_expand &rArr; png_rtran_ok
</UL>
<BR>[Calls]<UL><LI><a href="#[20a]">&gt;&gt;</a>&nbsp;&nbsp;&nbsp;png_rtran_ok
</UL>
<BR>[Called By]<UL><LI><a href="#[1d6]">&gt;&gt;</a>&nbsp;&nbsp;&nbsp;GUI_PNG_Draw
</UL>

<P><STRONG><a name="[2d2]"></a>png_set_text_2</STRONG> (Thumb, 528 bytes, Stack size 48 bytes, lto-llvm-dbe362.o(.text.png_set_text_2))
<BR><BR>[Stack]<UL><LI>Max Depth = 312<LI>Call Chain = png_set_text_2 &rArr; png_chunk_warning &rArr; png_format_buffer
</UL>
<BR>[Calls]<UL><LI><a href="#[1d3]">&gt;&gt;</a>&nbsp;&nbsp;&nbsp;strlen
<LI><a href="#[1d2]">&gt;&gt;</a>&nbsp;&nbsp;&nbsp;__aeabi_memcpy
<LI><a href="#[2d3]">&gt;&gt;</a>&nbsp;&nbsp;&nbsp;png_realloc_array
<LI><a href="#[1ed]">&gt;&gt;</a>&nbsp;&nbsp;&nbsp;png_malloc_base
<LI><a href="#[d3]">&gt;&gt;</a>&nbsp;&nbsp;&nbsp;png_free
<LI><a href="#[2a6]">&gt;&gt;</a>&nbsp;&nbsp;&nbsp;png_chunk_warning
</UL>
<BR>[Called By]<UL><LI><a href="#[202]">&gt;&gt;</a>&nbsp;&nbsp;&nbsp;png_handle_zTXt
<LI><a href="#[1fb]">&gt;&gt;</a>&nbsp;&nbsp;&nbsp;png_handle_tEXt
<LI><a href="#[1fc]">&gt;&gt;</a>&nbsp;&nbsp;&nbsp;png_handle_iTXt
</UL>

<P><STRONG><a name="[1ee]"></a>png_sig_cmp</STRONG> (Thumb, 48 bytes, Stack size 0 bytes, lto-llvm-dbe362.o(.text.png_sig_cmp))
<BR><BR>[Stack]<UL><LI>Max Depth = 12<LI>Call Chain = png_sig_cmp &rArr; memcmp
</UL>
<BR>[Calls]<UL><LI><a href="#[278]">&gt;&gt;</a>&nbsp;&nbsp;&nbsp;memcmp
</UL>
<BR>[Called By]<UL><LI><a href="#[1d6]">&gt;&gt;</a>&nbsp;&nbsp;&nbsp;GUI_PNG_Draw
</UL>

<P><STRONG><a name="[210]"></a>png_warning</STRONG> (Thumb, 42 bytes, Stack size 0 bytes, lto-llvm-dbe362.o(.text.png_warning))
<BR><BR>[Called By]<UL><LI><a href="#[1d6]">&gt;&gt;</a>&nbsp;&nbsp;&nbsp;GUI_PNG_Draw
<LI><a href="#[d2]">&gt;&gt;</a>&nbsp;&nbsp;&nbsp;png_zalloc
<LI><a href="#[20e]">&gt;&gt;</a>&nbsp;&nbsp;&nbsp;png_read_start_row
<LI><a href="#[2ad]">&gt;&gt;</a>&nbsp;&nbsp;&nbsp;png_malloc_warn
<LI><a href="#[1fe]">&gt;&gt;</a>&nbsp;&nbsp;&nbsp;png_handle_tRNS
<LI><a href="#[200]">&gt;&gt;</a>&nbsp;&nbsp;&nbsp;png_handle_tIME
<LI><a href="#[1fb]">&gt;&gt;</a>&nbsp;&nbsp;&nbsp;png_handle_tEXt
<LI><a href="#[205]">&gt;&gt;</a>&nbsp;&nbsp;&nbsp;png_handle_sPLT
<LI><a href="#[201]">&gt;&gt;</a>&nbsp;&nbsp;&nbsp;png_handle_sCAL
<LI><a href="#[206]">&gt;&gt;</a>&nbsp;&nbsp;&nbsp;png_handle_pCAL
<LI><a href="#[1f9]">&gt;&gt;</a>&nbsp;&nbsp;&nbsp;png_handle_hIST
<LI><a href="#[1f5]">&gt;&gt;</a>&nbsp;&nbsp;&nbsp;png_handle_PLTE
<LI><a href="#[213]">&gt;&gt;</a>&nbsp;&nbsp;&nbsp;png_do_read_transformations
<LI><a href="#[2a6]">&gt;&gt;</a>&nbsp;&nbsp;&nbsp;png_chunk_warning
<LI><a href="#[2b0]">&gt;&gt;</a>&nbsp;&nbsp;&nbsp;png_check_IHDR
<LI><a href="#[216]">&gt;&gt;</a>&nbsp;&nbsp;&nbsp;png_benign_error
<LI><a href="#[2a5]">&gt;&gt;</a>&nbsp;&nbsp;&nbsp;png_app_warning
<LI><a href="#[20f]">&gt;&gt;</a>&nbsp;&nbsp;&nbsp;png_app_error
</UL>

<P><STRONG><a name="[d2]"></a>png_zalloc</STRONG> (Thumb, 72 bytes, Stack size 8 bytes, lto-llvm-dbe362.o(.text.png_zalloc))
<BR><BR>[Stack]<UL><LI>Max Depth = 36<LI>Call Chain = png_zalloc &rArr; png_malloc_warn &rArr; png_malloc_base &rArr; malloc
</UL>
<BR>[Calls]<UL><LI><a href="#[210]">&gt;&gt;</a>&nbsp;&nbsp;&nbsp;png_warning
<LI><a href="#[2ad]">&gt;&gt;</a>&nbsp;&nbsp;&nbsp;png_malloc_warn
</UL>
<BR>[Address Reference Count : 1]<UL><LI> lto-llvm-dbe362.o(.text.png_create_png_struct)
</UL>
<P><STRONG><a name="[d1]"></a>png_zfree</STRONG> (Thumb, 4 bytes, Stack size 0 bytes, lto-llvm-dbe362.o(.text.png_zfree))
<BR><BR>[Stack]<UL><LI>Max Depth = 8<LI>Call Chain = png_zfree &rArr; png_free &rArr; free
</UL>
<BR>[Calls]<UL><LI><a href="#[d3]">&gt;&gt;</a>&nbsp;&nbsp;&nbsp;png_free
</UL>
<BR>[Address Reference Count : 1]<UL><LI> lto-llvm-dbe362.o(.text.png_create_png_struct)
</UL>
<P><STRONG><a name="[2d6]"></a>png_zstream_error</STRONG> (Thumb, 76 bytes, Stack size 0 bytes, lto-llvm-dbe362.o(.text.png_zstream_error))
<BR><BR>[Called By]<UL><LI><a href="#[211]">&gt;&gt;</a>&nbsp;&nbsp;&nbsp;png_read_IDAT_data
<LI><a href="#[2d0]">&gt;&gt;</a>&nbsp;&nbsp;&nbsp;png_inflate_read
<LI><a href="#[2c2]">&gt;&gt;</a>&nbsp;&nbsp;&nbsp;png_inflate_claim
<LI><a href="#[2c3]">&gt;&gt;</a>&nbsp;&nbsp;&nbsp;png_inflate
</UL>

<P><STRONG><a name="[1b1]"></a>rtc2unix</STRONG> (Thumb, 304 bytes, Stack size 24 bytes, lto-llvm-dbe362.o(.text.rtc2unix))
<BR><BR>[Stack]<UL><LI>Max Depth = 24<LI>Call Chain = rtc2unix
</UL>
<BR>[Called By]<UL><LI><a href="#[270]">&gt;&gt;</a>&nbsp;&nbsp;&nbsp;RS485_Service
<LI><a href="#[1ce]">&gt;&gt;</a>&nbsp;&nbsp;&nbsp;DISPService
<LI><a href="#[1ae]">&gt;&gt;</a>&nbsp;&nbsp;&nbsp;DISPDateTime
<LI><a href="#[91]">&gt;&gt;</a>&nbsp;&nbsp;&nbsp;main
</UL>

<P><STRONG><a name="[20d]"></a>translate_gamma_flags</STRONG> (Thumb, 80 bytes, Stack size 0 bytes, lto-llvm-dbe362.o(.text.translate_gamma_flags))
<BR><BR>[Called By]<UL><LI><a href="#[1d6]">&gt;&gt;</a>&nbsp;&nbsp;&nbsp;GUI_PNG_Draw
</UL>

<P><STRONG><a name="[298]"></a>zmemcpy</STRONG> (Thumb, 16 bytes, Stack size 0 bytes, lto-llvm-dbe362.o(.text.zmemcpy))
<BR><BR>[Called By]<UL><LI><a href="#[296]">&gt;&gt;</a>&nbsp;&nbsp;&nbsp;inflate
</UL>
<P>
<H3>
Undefined Global Symbols
</H3><HR></body></html>
